iot_collect_data	0
iot_collect_detail	0
iot_collect_task	1
iot_device	8
iot_device_group	4
iot_event_source	1
iot_gateway	5
iot_model_api	5
iot_model_api_config	16
iot_model_attr	6
iot_model_attr_dict	4
iot_point_group	1
iot_product	0
iot_product_type	0
iot_protocol	5
iot_protocol_api	0
iot_protocol_api_config	0
iot_protocol_attr	0
iot_serial	1
iot_signal	2
oauth2_app	0
oauth2_client_user	0
qrtz_job_task	0
sys_access_log	447
sys_admin	2
sys_captcha	0
sys_config	3
sys_dict_data	22
sys_dict_type	6
sys_menu	0
sys_message_source	2
sys_message_template	0
sys_notify	0
sys_online_user	939
sys_org	4
sys_post	3
sys_region	2458
sys_role	3
vip_user	0
iot_collect_data	field
iot_collect_data	address
iot_collect_data	value
iot_collect_data	reason
iot_collect_data_bak_charsetfix_full_20260603	field
iot_collect_data_bak_charsetfix_full_20260603	address
iot_collect_data_bak_charsetfix_full_20260603	value
iot_collect_data_bak_charsetfix_full_20260603	reason
iot_collect_detail	store_action
iot_collect_detail_bak_charsetfix_full_20260603	store_action
iot_collect_task	name
iot_collect_task	cron
iot_collect_task	status
iot_collect_task	remark
iot_collect_task	reason
iot_collect_task_bak_charsetfix_full_20260603	name
iot_collect_task_bak_charsetfix_full_20260603	cron
iot_collect_task_bak_charsetfix_full_20260603	status
iot_collect_task_bak_charsetfix_full_20260603	remark
iot_collect_task_bak_charsetfix_full_20260603	reason
iot_device	name
iot_device	lon
iot_device	lat
iot_device	ip
iot_device	address
iot_device	extend
iot_device	account
iot_device	password
iot_device	device_sn
iot_device_bak_charsetfix_full_20260603	name
iot_device_bak_charsetfix_full_20260603	lon
iot_device_bak_charsetfix_full_20260603	lat
iot_device_bak_charsetfix_full_20260603	ip
iot_device_bak_charsetfix_full_20260603	address
iot_device_bak_charsetfix_full_20260603	extend
iot_device_bak_charsetfix_full_20260603	account
iot_device_bak_charsetfix_full_20260603	password
iot_device_bak_charsetfix_full_20260603	device_sn
iot_device_group	lat
iot_device_group	lon
iot_device_group	name
iot_device_group	path
iot_device_group	remark
iot_device_group	address
iot_device_group_bak_charsetfix_full_20260603	lat
iot_device_group_bak_charsetfix_full_20260603	lon
iot_device_group_bak_charsetfix_full_20260603	name
iot_device_group_bak_charsetfix_full_20260603	path
iot_device_group_bak_charsetfix_full_20260603	remark
iot_device_group_bak_charsetfix_full_20260603	address
iot_event_source	cron
iot_event_source	name
iot_event_source	reason
iot_event_source_bak_charsetfix_full_20260603	cron
iot_event_source_bak_charsetfix_full_20260603	name
iot_event_source_bak_charsetfix_full_20260603	reason
iot_gateway	name
iot_gateway	host
iot_gateway	username
iot_gateway	password
iot_gateway	protocol_type
iot_gateway	remark
iot_gateway	reason
iot_gateway_bak_charsetfix_full_20260603	name
iot_gateway_bak_charsetfix_full_20260603	host
iot_gateway_bak_charsetfix_full_20260603	username
iot_gateway_bak_charsetfix_full_20260603	password
iot_gateway_bak_charsetfix_full_20260603	protocol_type
iot_gateway_bak_charsetfix_full_20260603	remark
iot_gateway_bak_charsetfix_full_20260603	reason
iot_model_api	code
iot_model_api	direct
iot_model_api	name
iot_model_api	remark
iot_model_api	func_type
iot_model_api_bak_charsetfix_full_20260603	code
iot_model_api_bak_charsetfix_full_20260603	direct
iot_model_api_bak_charsetfix_full_20260603	name
iot_model_api_bak_charsetfix_full_20260603	remark
iot_model_api_bak_charsetfix_full_20260603	func_type
iot_model_api_config	api_code
iot_model_api_config	attr_field
iot_model_api_config	data_type
iot_model_api_config	attr_name
iot_model_api_config	field_type
iot_model_api_config	value
iot_model_api_config	remark
iot_model_api_config	protocol_data_type
iot_model_api_config	protocol_attr_field
iot_model_api_config	protocol_attr_name
iot_model_api_config_bak_charsetfix_full_20260603	api_code
iot_model_api_config_bak_charsetfix_full_20260603	attr_field
iot_model_api_config_bak_charsetfix_full_20260603	data_type
iot_model_api_config_bak_charsetfix_full_20260603	attr_name
iot_model_api_config_bak_charsetfix_full_20260603	field_type
iot_model_api_config_bak_charsetfix_full_20260603	value
iot_model_api_config_bak_charsetfix_full_20260603	remark
iot_model_api_config_bak_charsetfix_full_20260603	protocol_data_type
iot_model_api_config_bak_charsetfix_full_20260603	protocol_attr_field
iot_model_api_config_bak_charsetfix_full_20260603	protocol_attr_name
iot_model_attr	field
iot_model_attr	name
iot_model_attr	data_type
iot_model_attr	unit
iot_model_attr	remark
iot_model_attr	attr_type
iot_model_attr	real_type
iot_model_attr	default_value
iot_model_attr	resolver
iot_model_attr	script
iot_model_attr_bak_charsetfix_full_20260603	field
iot_model_attr_bak_charsetfix_full_20260603	name
iot_model_attr_bak_charsetfix_full_20260603	data_type
iot_model_attr_bak_charsetfix_full_20260603	unit
iot_model_attr_bak_charsetfix_full_20260603	remark
iot_model_attr_bak_charsetfix_full_20260603	attr_type
iot_model_attr_bak_charsetfix_full_20260603	real_type
iot_model_attr_bak_charsetfix_full_20260603	default_value
iot_model_attr_bak_charsetfix_full_20260603	resolver
iot_model_attr_bak_charsetfix_full_20260603	script
iot_model_attr_dict	path
iot_model_attr_dict	dict_name
iot_model_attr_dict	dict_value
iot_model_attr_dict_bak_charsetfix_full_20260603	path
iot_model_attr_dict_bak_charsetfix_full_20260603	dict_name
iot_model_attr_dict_bak_charsetfix_full_20260603	dict_value
iot_point_group	name
iot_point_group_bak_charsetfix_full_20260603	name
iot_product	logo
iot_product	code
iot_product	name
iot_product	remark
iot_product	protocol_code
iot_product_bak_charsetfix_20260603	logo
iot_product_bak_charsetfix_20260603	code
iot_product_bak_charsetfix_20260603	name
iot_product_bak_charsetfix_20260603	remark
iot_product_bak_charsetfix_20260603	protocol_code
iot_product_bak_charsetfix_full_20260603	logo
iot_product_bak_charsetfix_full_20260603	code
iot_product_bak_charsetfix_full_20260603	name
iot_product_bak_charsetfix_full_20260603	remark
iot_product_bak_charsetfix_full_20260603	protocol_code
iot_product_type	path
iot_product_type	name
iot_product_type	alias
iot_product_type	image
iot_product_type	remark
iot_product_type_bak_charsetfix_20260603	path
iot_product_type_bak_charsetfix_20260603	name
iot_product_type_bak_charsetfix_20260603	alias
iot_product_type_bak_charsetfix_20260603	image
iot_product_type_bak_charsetfix_20260603	remark
iot_product_type_bak_charsetfix_full_20260603	path
iot_product_type_bak_charsetfix_full_20260603	name
iot_product_type_bak_charsetfix_full_20260603	alias
iot_product_type_bak_charsetfix_full_20260603	image
iot_product_type_bak_charsetfix_full_20260603	remark
iot_protocol	name
iot_protocol	code
iot_protocol	type
iot_protocol	impl_class
iot_protocol	impl_mode
iot_protocol	jar_path
iot_protocol	remark
iot_protocol	version
iot_protocol	ctrl_mode
iot_protocol	check_type
iot_protocol	decoder_type
iot_protocol_api	code
iot_protocol_api	protocol_code
iot_protocol_api	name
iot_protocol_api	remark
iot_protocol_api	func_type
iot_protocol_api_bak_charsetfix_full_20260603	code
iot_protocol_api_bak_charsetfix_full_20260603	protocol_code
iot_protocol_api_bak_charsetfix_full_20260603	name
iot_protocol_api_bak_charsetfix_full_20260603	remark
iot_protocol_api_bak_charsetfix_full_20260603	func_type
iot_protocol_api_config	field_type
iot_protocol_api_config	protocol_api_code
iot_protocol_api_config	protocol_attr_field
iot_protocol_api_config	remark
iot_protocol_api_config	position
iot_protocol_api_config	direction
iot_protocol_api_config_bak_charsetfix_full_20260603	field_type
iot_protocol_api_config_bak_charsetfix_full_20260603	protocol_api_code
iot_protocol_api_config_bak_charsetfix_full_20260603	protocol_attr_field
iot_protocol_api_config_bak_charsetfix_full_20260603	remark
iot_protocol_api_config_bak_charsetfix_full_20260603	position
iot_protocol_api_config_bak_charsetfix_full_20260603	direction
iot_protocol_attr	protocol_code
iot_protocol_attr	field
iot_protocol_attr	name
iot_protocol_attr	data_type
iot_protocol_attr	remark
iot_protocol_attr	attr_type
iot_protocol_attr_bak_charsetfix_full_20260603	protocol_code
iot_protocol_attr_bak_charsetfix_full_20260603	field
iot_protocol_attr_bak_charsetfix_full_20260603	name
iot_protocol_attr_bak_charsetfix_full_20260603	data_type
iot_protocol_attr_bak_charsetfix_full_20260603	remark
iot_protocol_attr_bak_charsetfix_full_20260603	attr_type
iot_protocol_bak_charsetfix_full_20260603	name
iot_protocol_bak_charsetfix_full_20260603	code
iot_protocol_bak_charsetfix_full_20260603	type
iot_protocol_bak_charsetfix_full_20260603	impl_class
iot_protocol_bak_charsetfix_full_20260603	impl_mode
iot_protocol_bak_charsetfix_full_20260603	jar_path
iot_protocol_bak_charsetfix_full_20260603	remark
iot_protocol_bak_charsetfix_full_20260603	version
iot_protocol_bak_charsetfix_full_20260603	ctrl_mode
iot_protocol_bak_charsetfix_full_20260603	check_type
iot_protocol_bak_charsetfix_full_20260603	decoder_type
iot_serial	name
iot_serial	com
iot_serial	status
iot_serial_bak_charsetfix_full_20260603	name
iot_serial_bak_charsetfix_full_20260603	com
iot_serial_bak_charsetfix_full_20260603	status
iot_signal	name
iot_signal	address
iot_signal	message
iot_signal	encode
iot_signal	field_name
iot_signal	direct
iot_signal_bak_charsetfix_full_20260603	name
iot_signal_bak_charsetfix_full_20260603	address
iot_signal_bak_charsetfix_full_20260603	message
iot_signal_bak_charsetfix_full_20260603	encode
iot_signal_bak_charsetfix_full_20260603	field_name
iot_signal_bak_charsetfix_full_20260603	direct
oauth2_app	client_id
oauth2_app	client_secret
oauth2_app	contract_scope
oauth2_app	allow_url
oauth2_app	client_name
oauth2_app_bak_charsetfix_full_20260603	client_id
oauth2_app_bak_charsetfix_full_20260603	client_secret
oauth2_app_bak_charsetfix_full_20260603	contract_scope
oauth2_app_bak_charsetfix_full_20260603	allow_url
oauth2_app_bak_charsetfix_full_20260603	client_name
oauth2_client_user	type
oauth2_client_user	user_type
oauth2_client_user	openid
oauth2_client_user	nickname
oauth2_client_user	avatar_url
oauth2_client_user_bak_charsetfix_full_20260603	type
oauth2_client_user_bak_charsetfix_full_20260603	user_type
oauth2_client_user_bak_charsetfix_full_20260603	openid
oauth2_client_user_bak_charsetfix_full_20260603	nickname
oauth2_client_user_bak_charsetfix_full_20260603	avatar_url
oauth2_user	login_id
oauth2_user	client_id
oauth2_user	openid
qrtz_job_task	name
qrtz_job_task	cron
qrtz_job_task	status
qrtz_job_task	remark
qrtz_job_task	params
qrtz_job_task	method
qrtz_job_task	job_name
qrtz_job_task_bak_charsetfix_full_20260603	name
qrtz_job_task_bak_charsetfix_full_20260603	cron
qrtz_job_task_bak_charsetfix_full_20260603	status
qrtz_job_task_bak_charsetfix_full_20260603	remark
qrtz_job_task_bak_charsetfix_full_20260603	params
qrtz_job_task_bak_charsetfix_full_20260603	method
qrtz_job_task_bak_charsetfix_full_20260603	job_name
sys_access_log	url
sys_access_log	ip
sys_access_log	msn
sys_access_log	title
sys_access_log	type
sys_access_log	params
sys_access_log	method
sys_access_log	user_name
sys_access_log	err_msg
sys_access_log_bak_charsetfix_full_20260603	url
sys_access_log_bak_charsetfix_full_20260603	ip
sys_access_log_bak_charsetfix_full_20260603	msn
sys_access_log_bak_charsetfix_full_20260603	title
sys_access_log_bak_charsetfix_full_20260603	type
sys_access_log_bak_charsetfix_full_20260603	params
sys_access_log_bak_charsetfix_full_20260603	method
sys_access_log_bak_charsetfix_full_20260603	user_name
sys_access_log_bak_charsetfix_full_20260603	err_msg
sys_admin	account
sys_admin	name
sys_admin	email
sys_admin	phone
sys_admin	avatar
sys_admin	password
sys_admin	login_ip
sys_admin	remark
sys_admin	create_by
sys_admin	update_by
sys_admin_bak_charsetfix_full_20260603	account
sys_admin_bak_charsetfix_full_20260603	name
sys_admin_bak_charsetfix_full_20260603	email
sys_admin_bak_charsetfix_full_20260603	phone
sys_admin_bak_charsetfix_full_20260603	avatar
sys_admin_bak_charsetfix_full_20260603	password
sys_admin_bak_charsetfix_full_20260603	login_ip
sys_admin_bak_charsetfix_full_20260603	remark
sys_admin_bak_charsetfix_full_20260603	create_by
sys_admin_bak_charsetfix_full_20260603	update_by
sys_captcha	code
sys_captcha	captcha
sys_captcha_bak_charsetfix_full_20260603	code
sys_captcha_bak_charsetfix_full_20260603	captcha
sys_config	name
sys_config	label
sys_config	value
sys_config	remark
sys_config_bak_charsetfix_full_20260603	name
sys_config_bak_charsetfix_full_20260603	label
sys_config_bak_charsetfix_full_20260603	value
sys_config_bak_charsetfix_full_20260603	remark
sys_dict_data	label
sys_dict_data	value
sys_dict_data	type
sys_dict_data	remark
sys_dict_data	create_by
sys_dict_data	update_by
sys_dict_data_bak_charsetfix_full_20260603	label
sys_dict_data_bak_charsetfix_full_20260603	value
sys_dict_data_bak_charsetfix_full_20260603	type
sys_dict_data_bak_charsetfix_full_20260603	remark
sys_dict_data_bak_charsetfix_full_20260603	create_by
sys_dict_data_bak_charsetfix_full_20260603	update_by
sys_dict_type	type
sys_dict_type	name
sys_dict_type	remark
sys_dict_type	create_by
sys_dict_type	update_by
sys_dict_type_bak_charsetfix_full_20260603	type
sys_dict_type_bak_charsetfix_full_20260603	name
sys_dict_type_bak_charsetfix_full_20260603	remark
sys_dict_type_bak_charsetfix_full_20260603	create_by
sys_dict_type_bak_charsetfix_full_20260603	update_by
sys_menu	name
sys_menu	url
sys_menu	msn
sys_menu	perms
sys_menu	icon
sys_menu	remark
sys_menu	target
sys_menu_bak_charsetfix_20260603	name
sys_menu_bak_charsetfix_20260603	url
sys_menu_bak_charsetfix_20260603	msn
sys_menu_bak_charsetfix_20260603	perms
sys_menu_bak_charsetfix_20260603	icon
sys_menu_bak_charsetfix_20260603	remark
sys_menu_bak_charsetfix_20260603	target
sys_menu_bak_charsetfix_full_20260603	name
sys_menu_bak_charsetfix_full_20260603	url
sys_menu_bak_charsetfix_full_20260603	msn
sys_menu_bak_charsetfix_full_20260603	perms
sys_menu_bak_charsetfix_full_20260603	icon
sys_menu_bak_charsetfix_full_20260603	remark
sys_menu_bak_charsetfix_full_20260603	target
sys_message_source	type
sys_message_source	name
sys_message_source	channel
sys_message_source_bak_charsetfix_full_20260603	type
sys_message_source_bak_charsetfix_full_20260603	name
sys_message_source_bak_charsetfix_full_20260603	channel
sys_message_template	type
sys_message_template	template_id
sys_message_template	template_name
sys_message_template	template_title
sys_message_template	content
sys_message_template	remark
sys_message_template_bak_charsetfix_full_20260603	type
sys_message_template_bak_charsetfix_full_20260603	template_id
sys_message_template_bak_charsetfix_full_20260603	template_name
sys_message_template_bak_charsetfix_full_20260603	template_title
sys_message_template_bak_charsetfix_full_20260603	content
sys_message_template_bak_charsetfix_full_20260603	remark
sys_notify	title
sys_notify	content
sys_notify	type
sys_notify_bak_charsetfix_full_20260603	title
sys_notify_bak_charsetfix_full_20260603	content
sys_notify_bak_charsetfix_full_20260603	type
sys_online_user	session_id
sys_online_user	account
sys_online_user	user_nick
sys_online_user	access_ip
sys_online_user	browse
sys_online_user	os
sys_online_user	location
sys_online_user_bak_charsetfix_full_20260603	session_id
sys_online_user_bak_charsetfix_full_20260603	account
sys_online_user_bak_charsetfix_full_20260603	user_nick
sys_online_user_bak_charsetfix_full_20260603	access_ip
sys_online_user_bak_charsetfix_full_20260603	browse
sys_online_user_bak_charsetfix_full_20260603	os
sys_online_user_bak_charsetfix_full_20260603	location
sys_org	name
sys_org	leader
sys_org	phone
sys_org	path
sys_org	create_by
sys_org	update_by
sys_org_bak_charsetfix_full_20260603	name
sys_org_bak_charsetfix_full_20260603	leader
sys_org_bak_charsetfix_full_20260603	phone
sys_org_bak_charsetfix_full_20260603	path
sys_org_bak_charsetfix_full_20260603	create_by
sys_org_bak_charsetfix_full_20260603	update_by
sys_post	name
sys_post	remark
sys_post_bak_charsetfix_full_20260603	name
sys_post_bak_charsetfix_full_20260603	remark
sys_region	code
sys_region	name
sys_region	first_letter
sys_region_bak_charsetfix_full_20260603	code
sys_region_bak_charsetfix_full_20260603	name
sys_region_bak_charsetfix_full_20260603	first_letter
sys_role	name
sys_role	scope
sys_role	remark
sys_role	create_by
sys_role	update_by
sys_role_bak_charsetfix_full_20260603	name
sys_role_bak_charsetfix_full_20260603	scope
sys_role_bak_charsetfix_full_20260603	remark
sys_role_bak_charsetfix_full_20260603	create_by
sys_role_bak_charsetfix_full_20260603	update_by
vip_user	email
vip_user	phone
vip_user	identity
vip_user	account
vip_user	password
vip_user	nick_name
vip_user	real_name
vip_user	wechat_id
vip_user_bak_charsetfix_full_20260603	email
vip_user_bak_charsetfix_full_20260603	phone
vip_user_bak_charsetfix_full_20260603	identity
vip_user_bak_charsetfix_full_20260603	account
vip_user_bak_charsetfix_full_20260603	password
vip_user_bak_charsetfix_full_20260603	nick_name
vip_user_bak_charsetfix_full_20260603	real_name
vip_user_bak_charsetfix_full_20260603	wechat_id
