Component: ARM Compiler 5.06 update 7 (build 960) Tool: armlink [4d3601]

==============================================================================

Section Cross References

    main.o(i.Draw_Bar_Frame) refers to tftlcd.o(i.LCD_Fill) for LCD_Fill
    main.o(i.Draw_Bar_Frame) refers to tftlcd.o(i.LCD_DrawRectangle) for LCD_DrawRectangle
    main.o(i.Draw_Bar_Frame) refers to tftlcd.o(.data) for FRONT_COLOR
    main.o(i.Draw_H_Progress) refers to tftlcd.o(i.LCD_Fill) for LCD_Fill
    main.o(i.Draw_H_Progress) refers to main.o(.data) for g_hbar_rect
    main.o(i.Draw_H_Scale) refers to tftlcd.o(i.LCD_DrawLine_Color) for LCD_DrawLine_Color
    main.o(i.Draw_H_Scale) refers to main.o(.data) for g_hbar_rect
    main.o(i.Draw_Static_UI) refers to tftlcd.o(i.LCD_Clear) for LCD_Clear
    main.o(i.Draw_Static_UI) refers to tftlcd.o(i.LCD_Fill) for LCD_Fill
    main.o(i.Draw_Static_UI) refers to main.o(i.Show_Text_Center) for Show_Text_Center
    main.o(i.Draw_Static_UI) refers to tftlcd.o(i.LCD_DrawRectangle) for LCD_DrawRectangle
    main.o(i.Draw_Static_UI) refers to main.o(i.Show_Text_Left) for Show_Text_Left
    main.o(i.Draw_Static_UI) refers to main.o(i.Draw_Bar_Frame) for Draw_Bar_Frame
    main.o(i.Draw_Static_UI) refers to main.o(i.Draw_H_Scale) for Draw_H_Scale
    main.o(i.Draw_Static_UI) refers to main.o(i.Draw_V_Scale) for Draw_V_Scale
    main.o(i.Draw_Static_UI) refers to tftlcd.o(.data) for tftlcd_data
    main.o(i.Draw_Static_UI) refers to main.o(.data) for g_panel_rect
    main.o(i.Draw_V_Progress) refers to tftlcd.o(i.LCD_Fill) for LCD_Fill
    main.o(i.Draw_V_Progress) refers to main.o(.data) for g_vbar_rect
    main.o(i.Draw_V_Scale) refers to tftlcd.o(i.LCD_DrawLine_Color) for LCD_DrawLine_Color
    main.o(i.Draw_V_Scale) refers to main.o(.data) for g_vbar_rect
    main.o(i.Print_Status) refers to printf8.o(i.__0printf$8) for __2printf
    main.o(i.Print_Status) refers to main.o(.data) for g_direction
    main.o(i.Process_Key) refers to main.o(i.Set_Progress) for Set_Progress
    main.o(i.Process_Key) refers to main.o(i.Update_LED_State) for Update_LED_State
    main.o(i.Process_Key) refers to main.o(i.Print_Status) for Print_Status
    main.o(i.Process_Key) refers to main.o(.data) for g_auto_mode
    main.o(i.Refresh_Dynamic_UI) refers to main.o(i.Draw_H_Progress) for Draw_H_Progress
    main.o(i.Refresh_Dynamic_UI) refers to main.o(i.Draw_V_Progress) for Draw_V_Progress
    main.o(i.Refresh_Dynamic_UI) refers to printf8.o(i.__0sprintf$8) for __2sprintf
    main.o(i.Refresh_Dynamic_UI) refers to main.o(i.Show_Text_Center) for Show_Text_Center
    main.o(i.Refresh_Dynamic_UI) refers to main.o(i.Show_Text_Left) for Show_Text_Left
    main.o(i.Refresh_Dynamic_UI) refers to main.o(.data) for g_progress
    main.o(i.Run_Auto_Step) refers to main.o(.data) for g_auto_mode
    main.o(i.Set_Progress) refers to main.o(.data) for g_progress
    main.o(i.Setup_Layout) refers to tftlcd.o(.data) for tftlcd_data
    main.o(i.Setup_Layout) refers to main.o(.data) for g_panel_rect
    main.o(i.Show_Text_Center) refers to main.o(i.Text_Pixel_Width) for Text_Pixel_Width
    main.o(i.Show_Text_Center) refers to tftlcd.o(i.LCD_Fill) for LCD_Fill
    main.o(i.Show_Text_Center) refers to tftlcd.o(i.LCD_ShowString) for LCD_ShowString
    main.o(i.Show_Text_Center) refers to tftlcd.o(.data) for FRONT_COLOR
    main.o(i.Show_Text_Left) refers to tftlcd.o(i.LCD_Fill) for LCD_Fill
    main.o(i.Show_Text_Left) refers to tftlcd.o(i.LCD_ShowString) for LCD_ShowString
    main.o(i.Show_Text_Left) refers to tftlcd.o(.data) for FRONT_COLOR
    main.o(i.Update_LED_State) refers to main.o(.data) for g_auto_mode
    main.o(i.main) refers to systick.o(i.SysTick_Init) for SysTick_Init
    main.o(i.main) refers to misc.o(i.NVIC_PriorityGroupConfig) for NVIC_PriorityGroupConfig
    main.o(i.main) refers to led.o(i.LED_Init) for LED_Init
    main.o(i.main) refers to usart.o(i.USART1_Init) for USART1_Init
    main.o(i.main) refers to key.o(i.KEY_Init) for KEY_Init
    main.o(i.main) refers to tftlcd.o(i.TFTLCD_Init) for TFTLCD_Init
    main.o(i.main) refers to main.o(i.Setup_Layout) for Setup_Layout
    main.o(i.main) refers to main.o(i.Draw_Static_UI) for Draw_Static_UI
    main.o(i.main) refers to main.o(i.Update_LED_State) for Update_LED_State
    main.o(i.main) refers to main.o(i.Refresh_Dynamic_UI) for Refresh_Dynamic_UI
    main.o(i.main) refers to main.o(i.Print_Status) for Print_Status
    main.o(i.main) refers to key.o(i.KEY_Scan) for KEY_Scan
    main.o(i.main) refers to main.o(i.Process_Key) for Process_Key
    main.o(i.main) refers to main.o(i.Run_Auto_Step) for Run_Auto_Step
    main.o(i.main) refers to systick.o(i.delay_ms) for delay_ms
    main.o(i.main) refers to tftlcd.o(.data) for FRONT_COLOR
    startup_stm32f10x_hd.o(RESET) refers to startup_stm32f10x_hd.o(STACK) for __initial_sp
    startup_stm32f10x_hd.o(RESET) refers to startup_stm32f10x_hd.o(.text) for Reset_Handler
[...]
    printf4.o(i.__0fprintf$4) refers to usart.o(i.fputc) for fputc
    printf4.o(i.__0printf$4) refers to printf4.o(i._printf_core) for _printf_core
    printf4.o(i.__0printf$4) refers to usart.o(i.fputc) for fputc
    printf4.o(i.__0printf$4) refers to stdout.o(.data) for __stdout
    printf4.o(i.__0snprintf$4) refers to printf4.o(i._printf_core) for _printf_core
    printf4.o(i.__0snprintf$4) refers to printf4.o(i._snputc) for _snputc
    printf4.o(i.__0sprintf$4) refers to printf4.o(i._printf_core) for _printf_core
    printf4.o(i.__0sprintf$4) refers to printf4.o(i._sputc) for _sputc
    printf4.o(i.__0vfprintf$4) refers to printf4.o(i._printf_core) for _printf_core
    printf4.o(i.__0vfprintf$4) refers to usart.o(i.fputc) for fputc
    printf4.o(i.__0vprintf$4) refers to printf4.o(i._printf_core) for _printf_core
    printf4.o(i.__0vprintf$4) refers to usart.o(i.fputc) for fputc
    printf4.o(i.__0vprintf$4) refers to stdout.o(.data) for __stdout
    printf4.o(i.__0vsnprintf$4) refers to printf4.o(i._printf_core) for _printf_core
    printf4.o(i.__0vsnprintf$4) refers to printf4.o(i._snputc) for _snputc
    printf4.o(i.__0vsprintf$4) refers to printf4.o(i._printf_core) for _printf_core
    printf4.o(i.__0vsprintf$4) refers to printf4.o(i._sputc) for _sputc
    printf4.o(i._printf_core) refers to uldiv.o(.text) for __aeabi_uldivmod
    printf5.o(i.__0fprintf$5) refers to printf5.o(i._printf_core) for _printf_core
    printf5.o(i.__0fprintf$5) refers to usart.o(i.fputc) for fputc
    printf5.o(i.__0printf$5) refers to printf5.o(i._printf_core) for _printf_core
    printf5.o(i.__0printf$5) refers to usart.o(i.fputc) for fputc
    printf5.o(i.__0printf$5) refers to stdout.o(.data) for __stdout
    printf5.o(i.__0snprintf$5) refers to printf5.o(i._printf_core) for _printf_core
    printf5.o(i.__0snprintf$5) refers to printf5.o(i._snputc) for _snputc
    printf5.o(i.__0sprintf$5) refers to printf5.o(i._printf_core) for _printf_core
    printf5.o(i.__0sprintf$5) refers to printf5.o(i._sputc) for _sputc
    printf5.o(i.__0vfprintf$5) refers to printf5.o(i._printf_core) for _printf_core
    printf5.o(i.__0vfprintf$5) refers to usart.o(i.fputc) for fputc
    printf5.o(i.__0vprintf$5) refers to printf5.o(i._printf_core) for _printf_core
    printf5.o(i.__0vprintf$5) refers to usart.o(i.fputc) for fputc
    printf5.o(i.__0vprintf$5) refers to stdout.o(.data) for __stdout
    printf5.o(i.__0vsnprintf$5) refers to printf5.o(i._printf_core) for _printf_core
    printf5.o(i.__0vsnprintf$5) refers to printf5.o(i._snputc) for _snputc
    printf5.o(i.__0vsprintf$5) refers to printf5.o(i._printf_core) for _printf_core
    printf5.o(i.__0vsprintf$5) refers to printf5.o(i._sputc) for _sputc
    printf5.o(i._printf_core) refers to uldiv.o(.text) for __aeabi_uldivmod
    printf6.o(i.__0fprintf$6) refers to printf6.o(i._printf_core) for _printf_core
    printf6.o(i.__0fprintf$6) refers to usart.o(i.fputc) for fputc
    printf6.o(i.__0printf$6) refers to printf6.o(i._printf_core) for _printf_core
    printf6.o(i.__0printf$6) refers to usart.o(i.fputc) for fputc
    printf6.o(i.__0printf$6) refers to stdout.o(.data) for __stdout
    printf6.o(i.__0snprintf$6) refers to printf6.o(i._printf_core) for _printf_core
    printf6.o(i.__0snprintf$6) refers to printf6.o(i._snputc) for _snputc
    printf6.o(i.__0sprintf$6) refers to printf6.o(i._printf_core) for _printf_core
    printf6.o(i.__0sprintf$6) refers to printf6.o(i._sputc) for _sputc
    printf6.o(i.__0vfprintf$6) refers to printf6.o(i._printf_core) for _printf_core
    printf6.o(i.__0vfprintf$6) refers to usart.o(i.fputc) for fputc
    printf6.o(i.__0vprintf$6) refers to printf6.o(i._printf_core) for _printf_core
    printf6.o(i.__0vprintf$6) refers to usart.o(i.fputc) for fputc
    printf6.o(i.__0vprintf$6) refers to stdout.o(.data) for __stdout
    printf6.o(i.__0vsnprintf$6) refers to printf6.o(i._printf_core) for _printf_core
    printf6.o(i.__0vsnprintf$6) refers to printf6.o(i._snputc) for _snputc
    printf6.o(i.__0vsprintf$6) refers to printf6.o(i._printf_core) for _printf_core
    printf6.o(i.__0vsprintf$6) refers to printf6.o(i._sputc) for _sputc
    printf6.o(i._printf_core) refers to printf6.o(i._printf_pre_padding) for _printf_pre_padding
    printf6.o(i._printf_core) refers to uidiv.o(.text) for __aeabi_uidivmod
    printf6.o(i._printf_core) refers to printf6.o(i._printf_post_padding) for _printf_post_padding
    printf7.o(i.__0fprintf$7) refers to printf7.o(i._printf_core) for _printf_core
    printf7.o(i.__0fprintf$7) refers to usart.o(i.fputc) for fputc
    printf7.o(i.__0printf$7) refers to printf7.o(i._printf_core) for _printf_core
    printf7.o(i.__0printf$7) refers to usart.o(i.fputc) for fputc
    printf7.o(i.__0printf$7) refers to stdout.o(.data) for __stdout
    printf7.o(i.__0snprintf$7) refers to printf7.o(i._printf_core) for _printf_core
    printf7.o(i.__0snprintf$7) refers to printf7.o(i._snputc) for _snputc
    printf7.o(i.__0sprintf$7) refers to printf7.o(i._printf_core) for _printf_core
    printf7.o(i.__0sprintf$7) refers to printf7.o(i._sputc) for _sputc
    printf7.o(i.__0vfprintf$7) refers to printf7.o(i._printf_core) for _printf_core
    printf7.o(i.__0vfprintf$7) refers to usart.o(i.fputc) for fputc
    printf7.o(i.__0vprintf$7) refers to printf7.o(i._printf_core) for _printf_core
    printf7.o(i.__0vprintf$7) refers to usart.o(i.fputc) for fputc
    printf7.o(i.__0vprintf$7) refers to stdout.o(.data) for __stdout
    printf7.o(i.__0vsnprintf$7) refers to printf7.o(i._printf_core) for _printf_core
    printf7.o(i.__0vsnprintf$7) refers to printf7.o(i._snputc) for _snputc
    printf7.o(i.__0vsprintf$7) refers to printf7.o(i._printf_core) for _printf_core
    printf7.o(i.__0vsprintf$7) refers to printf7.o(i._sputc) for _sputc
    printf7.o(i._printf_core) refers to printf7.o(i._printf_pre_padding) for _printf_pre_padding
    printf7.o(i._printf_core) refers to uldiv.o(.text) for __aeabi_uldivmod
    printf7.o(i._printf_core) refers to printf7.o(i._printf_post_padding) for _printf_post_padding
    printf8.o(i.__0fprintf$8) refers to printf8.o(i._printf_core) for _printf_core
    printf8.o(i.__0fprintf$8) refers to usart.o(i.fputc) for fputc
    printf8.o(i.__0printf$8) refers to printf8.o(i._printf_core) for _printf_core
    printf8.o(i.__0printf$8) refers to usart.o(i.fputc) for fputc
    printf8.o(i.__0printf$8) refers to stdout.o(.data) for __stdout
    printf8.o(i.__0snprintf$8) refers to printf8.o(i._printf_core) for _printf_core
    printf8.o(i.__0snprintf$8) refers to printf8.o(i._snputc) for _snputc
    printf8.o(i.__0sprintf$8) refers to printf8.o(i._printf_core) for _printf_core
    printf8.o(i.__0sprintf$8) refers to printf8.o(i._sputc) for _sputc
    printf8.o(i.__0vfprintf$8) refers to printf8.o(i._printf_core) for _printf_core
    printf8.o(i.__0vfprintf$8) refers to usart.o(i.fputc) for fputc
    printf8.o(i.__0vprintf$8) refers to printf8.o(i._printf_core) for _printf_core
    printf8.o(i.__0vprintf$8) refers to usart.o(i.fputc) for fputc
    printf8.o(i.__0vprintf$8) refers to stdout.o(.data) for __stdout
    printf8.o(i.__0vsnprintf$8) refers to printf8.o(i._printf_core) for _printf_core
    printf8.o(i.__0vsnprintf$8) refers to printf8.o(i._snputc) for _snputc
    printf8.o(i.__0vsprintf$8) refers to printf8.o(i._printf_core) for _printf_core
    printf8.o(i.__0vsprintf$8) refers to printf8.o(i._sputc) for _sputc
    printf8.o(i._printf_core) refers to printf8.o(i._printf_pre_padding) for _printf_pre_padding
    printf8.o(i._printf_core) refers to uldiv.o(.text) for __aeabi_uldivmod
    printf8.o(i._printf_core) refers to printf8.o(i._printf_post_padding) for _printf_post_padding
    printfa.o(i.__0fprintf) refers (Special) to iusefp.o(.text) for __I$use$fp
    printfa.o(i.__0fprintf) refers to printfa.o(i._printf_core) for _printf_core
    printfa.o(i.__0fprintf) refers to usart.o(i.fputc) for fputc
    printfa.o(i.__0printf) refers (Special) to iusefp.o(.text) for __I$use$fp
    printfa.o(i.__0printf) refers to printfa.o(i._printf_core) for _printf_core
    printfa.o(i.__0printf) refers to usart.o(i.fputc) for fputc
    printfa.o(i.__0printf) refers to stdout.o(.data) for __stdout
    printfa.o(i.__0snprintf) refers (Special) to iusefp.o(.text) for __I$use$fp
    printfa.o(i.__0snprintf) refers to printfa.o(i._printf_core) for _printf_core
    printfa.o(i.__0snprintf) refers to printfa.o(i._snputc) for _snputc
    printfa.o(i.__0sprintf) refers (Special) to iusefp.o(.text) for __I$use$fp
    printfa.o(i.__0sprintf) refers to printfa.o(i._printf_core) for _printf_core
    printfa.o(i.__0sprintf) refers to printfa.o(i._sputc) for _sputc
    printfa.o(i.__0vfprintf) refers (Special) to iusefp.o(.text) for __I$use$fp
    printfa.o(i.__0vfprintf) refers to printfa.o(i._printf_core) for _printf_core
    printfa.o(i.__0vfprintf) refers to usart.o(i.fputc) for fputc
    printfa.o(i.__0vprintf) refers (Special) to iusefp.o(.text) for __I$use$fp
    printfa.o(i.__0vprintf) refers to printfa.o(i._printf_core) for _printf_core
    printfa.o(i.__0vprintf) refers to usart.o(i.fputc) for fputc
    printfa.o(i.__0vprintf) refers to stdout.o(.data) for __stdout
    printfa.o(i.__0vsnprintf) refers (Special) to iusefp.o(.text) for __I$use$fp
    printfa.o(i.__0vsnprintf) refers to printfa.o(i._printf_core) for _printf_core
    printfa.o(i.__0vsnprintf) refers to printfa.o(i._snputc) for _snputc
    printfa.o(i.__0vsprintf) refers (Special) to iusefp.o(.text) for __I$use$fp
    printfa.o(i.__0vsprintf) refers to printfa.o(i._printf_core) for _printf_core
    printfa.o(i.__0vsprintf) refers to printfa.o(i._sputc) for _sputc
    printfa.o(i._fp_digits) refers (Special) to iusefp.o(.text) for __I$use$fp
    printfa.o(i._fp_digits) refers to dmul.o(.text) for __aeabi_dmul
    printfa.o(i._fp_digits) refers to ddiv.o(.text) for __aeabi_ddiv
    printfa.o(i._fp_digits) refers to cdrcmple.o(.text) for __aeabi_cdrcmple
    printfa.o(i._fp_digits) refers to dadd.o(.text) for __aeabi_dadd
    printfa.o(i._fp_digits) refers to dfixul.o(.text) for __aeabi_d2ulz
    printfa.o(i._fp_digits) refers to uldiv.o(.text) for __aeabi_uldivmod
    printfa.o(i._printf_core) refers (Special) to iusefp.o(.text) for __I$use$fp
    printfa.o(i._printf_core) refers to printfa.o(i._printf_pre_padding) for _printf_pre_padding
    printfa.o(i._printf_core) refers to uldiv.o(.text) for __aeabi_uldivmod
    printfa.o(i._printf_core) refers to printfa.o(i._printf_post_padding) for _printf_post_padding
    printfa.o(i._printf_core) refers to printfa.o(i._fp_digits) for _fp_digits
    printfa.o(i._printf_core) refers to uidiv.o(.text) for __aeabi_uidivmod
    printfa.o(i._printf_post_padding) refers (Special) to iusefp.o(.text) for __I$use$fp
    printfa.o(i._printf_pre_padding) refers (Special) to iusefp.o(.text) for __I$use$fp
    printfa.o(i._snputc) refers (Special) to iusefp.o(.text) for __I$use$fp
    printfa.o(i._sputc) refers (Special) to iusefp.o(.text) for __I$use$fp
    dadd.o(.text) refers (Special) to iusefp.o(.text) for __I$use$fp
    dadd.o(.text) refers to llshl.o(.text) for __aeabi_llsl
    dadd.o(.text) refers to llsshr.o(.text) for __aeabi_lasr
    dadd.o(.text) refers to depilogue.o(.text) for _double_epilogue
    dmul.o(.text) refers (Special) to iusefp.o(.text) for __I$use$fp
    dmul.o(.text) refers to depilogue.o(.text) for _double_epilogue
    ddiv.o(.text) refers (Special) to iusefp.o(.text) for __I$use$fp
    ddiv.o(.text) refers to depilogue.o(.text) for _double_round
    ffltui.o(.text) refers (Special) to iusefp.o(.text) for __I$use$fp
    ffltui.o(.text) refers to fepilogue.o(.text) for _float_epilogue
    dfltui.o(.text) refers (Special) to iusefp.o(.text) for __I$use$fp
    dfltui.o(.text) refers to depilogue.o(.text) for _double_epilogue
    dfixi.o(.text) refers (Special) to iusefp.o(.text) for __I$use$fp
    dfixi.o(.text) refers to llushr.o(.text) for __aeabi_llsr
    dfixui.o(.text) refers (Special) to iusefp.o(.text) for __I$use$fp
    dfixui.o(.text) refers to llushr.o(.text) for __aeabi_llsr
    f2d.o(.text) refers (Special) to iusefp.o(.text) for __I$use$fp
    entry2.o(.ARM.Collect$$$$00000001) refers to entry2.o(.ARM.Collect$$$$00002712) for __lit__00000000
    entry2.o(.ARM.Collect$$$$00002712) refers to startup_stm32f10x_hd.o(STACK) for __initial_sp
    entry2.o(__vectab_stack_and_reset_area) refers to startup_stm32f10x_hd.o(STACK) for __initial_sp
    entry2.o(__vectab_stack_and_reset_area) refers to entry.o(.ARM.Collect$$$$00000000) for __main
    entry5.o(.ARM.Collect$$$$00000004) refers to init.o(.text) for __scatterload
    entry9a.o(.ARM.Collect$$$$0000000B) refers to main.o(i.main) for main
    entry9b.o(.ARM.Collect$$$$0000000C) refers to main.o(i.main) for main
    uldiv.o(.text) refers to llushr.o(.text) for __aeabi_llsr
    uldiv.o(.text) refers to llshl.o(.text) for __aeabi_llsl
    depilogue.o(.text) refers to llshl.o(.text) for __aeabi_llsl
    depilogue.o(.text) refers to llushr.o(.text) for __aeabi_llsr
    dfixul.o(.text) refers to llushr.o(.text) for __aeabi_llsr
    dfixul.o(.text) refers to llshl.o(.text) for __aeabi_llsl
    init.o(.text) refers to entry5.o(.ARM.Collect$$$$00000004) for __main_after_scatterload


==============================================================================

Removing Unused input sections from the image.

    Removing startup_stm32f10x_hd.o(HEAP), (512 bytes).
    Removing stm32f10x_gpio.o(i.GPIO_AFIODeInit), (20 bytes).
    Removing stm32f10x_gpio.o(i.GPIO_DeInit), (200 bytes).
    Removing stm32f10x_gpio.o(i.GPIO_ETH_MediaInterfaceConfig), (12 bytes).
    Removing stm32f10x_gpio.o(i.GPIO_EXTILineConfig), (64 bytes).
    Removing stm32f10x_gpio.o(i.GPIO_EventOutputCmd), (12 bytes).
    Removing stm32f10x_gpio.o(i.GPIO_EventOutputConfig), (32 bytes).
    Removing stm32f10x_gpio.o(i.GPIO_PinLockConfig), (18 bytes).
    Removing stm32f10x_gpio.o(i.GPIO_PinRemapConfig), (144 bytes).
    Removing stm32f10x_gpio.o(i.GPIO_ReadInputData), (8 bytes).
    Removing stm32f10x_gpio.o(i.GPIO_ReadInputDataBit), (18 bytes).
    Removing stm32f10x_gpio.o(i.GPIO_ReadOutputData), (8 bytes).
    Removing stm32f10x_gpio.o(i.GPIO_ReadOutputDataBit), (18 bytes).
    Removing stm32f10x_gpio.o(i.GPIO_ResetBits), (4 bytes).
    Removing stm32f10x_gpio.o(i.GPIO_StructInit), (16 bytes).
    Removing stm32f10x_gpio.o(i.GPIO_Write), (4 bytes).
    Removing stm32f10x_gpio.o(i.GPIO_WriteBit), (10 bytes).
    Removing stm32f10x_rcc.o(i.RCC_ADCCLKConfig), (24 bytes).
    Removing stm32f10x_rcc.o(i.RCC_APB1PeriphClockCmd), (32 bytes).
    Removing stm32f10x_rcc.o(i.RCC_APB1PeriphResetCmd), (32 bytes).
    Removing stm32f10x_rcc.o(i.RCC_APB2PeriphResetCmd), (32 bytes).
    Removing stm32f10x_rcc.o(i.RCC_AdjustHSICalibrationValue), (24 bytes).
    Removing stm32f10x_rcc.o(i.RCC_BackupResetCmd), (12 bytes).
    Removing stm32f10x_rcc.o(i.RCC_ClearFlag), (20 bytes).
    Removing stm32f10x_rcc.o(i.RCC_ClearITPendingBit), (12 bytes).
    Removing stm32f10x_rcc.o(i.RCC_ClockSecuritySystemCmd), (12 bytes).
    Removing stm32f10x_rcc.o(i.RCC_DeInit), (76 bytes).
    Removing stm32f10x_rcc.o(i.RCC_GetFlagStatus), (60 bytes).
    Removing stm32f10x_rcc.o(i.RCC_GetITStatus), (24 bytes).
    Removing stm32f10x_rcc.o(i.RCC_GetSYSCLKSource), (16 bytes).
    Removing stm32f10x_rcc.o(i.RCC_HCLKConfig), (24 bytes).
    Removing stm32f10x_rcc.o(i.RCC_HSEConfig), (76 bytes).
    Removing stm32f10x_rcc.o(i.RCC_HSICmd), (12 bytes).
    Removing stm32f10x_rcc.o(i.RCC_ITConfig), (32 bytes).
    Removing stm32f10x_rcc.o(i.RCC_LSEConfig), (52 bytes).
    Removing stm32f10x_rcc.o(i.RCC_LSICmd), (12 bytes).
    Removing stm32f10x_rcc.o(i.RCC_MCOConfig), (12 bytes).
    Removing stm32f10x_rcc.o(i.RCC_PCLK1Config), (24 bytes).
    Removing stm32f10x_rcc.o(i.RCC_PCLK2Config), (24 bytes).
    Removing stm32f10x_rcc.o(i.RCC_PLLCmd), (12 bytes).
    Removing stm32f10x_rcc.o(i.RCC_PLLConfig), (28 bytes).
    Removing stm32f10x_rcc.o(i.RCC_RTCCLKCmd), (12 bytes).
    Removing stm32f10x_rcc.o(i.RCC_RTCCLKConfig), (16 bytes).
    Removing stm32f10x_rcc.o(i.RCC_SYSCLKConfig), (24 bytes).
    Removing stm32f10x_rcc.o(i.RCC_USBCLKConfig), (12 bytes).
    Removing stm32f10x_rcc.o(i.RCC_WaitForHSEStartUp), (56 bytes).
    Removing misc.o(i.NVIC_SetVectorTable), (20 bytes).
    Removing misc.o(i.NVIC_SystemLPConfig), (32 bytes).
    Removing stm32f10x_exti.o(i.EXTI_ClearFlag), (12 bytes).
    Removing stm32f10x_exti.o(i.EXTI_ClearITPendingBit), (12 bytes).
    Removing stm32f10x_exti.o(i.EXTI_DeInit), (36 bytes).
    Removing stm32f10x_exti.o(i.EXTI_GenerateSWInterrupt), (16 bytes).
    Removing stm32f10x_exti.o(i.EXTI_GetFlagStatus), (24 bytes).
    Removing stm32f10x_exti.o(i.EXTI_GetITStatus), (40 bytes).
    Removing stm32f10x_exti.o(i.EXTI_Init), (148 bytes).
    Removing stm32f10x_exti.o(i.EXTI_StructInit), (16 bytes).
    Removing stm32f10x_tim.o(i.TI1_Config), (128 bytes).
    Removing stm32f10x_tim.o(i.TI2_Config), (152 bytes).
    Removing stm32f10x_tim.o(i.TI3_Config), (144 bytes).
    Removing stm32f10x_tim.o(i.TI4_Config), (152 bytes).
    Removing stm32f10x_tim.o(i.TIM_ARRPreloadConfig), (24 bytes).
    Removing stm32f10x_tim.o(i.TIM_BDTRConfig), (32 bytes).
    Removing stm32f10x_tim.o(i.TIM_BDTRStructInit), (18 bytes).
    Removing stm32f10x_tim.o(i.TIM_CCPreloadControl), (24 bytes).
    Removing stm32f10x_tim.o(i.TIM_CCxCmd), (30 bytes).
    Removing stm32f10x_tim.o(i.TIM_CCxNCmd), (30 bytes).
    Removing stm32f10x_tim.o(i.TIM_ClearFlag), (6 bytes).
    Removing stm32f10x_tim.o(i.TIM_ClearITPendingBit), (6 bytes).
    Removing stm32f10x_tim.o(i.TIM_ClearOC1Ref), (18 bytes).
    Removing stm32f10x_tim.o(i.TIM_ClearOC2Ref), (24 bytes).
    Removing stm32f10x_tim.o(i.TIM_ClearOC3Ref), (18 bytes).
    Removing stm32f10x_tim.o(i.TIM_ClearOC4Ref), (24 bytes).
    Removing stm32f10x_tim.o(i.TIM_Cmd), (24 bytes).
    Removing stm32f10x_tim.o(i.TIM_CounterModeConfig), (18 bytes).
    Removing stm32f10x_tim.o(i.TIM_CtrlPWMOutputs), (30 bytes).
    Removing stm32f10x_tim.o(i.TIM_DMACmd), (18 bytes).
    Removing stm32f10x_tim.o(i.TIM_DMAConfig), (10 bytes).
    Removing stm32f10x_tim.o(i.TIM_DeInit), (488 bytes).
    Removing stm32f10x_tim.o(i.TIM_ETRClockMode1Config), (54 bytes).
    Removing stm32f10x_tim.o(i.TIM_ETRClockMode2Config), (32 bytes).
    Removing stm32f10x_tim.o(i.TIM_ETRConfig), (28 bytes).
    Removing stm32f10x_tim.o(i.TIM_EncoderInterfaceConfig), (66 bytes).
    Removing stm32f10x_tim.o(i.TIM_ForcedOC1Config), (18 bytes).
    Removing stm32f10x_tim.o(i.TIM_ForcedOC2Config), (26 bytes).
    Removing stm32f10x_tim.o(i.TIM_ForcedOC3Config), (18 bytes).
    Removing stm32f10x_tim.o(i.TIM_ForcedOC4Config), (26 bytes).
    Removing stm32f10x_tim.o(i.TIM_GenerateEvent), (4 bytes).
    Removing stm32f10x_tim.o(i.TIM_GetCapture1), (6 bytes).
    Removing stm32f10x_tim.o(i.TIM_GetCapture2), (6 bytes).
    Removing stm32f10x_tim.o(i.TIM_GetCapture3), (6 bytes).
    Removing stm32f10x_tim.o(i.TIM_GetCapture4), (8 bytes).
    Removing stm32f10x_tim.o(i.TIM_GetCounter), (6 bytes).
    Removing stm32f10x_tim.o(i.TIM_GetFlagStatus), (18 bytes).
    Removing stm32f10x_tim.o(i.TIM_GetITStatus), (34 bytes).
    Removing stm32f10x_tim.o(i.TIM_GetPrescaler), (6 bytes).
    Removing stm32f10x_tim.o(i.TIM_ICInit), (172 bytes).
    Removing stm32f10x_tim.o(i.TIM_ICStructInit), (18 bytes).
    Removing stm32f10x_tim.o(i.TIM_ITConfig), (18 bytes).
    Removing stm32f10x_tim.o(i.TIM_ITRxExternalClockConfig), (24 bytes).
    Removing stm32f10x_tim.o(i.TIM_InternalClockConfig), (12 bytes).
    Removing stm32f10x_tim.o(i.TIM_OC1FastConfig), (18 bytes).
    Removing stm32f10x_tim.o(i.TIM_OC1Init), (152 bytes).
    Removing stm32f10x_tim.o(i.TIM_OC1NPolarityConfig), (18 bytes).
    Removing stm32f10x_tim.o(i.TIM_OC1PolarityConfig), (18 bytes).
    Removing stm32f10x_tim.o(i.TIM_OC1PreloadConfig), (18 bytes).
    Removing stm32f10x_tim.o(i.TIM_OC2FastConfig), (26 bytes).
    Removing stm32f10x_tim.o(i.TIM_OC2Init), (164 bytes).
    Removing stm32f10x_tim.o(i.TIM_OC2NPolarityConfig), (26 bytes).
    Removing stm32f10x_tim.o(i.TIM_OC2PolarityConfig), (26 bytes).
    Removing stm32f10x_tim.o(i.TIM_OC2PreloadConfig), (26 bytes).
    Removing stm32f10x_tim.o(i.TIM_OC3FastConfig), (18 bytes).
    Removing stm32f10x_tim.o(i.TIM_OC3Init), (160 bytes).
    Removing stm32f10x_tim.o(i.TIM_OC3NPolarityConfig), (26 bytes).
    Removing stm32f10x_tim.o(i.TIM_OC3PolarityConfig), (26 bytes).
    Removing stm32f10x_tim.o(i.TIM_OC3PreloadConfig), (18 bytes).
    Removing stm32f10x_tim.o(i.TIM_OC4FastConfig), (26 bytes).
    Removing stm32f10x_tim.o(i.TIM_OC4Init), (124 bytes).
    Removing stm32f10x_tim.o(i.TIM_OC4PolarityConfig), (26 bytes).
    Removing stm32f10x_tim.o(i.TIM_OC4PreloadConfig), (26 bytes).
    Removing stm32f10x_tim.o(i.TIM_OCStructInit), (20 bytes).
    Removing stm32f10x_tim.o(i.TIM_PWMIConfig), (124 bytes).
    Removing stm32f10x_tim.o(i.TIM_PrescalerConfig), (6 bytes).
    Removing stm32f10x_tim.o(i.TIM_SelectCCDMA), (24 bytes).
    Removing stm32f10x_tim.o(i.TIM_SelectCOM), (24 bytes).
    Removing stm32f10x_tim.o(i.TIM_SelectHallSensor), (24 bytes).
    Removing stm32f10x_tim.o(i.TIM_SelectInputTrigger), (18 bytes).
    Removing stm32f10x_tim.o(i.TIM_SelectMasterSlaveMode), (18 bytes).
    Removing stm32f10x_tim.o(i.TIM_SelectOCxM), (82 bytes).
    Removing stm32f10x_tim.o(i.TIM_SelectOnePulseMode), (18 bytes).
    Removing stm32f10x_tim.o(i.TIM_SelectOutputTrigger), (18 bytes).
    Removing stm32f10x_tim.o(i.TIM_SelectSlaveMode), (18 bytes).
    Removing stm32f10x_tim.o(i.TIM_SetAutoreload), (4 bytes).
    Removing stm32f10x_tim.o(i.TIM_SetClockDivision), (18 bytes).
    Removing stm32f10x_tim.o(i.TIM_SetCompare1), (4 bytes).
    Removing stm32f10x_tim.o(i.TIM_SetCompare2), (4 bytes).
    Removing stm32f10x_tim.o(i.TIM_SetCompare3), (4 bytes).
    Removing stm32f10x_tim.o(i.TIM_SetCompare4), (6 bytes).
    Removing stm32f10x_tim.o(i.TIM_SetCounter), (4 bytes).
    Removing stm32f10x_tim.o(i.TIM_SetIC1Prescaler), (18 bytes).
    Removing stm32f10x_tim.o(i.TIM_SetIC2Prescaler), (26 bytes).
    Removing stm32f10x_tim.o(i.TIM_SetIC3Prescaler), (18 bytes).
    Removing stm32f10x_tim.o(i.TIM_SetIC4Prescaler), (26 bytes).
    Removing stm32f10x_tim.o(i.TIM_TIxExternalClockConfig), (62 bytes).
    Removing stm32f10x_tim.o(i.TIM_TimeBaseInit), (164 bytes).
    Removing stm32f10x_tim.o(i.TIM_TimeBaseStructInit), (18 bytes).
    Removing stm32f10x_tim.o(i.TIM_UpdateDisableConfig), (24 bytes).
    Removing stm32f10x_tim.o(i.TIM_UpdateRequestConfig), (24 bytes).
    Removing stm32f10x_usart.o(i.USART_ClearITPendingBit), (30 bytes).
    Removing stm32f10x_usart.o(i.USART_ClockInit), (34 bytes).
    Removing stm32f10x_usart.o(i.USART_ClockStructInit), (12 bytes).
    Removing stm32f10x_usart.o(i.USART_DMACmd), (18 bytes).
    Removing stm32f10x_usart.o(i.USART_DeInit), (156 bytes).
    Removing stm32f10x_usart.o(i.USART_HalfDuplexCmd), (24 bytes).
    Removing stm32f10x_usart.o(i.USART_IrDACmd), (24 bytes).
    Removing stm32f10x_usart.o(i.USART_IrDAConfig), (18 bytes).
    Removing stm32f10x_usart.o(i.USART_LINBreakDetectLengthConfig), (18 bytes).
    Removing stm32f10x_usart.o(i.USART_LINCmd), (24 bytes).
    Removing stm32f10x_usart.o(i.USART_OneBitMethodCmd), (24 bytes).
    Removing stm32f10x_usart.o(i.USART_OverSampling8Cmd), (22 bytes).
    Removing stm32f10x_usart.o(i.USART_ReceiverWakeUpCmd), (24 bytes).
    Removing stm32f10x_usart.o(i.USART_SendBreak), (10 bytes).
    Removing stm32f10x_usart.o(i.USART_SetAddress), (18 bytes).
    Removing stm32f10x_usart.o(i.USART_SetGuardTime), (16 bytes).
    Removing stm32f10x_usart.o(i.USART_SetPrescaler), (16 bytes).
    Removing stm32f10x_usart.o(i.USART_SmartCardCmd), (24 bytes).
    Removing stm32f10x_usart.o(i.USART_SmartCardNACKCmd), (24 bytes).
    Removing stm32f10x_usart.o(i.USART_StructInit), (24 bytes).
    Removing stm32f10x_usart.o(i.USART_WakeUpConfig), (18 bytes).
    Removing stm32f10x_iwdg.o(i.IWDG_Enable), (16 bytes).
    Removing stm32f10x_iwdg.o(i.IWDG_GetFlagStatus), (24 bytes).
    Removing stm32f10x_iwdg.o(i.IWDG_ReloadCounter), (16 bytes).
    Removing stm32f10x_iwdg.o(i.IWDG_SetPrescaler), (12 bytes).
    Removing stm32f10x_iwdg.o(i.IWDG_SetReload), (12 bytes).
    Removing stm32f10x_iwdg.o(i.IWDG_WriteAccessCmd), (12 bytes).
    Removing stm32f10x_wwdg.o(i.WWDG_ClearFlag), (12 bytes).
    Removing stm32f10x_wwdg.o(i.WWDG_DeInit), (22 bytes).
    Removing stm32f10x_wwdg.o(i.WWDG_Enable), (16 bytes).
    Removing stm32f10x_wwdg.o(i.WWDG_EnableIT), (12 bytes).
    Removing stm32f10x_wwdg.o(i.WWDG_GetFlagStatus), (12 bytes).
    Removing stm32f10x_wwdg.o(i.WWDG_SetCounter), (16 bytes).
    Removing stm32f10x_wwdg.o(i.WWDG_SetPrescaler), (24 bytes).
    Removing stm32f10x_wwdg.o(i.WWDG_SetWindowValue), (40 bytes).
    Removing stm32f10x_bkp.o(i.BKP_ClearFlag), (20 bytes).
    Removing stm32f10x_bkp.o(i.BKP_ClearITPendingBit), (20 bytes).
    Removing stm32f10x_bkp.o(i.BKP_DeInit), (16 bytes).
    Removing stm32f10x_bkp.o(i.BKP_GetFlagStatus), (12 bytes).
    Removing stm32f10x_bkp.o(i.BKP_GetITStatus), (12 bytes).
    Removing stm32f10x_bkp.o(i.BKP_ITConfig), (12 bytes).
    Removing stm32f10x_bkp.o(i.BKP_RTCOutputConfig), (28 bytes).
    Removing stm32f10x_bkp.o(i.BKP_ReadBackupRegister), (28 bytes).
    Removing stm32f10x_bkp.o(i.BKP_SetRTCCalibrationValue), (28 bytes).
    Removing stm32f10x_bkp.o(i.BKP_TamperPinCmd), (12 bytes).
    Removing stm32f10x_bkp.o(i.BKP_TamperPinLevelConfig), (12 bytes).
    Removing stm32f10x_bkp.o(i.BKP_WriteBackupRegister), (28 bytes).
    Removing stm32f10x_pwr.o(i.PWR_BackupAccessCmd), (12 bytes).
    Removing stm32f10x_pwr.o(i.PWR_ClearFlag), (20 bytes).
    Removing stm32f10x_pwr.o(i.PWR_DeInit), (22 bytes).
    Removing stm32f10x_pwr.o(i.PWR_EnterSTANDBYMode), (52 bytes).
    Removing stm32f10x_pwr.o(i.PWR_EnterSTOPMode), (64 bytes).
    Removing stm32f10x_pwr.o(i.PWR_GetFlagStatus), (24 bytes).
    Removing stm32f10x_pwr.o(i.PWR_PVDCmd), (12 bytes).
    Removing stm32f10x_pwr.o(i.PWR_PVDLevelConfig), (24 bytes).
    Removing stm32f10x_pwr.o(i.PWR_WakeUpPinCmd), (12 bytes).
    Removing stm32f10x_adc.o(i.ADC_AnalogWatchdogCmd), (20 bytes).
    Removing stm32f10x_adc.o(i.ADC_AnalogWatchdogSingleChannelConfig), (16 bytes).
    Removing stm32f10x_adc.o(i.ADC_AnalogWatchdogThresholdsConfig), (6 bytes).
    Removing stm32f10x_adc.o(i.ADC_AutoInjectedConvCmd), (22 bytes).
    Removing stm32f10x_adc.o(i.ADC_ClearFlag), (6 bytes).
    Removing stm32f10x_adc.o(i.ADC_ClearITPendingBit), (10 bytes).
    Removing stm32f10x_adc.o(i.ADC_Cmd), (22 bytes).
    Removing stm32f10x_adc.o(i.ADC_DMACmd), (22 bytes).
    Removing stm32f10x_adc.o(i.ADC_DeInit), (92 bytes).
    Removing stm32f10x_adc.o(i.ADC_DiscModeChannelCountConfig), (24 bytes).
    Removing stm32f10x_adc.o(i.ADC_DiscModeCmd), (22 bytes).
    Removing stm32f10x_adc.o(i.ADC_ExternalTrigConvCmd), (22 bytes).
    Removing stm32f10x_adc.o(i.ADC_ExternalTrigInjectedConvCmd), (22 bytes).
    Removing stm32f10x_adc.o(i.ADC_ExternalTrigInjectedConvConfig), (16 bytes).
    Removing stm32f10x_adc.o(i.ADC_GetCalibrationStatus), (20 bytes).
    Removing stm32f10x_adc.o(i.ADC_GetConversionValue), (8 bytes).
    Removing stm32f10x_adc.o(i.ADC_GetDualModeConversionValue), (12 bytes).
    Removing stm32f10x_adc.o(i.ADC_GetFlagStatus), (18 bytes).
    Removing stm32f10x_adc.o(i.ADC_GetITStatus), (36 bytes).
    Removing stm32f10x_adc.o(i.ADC_GetInjectedConversionValue), (28 bytes).
    Removing stm32f10x_adc.o(i.ADC_GetResetCalibrationStatus), (20 bytes).
    Removing stm32f10x_adc.o(i.ADC_GetSoftwareStartConvStatus), (20 bytes).
    Removing stm32f10x_adc.o(i.ADC_GetSoftwareStartInjectedConvCmdStatus), (20 bytes).
    Removing stm32f10x_adc.o(i.ADC_ITConfig), (24 bytes).
    Removing stm32f10x_adc.o(i.ADC_Init), (80 bytes).
    Removing stm32f10x_adc.o(i.ADC_InjectedChannelConfig), (130 bytes).
    Removing stm32f10x_adc.o(i.ADC_InjectedDiscModeCmd), (22 bytes).
    Removing stm32f10x_adc.o(i.ADC_InjectedSequencerLengthConfig), (24 bytes).
    Removing stm32f10x_adc.o(i.ADC_RegularChannelConfig), (184 bytes).
    Removing stm32f10x_adc.o(i.ADC_ResetCalibration), (10 bytes).
    Removing stm32f10x_adc.o(i.ADC_SetInjectedOffset), (20 bytes).
    Removing stm32f10x_adc.o(i.ADC_SoftwareStartConvCmd), (22 bytes).
    Removing stm32f10x_adc.o(i.ADC_SoftwareStartInjectedConvCmd), (22 bytes).
    Removing stm32f10x_adc.o(i.ADC_StartCalibration), (10 bytes).
    Removing stm32f10x_adc.o(i.ADC_StructInit), (18 bytes).
    Removing stm32f10x_adc.o(i.ADC_TempSensorVrefintCmd), (36 bytes).
    Removing stm32f10x_flash.o(i.FLASH_ClearFlag), (12 bytes).
    Removing stm32f10x_flash.o(i.FLASH_EnableWriteProtection), (196 bytes).
    Removing stm32f10x_flash.o(i.FLASH_EraseAllBank1Pages), (72 bytes).
    Removing stm32f10x_flash.o(i.FLASH_EraseAllPages), (72 bytes).
    Removing stm32f10x_flash.o(i.FLASH_EraseOptionBytes), (168 bytes).
    Removing stm32f10x_flash.o(i.FLASH_ErasePage), (76 bytes).
    Removing stm32f10x_flash.o(i.FLASH_GetBank1Status), (52 bytes).
    Removing stm32f10x_flash.o(i.FLASH_GetFlagStatus), (48 bytes).
    Removing stm32f10x_flash.o(i.FLASH_GetPrefetchBufferStatus), (24 bytes).
    Removing stm32f10x_flash.o(i.FLASH_GetReadOutProtectionStatus), (24 bytes).
    Removing stm32f10x_flash.o(i.FLASH_GetStatus), (52 bytes).
    Removing stm32f10x_flash.o(i.FLASH_GetUserOptionByte), (12 bytes).
    Removing stm32f10x_flash.o(i.FLASH_GetWriteProtectionOptionByte), (12 bytes).
    Removing stm32f10x_flash.o(i.FLASH_HalfCycleAccessCmd), (28 bytes).
    Removing stm32f10x_flash.o(i.FLASH_ITConfig), (32 bytes).
    Removing stm32f10x_flash.o(i.FLASH_Lock), (20 bytes).
    Removing stm32f10x_flash.o(i.FLASH_LockBank1), (20 bytes).
    Removing stm32f10x_flash.o(i.FLASH_PrefetchBufferCmd), (28 bytes).
    Removing stm32f10x_flash.o(i.FLASH_ProgramHalfWord), (64 bytes).
    Removing stm32f10x_flash.o(i.FLASH_ProgramOptionByteData), (84 bytes).
    Removing stm32f10x_flash.o(i.FLASH_ProgramWord), (108 bytes).
    Removing stm32f10x_flash.o(i.FLASH_ReadOutProtection), (172 bytes).
    Removing stm32f10x_flash.o(i.FLASH_SetLatency), (24 bytes).
    Removing stm32f10x_flash.o(i.FLASH_Unlock), (24 bytes).
    Removing stm32f10x_flash.o(i.FLASH_UnlockBank1), (24 bytes).
    Removing stm32f10x_flash.o(i.FLASH_UserOptionByteConfig), (104 bytes).
    Removing stm32f10x_flash.o(i.FLASH_WaitForLastBank1Operation), (38 bytes).
    Removing stm32f10x_flash.o(i.FLASH_WaitForLastOperation), (38 bytes).
    Removing stm32f10x_fsmc.o(i.FSMC_ClearFlag), (64 bytes).
    Removing stm32f10x_fsmc.o(i.FSMC_ClearITPendingBit), (72 bytes).
    Removing stm32f10x_fsmc.o(i.FSMC_GetECC), (28 bytes).
    Removing stm32f10x_fsmc.o(i.FSMC_GetFlagStatus), (56 bytes).
    Removing stm32f10x_fsmc.o(i.FSMC_GetITStatus), (68 bytes).
    Removing stm32f10x_fsmc.o(i.FSMC_ITConfig), (128 bytes).
    Removing stm32f10x_fsmc.o(i.FSMC_NANDCmd), (92 bytes).
    Removing stm32f10x_fsmc.o(i.FSMC_NANDDeInit), (68 bytes).
    Removing stm32f10x_fsmc.o(i.FSMC_NANDECCCmd), (92 bytes).
    Removing stm32f10x_fsmc.o(i.FSMC_NANDInit), (136 bytes).
    Removing stm32f10x_fsmc.o(i.FSMC_NANDStructInit), (54 bytes).
    Removing stm32f10x_fsmc.o(i.FSMC_NORSRAMDeInit), (54 bytes).
    Removing stm32f10x_fsmc.o(i.FSMC_NORSRAMStructInit), (114 bytes).
    Removing stm32f10x_fsmc.o(i.FSMC_PCCARDCmd), (48 bytes).
    Removing stm32f10x_fsmc.o(i.FSMC_PCCARDDeInit), (40 bytes).
    Removing stm32f10x_fsmc.o(i.FSMC_PCCARDInit), (132 bytes).
    Removing stm32f10x_fsmc.o(i.FSMC_PCCARDStructInit), (60 bytes).
    Removing system_stm32f10x.o(i.SystemCoreClockUpdate), (164 bytes).
    Removing system_stm32f10x.o(.data), (20 bytes).
    Removing core_cm3.o(.emb_text), (32 bytes).
    Removing beep.o(i.BEEP_Init), (56 bytes).
    Removing adc_temp.o(i.ADC_Temp_Init), (124 bytes).
    Removing adc_temp.o(i.Get_ADC_Temp_Value), (84 bytes).
    Removing adc_temp.o(i.Get_Temperture), (132 bytes).
    Removing tftlcd.o(i.LCD_Color_Fill), (94 bytes).
    Removing tftlcd.o(i.LCD_Draw_Circle), (152 bytes).
    Removing tftlcd.o(i.LCD_DrowSign), (132 bytes).
    Removing tftlcd.o(i.LCD_Pow), (22 bytes).
    Removing tftlcd.o(i.LCD_RGBColor_Change), (28 bytes).
    Removing tftlcd.o(i.LCD_ReadPoint), (88 bytes).
    Removing tftlcd.o(i.LCD_SSD_BackLightSet), (84 bytes).
    Removing tftlcd.o(i.LCD_ShowFontHZ), (232 bytes).
    Removing tftlcd.o(i.LCD_ShowNum), (148 bytes).
    Removing tftlcd.o(i.LCD_ShowPicture), (138 bytes).
    Removing tftlcd.o(i.LCD_ShowxNum), (190 bytes).
    Removing tftlcd.o(i.LCD_WriteCmdData), (20 bytes).
    Removing stm32_flash.o(i.STM32_FLASH_Read), (34 bytes).
    Removing stm32_flash.o(i.STM32_FLASH_ReadHalfWord), (6 bytes).
    Removing stm32_flash.o(i.STM32_FLASH_Write), (232 bytes).
    Removing stm32_flash.o(i.STM32_FLASH_Write_NoCheck), (38 bytes).
    Removing stm32_flash.o(.bss), (2048 bytes).
    Removing systick.o(i.delay_us), (76 bytes).
    Removing dadd.o(.text), (334 bytes).
    Removing dmul.o(.text), (228 bytes).
    Removing ddiv.o(.text), (222 bytes).
    Removing ffltui.o(.text), (10 bytes).
    Removing dfltui.o(.text), (26 bytes).
    Removing dfixi.o(.text), (62 bytes).
    Removing dfixui.o(.text), (50 bytes).
    Removing f2d.o(.text), (38 bytes).
    Removing fepilogue.o(.text), (110 bytes).
    Removing depilogue.o(.text), (186 bytes).
    Removing dfixul.o(.text), (48 bytes).
    Removing cdrcmple.o(.text), (48 bytes).

321 unused section(s) (total 17114 bytes) removed from the image.

==============================================================================

Image Symbol Table

    Local Symbols

    Symbol Name                              Value     Ov Type        Size  Object(Section)

    ../clib/microlib/division.c              0x00000000   Number         0  uldiv.o ABSOLUTE
    ../clib/microlib/division.c              0x00000000   Number         0  uidiv.o ABSOLUTE
    ../clib/microlib/init/entry.s            0x00000000   Number         0  entry8a.o ABSOLUTE
    ../clib/microlib/init/entry.s            0x00000000   Number         0  entry10b.o ABSOLUTE
    ../clib/microlib/init/entry.s            0x00000000   Number         0  entry12b.o ABSOLUTE
    ../clib/microlib/init/entry.s            0x00000000   Number         0  entry11a.o ABSOLUTE
    ../clib/microlib/init/entry.s            0x00000000   Number         0  entry12a.o ABSOLUTE
    ../clib/microlib/init/entry.s            0x00000000   Number         0  entry.o ABSOLUTE
    ../clib/microlib/init/entry.s            0x00000000   Number         0  entry2.o ABSOLUTE
    ../clib/microlib/init/entry.s            0x00000000   Number         0  entry11b.o ABSOLUTE
    ../clib/microlib/init/entry.s            0x00000000   Number         0  entry9a.o ABSOLUTE
    ../clib/microlib/init/entry.s            0x00000000   Number         0  entry9b.o ABSOLUTE
    ../clib/microlib/init/entry.s            0x00000000   Number         0  entry8b.o ABSOLUTE
    ../clib/microlib/init/entry.s            0x00000000   Number         0  entry10a.o ABSOLUTE
    ../clib/microlib/init/entry.s            0x00000000   Number         0  entry7b.o ABSOLUTE
    ../clib/microlib/init/entry.s            0x00000000   Number         0  entry7a.o ABSOLUTE
    ../clib/microlib/init/entry.s            0x00000000   Number         0  entry5.o ABSOLUTE
    ../clib/microlib/longlong.c              0x00000000   Number         0  llushr.o ABSOLUTE
    ../clib/microlib/longlong.c              0x00000000   Number         0  llsshr.o ABSOLUTE
    ../clib/microlib/longlong.c              0x00000000   Number         0  llshl.o ABSOLUTE
    ../clib/microlib/printf/printf.c         0x00000000   Number         0  printf0.o ABSOLUTE
    ../clib/microlib/printf/printf.c         0x00000000   Number         0  printfb.o ABSOLUTE
    ../clib/microlib/printf/printf.c         0x00000000   Number         0  printf5.o ABSOLUTE
    ../clib/microlib/printf/printf.c         0x00000000   Number         0  printf4.o ABSOLUTE
    ../clib/microlib/printf/printf.c         0x00000000   Number         0  printf2.o ABSOLUTE
    ../clib/microlib/printf/printf.c         0x00000000   Number         0  printf1.o ABSOLUTE
    ../clib/microlib/printf/printf.c         0x00000000   Number         0  printf3.o ABSOLUTE
    ../clib/microlib/printf/printf.c         0x00000000   Number         0  printfa.o ABSOLUTE
    ../clib/microlib/printf/printf.c         0x00000000   Number         0  printf8.o ABSOLUTE
    ../clib/microlib/printf/printf.c         0x00000000   Number         0  printf7.o ABSOLUTE
    ../clib/microlib/printf/printf.c         0x00000000   Number         0  printf6.o ABSOLUTE
    ../clib/microlib/printf/stubs.s          0x00000000   Number         0  stubs.o ABSOLUTE
    ../clib/microlib/stdio/streams.c         0x00000000   Number         0  stdout.o ABSOLUTE
    ../clib/microlib/stubs.s                 0x00000000   Number         0  iusefp.o ABSOLUTE
    ../fplib/microlib/f2d.c                  0x00000000   Number         0  f2d.o ABSOLUTE
    ../fplib/microlib/fpadd.c                0x00000000   Number         0  dadd.o ABSOLUTE
    ../fplib/microlib/fpdiv.c                0x00000000   Number         0  ddiv.o ABSOLUTE
    ../fplib/microlib/fpepilogue.c           0x00000000   Number         0  depilogue.o ABSOLUTE
    ../fplib/microlib/fpepilogue.c           0x00000000   Number         0  fepilogue.o ABSOLUTE
    ../fplib/microlib/fpfix.c                0x00000000   Number         0  dfixul.o ABSOLUTE
    ../fplib/microlib/fpfix.c                0x00000000   Number         0  dfixi.o ABSOLUTE
    ../fplib/microlib/fpfix.c                0x00000000   Number         0  dfixui.o ABSOLUTE
    ../fplib/microlib/fpflt.c                0x00000000   Number         0  dfltui.o ABSOLUTE
    ../fplib/microlib/fpflt.c                0x00000000   Number         0  ffltui.o ABSOLUTE
    ../fplib/microlib/fpmul.c                0x00000000   Number         0  dmul.o ABSOLUTE
    APP\adc_temp\adc_temp.c                  0x00000000   Number         0  adc_temp.o ABSOLUTE
    APP\beep\beep.c                          0x00000000   Number         0  beep.o ABSOLUTE
    APP\key\key.c                            0x00000000   Number         0  key.o ABSOLUTE
    APP\led\led.c                            0x00000000   Number         0  led.o ABSOLUTE
    APP\stm32_flash\stm32_flash.c            0x00000000   Number         0  stm32_flash.o ABSOLUTE
    APP\tftlcd\tftlcd.c                      0x00000000   Number         0  tftlcd.o ABSOLUTE
    Libraries\CMSIS\core_cm3.c               0x00000000   Number         0  core_cm3.o ABSOLUTE
    Libraries\CMSIS\startup_stm32f10x_hd.s   0x00000000   Number         0  startup_stm32f10x_hd.o ABSOLUTE
    Libraries\CMSIS\system_stm32f10x.c       0x00000000   Number         0  system_stm32f10x.o ABSOLUTE
    Libraries\STM32F10x_StdPeriph_Driver\src\misc.c 0x00000000   Number         0  misc.o ABSOLUTE
    Libraries\STM32F10x_StdPeriph_Driver\src\stm32f10x_adc.c 0x00000000   Number         0  stm32f10x_adc.o ABSOLUTE
    Libraries\STM32F10x_StdPeriph_Driver\src\stm32f10x_bkp.c 0x00000000   Number         0  stm32f10x_bkp.o ABSOLUTE
    Libraries\STM32F10x_StdPeriph_Driver\src\stm32f10x_exti.c 0x00000000   Number         0  stm32f10x_exti.o ABSOLUTE
    Libraries\STM32F10x_StdPeriph_Driver\src\stm32f10x_flash.c 0x00000000   Number         0  stm32f10x_flash.o ABSOLUTE
    Libraries\STM32F10x_StdPeriph_Driver\src\stm32f10x_fsmc.c 0x00000000   Number         0  stm32f10x_fsmc.o ABSOLUTE
    Libraries\STM32F10x_StdPeriph_Driver\src\stm32f10x_gpio.c 0x00000000   Number         0  stm32f10x_gpio.o ABSOLUTE
    Libraries\STM32F10x_StdPeriph_Driver\src\stm32f10x_iwdg.c 0x00000000   Number         0  stm32f10x_iwdg.o ABSOLUTE
    Libraries\STM32F10x_StdPeriph_Driver\src\stm32f10x_pwr.c 0x00000000   Number         0  stm32f10x_pwr.o ABSOLUTE
    Libraries\STM32F10x_StdPeriph_Driver\src\stm32f10x_rcc.c 0x00000000   Number         0  stm32f10x_rcc.o ABSOLUTE
    Libraries\STM32F10x_StdPeriph_Driver\src\stm32f10x_tim.c 0x00000000   Number         0  stm32f10x_tim.o ABSOLUTE
    Libraries\STM32F10x_StdPeriph_Driver\src\stm32f10x_usart.c 0x00000000   Number         0  stm32f10x_usart.o ABSOLUTE
    Libraries\STM32F10x_StdPeriph_Driver\src\stm32f10x_wwdg.c 0x00000000   Number         0  stm32f10x_wwdg.o ABSOLUTE
    Libraries\\CMSIS\\core_cm3.c             0x00000000   Number         0  core_cm3.o ABSOLUTE
    Public\SysTick.c                         0x00000000   Number         0  systick.o ABSOLUTE
    Public\system.c                          0x00000000   Number         0  system.o ABSOLUTE
    Public\usart.c                           0x00000000   Number         0  usart.o ABSOLUTE
    User\main.c                              0x00000000   Number         0  main.o ABSOLUTE
    User\stm32f10x_it.c                      0x00000000   Number         0  stm32f10x_it.o ABSOLUTE
    cdrcmple.s                               0x00000000   Number         0  cdrcmple.o ABSOLUTE
    dc.s                                     0x00000000   Number         0  dc.o ABSOLUTE
    handlers.s                               0x00000000   Number         0  handlers.o ABSOLUTE
    init.s                                   0x00000000   Number         0  init.o ABSOLUTE
    RESET                                    0x08000000   Section      304  startup_stm32f10x_hd.o(RESET)
    .ARM.Collect$$$$00000000                 0x08000130   Section        0  entry.o(.ARM.Collect$$$$00000000)
    .ARM.Collect$$$$00000001                 0x08000130   Section        4  entry2.o(.ARM.Collect$$$$00000001)
    .ARM.Collect$$$$00000004                 0x08000134   Section        4  entry5.o(.ARM.Collect$$$$00000004)
    .ARM.Collect$$$$00000008                 0x08000138   Section        0  entry7b.o(.ARM.Collect$$$$00000008)
    .ARM.Collect$$$$0000000A                 0x08000138   Section        0  entry8b.o(.ARM.Collect$$$$0000000A)
    .ARM.Collect$$$$0000000B                 0x08000138   Section        8  entry9a.o(.ARM.Collect$$$$0000000B)
    .ARM.Collect$$$$0000000E                 0x08000140   Section        4  entry12b.o(.ARM.Collect$$$$0000000E)
    .ARM.Collect$$$$0000000F                 0x08000144   Section        0  entry10a.o(.ARM.Collect$$$$0000000F)
    .ARM.Collect$$$$00000011                 0x08000144   Section        0  entry11a.o(.ARM.Collect$$$$00000011)
    .ARM.Collect$$$$00002712                 0x08000144   Section        4  entry2.o(.ARM.Collect$$$$00002712)
    __lit__00000000                          0x08000144   Data           4  entry2.o(.ARM.Collect$$$$00002712)
    .text                                    0x08000148   Section       36  startup_stm32f10x_hd.o(.text)
    .text                                    0x0800016c   Section        0  uldiv.o(.text)
    .text                                    0x080001ce   Section        0  llshl.o(.text)
    .text                                    0x080001ec   Section        0  llushr.o(.text)
    .text                                    0x0800020c   Section       36  init.o(.text)
    i.BusFault_Handler                       0x08000230   Section        0  stm32f10x_it.o(i.BusFault_Handler)
    i.DebugMon_Handler                       0x08000234   Section        0  stm32f10x_it.o(i.DebugMon_Handler)
    i.Draw_Bar_Frame                         0x08000238   Section        0  main.o(i.Draw_Bar_Frame)
    Draw_Bar_Frame                           0x08000239   Thumb Code    72  main.o(i.Draw_Bar_Frame)
    i.Draw_H_Progress                        0x08000284   Section        0  main.o(i.Draw_H_Progress)
    Draw_H_Progress                          0x08000285   Thumb Code   232  main.o(i.Draw_H_Progress)
    i.Draw_H_Scale                           0x08000374   Section        0  main.o(i.Draw_H_Scale)
    Draw_H_Scale                             0x08000375   Thumb Code    76  main.o(i.Draw_H_Scale)
    i.Draw_Static_UI                         0x080003c4   Section        0  main.o(i.Draw_Static_UI)
    Draw_Static_UI                           0x080003c5   Thumb Code   658  main.o(i.Draw_Static_UI)
    i.Draw_V_Progress                        0x0800071c   Section        0  main.o(i.Draw_V_Progress)
    Draw_V_Progress                          0x0800071d   Thumb Code   222  main.o(i.Draw_V_Progress)
    i.Draw_V_Scale                           0x08000804   Section        0  main.o(i.Draw_V_Scale)
    Draw_V_Scale                             0x08000805   Thumb Code    76  main.o(i.Draw_V_Scale)
    i.FSMC_NORSRAMCmd                        0x08000854   Section        0  stm32f10x_fsmc.o(i.FSMC_NORSRAMCmd)
    i.FSMC_NORSRAMInit                       0x08000888   Section        0  stm32f10x_fsmc.o(i.FSMC_NORSRAMInit)
    i.GPIO_Init                              0x0800096e   Section        0  stm32f10x_gpio.o(i.GPIO_Init)
    i.GPIO_SetBits                           0x08000a84   Section        0  stm32f10x_gpio.o(i.GPIO_SetBits)
    i.HardFault_Handler                      0x08000a88   Section        0  stm32f10x_it.o(i.HardFault_Handler)
    i.KEY_Init                               0x08000a8c   Section        0  key.o(i.KEY_Init)
    i.KEY_Scan                               0x08000ac8   Section        0  key.o(i.KEY_Scan)
    i.LCD_Clear                              0x08000b68   Section        0  tftlcd.o(i.LCD_Clear)
    i.LCD_Display_Dir                        0x08000bb0   Section        0  tftlcd.o(i.LCD_Display_Dir)
    i.LCD_DrawFRONT_COLOR                    0x08000bf8   Section        0  tftlcd.o(i.LCD_DrawFRONT_COLOR)
    i.LCD_DrawLine                           0x08000c14   Section        0  tftlcd.o(i.LCD_DrawLine)
    i.LCD_DrawLine_Color                     0x08000cc4   Section        0  tftlcd.o(i.LCD_DrawLine_Color)
    i.LCD_DrawPoint                          0x08000d70   Section        0  tftlcd.o(i.LCD_DrawPoint)
    i.LCD_DrawRectangle                      0x08000d90   Section        0  tftlcd.o(i.LCD_DrawRectangle)
    i.LCD_Fill                               0x08000dcc   Section        0  tftlcd.o(i.LCD_Fill)
    i.LCD_ReadData                           0x08000e28   Section        0  tftlcd.o(i.LCD_ReadData)
    i.LCD_Set_Window                         0x08000e34   Section        0  tftlcd.o(i.LCD_Set_Window)
    i.LCD_ShowChar                           0x08000e80   Section        0  tftlcd.o(i.LCD_ShowChar)
    i.LCD_ShowString                         0x08000fa8   Section        0  tftlcd.o(i.LCD_ShowString)
    i.LCD_WriteCmd                           0x08001010   Section        0  tftlcd.o(i.LCD_WriteCmd)
    i.LCD_WriteData                          0x0800101c   Section        0  tftlcd.o(i.LCD_WriteData)
    i.LCD_WriteData_Color                    0x08001028   Section        0  tftlcd.o(i.LCD_WriteData_Color)
    i.LED_Init                               0x08001038   Section        0  led.o(i.LED_Init)
    i.MemManage_Handler                      0x08001084   Section        0  stm32f10x_it.o(i.MemManage_Handler)
    i.NMI_Handler                            0x08001088   Section        0  stm32f10x_it.o(i.NMI_Handler)
    i.NVIC_Init                              0x0800108c   Section        0  misc.o(i.NVIC_Init)
    i.NVIC_PriorityGroupConfig               0x080010fc   Section        0  misc.o(i.NVIC_PriorityGroupConfig)
    i.PendSV_Handler                         0x08001110   Section        0  stm32f10x_it.o(i.PendSV_Handler)
    i.Print_Status                           0x08001114   Section        0  main.o(i.Print_Status)
    Print_Status                             0x08001115   Thumb Code    46  main.o(i.Print_Status)
    i.Process_Key                            0x0800118c   Section        0  main.o(i.Process_Key)
    Process_Key                              0x0800118d   Thumb Code   120  main.o(i.Process_Key)
    i.RCC_AHBPeriphClockCmd                  0x08001210   Section        0  stm32f10x_rcc.o(i.RCC_AHBPeriphClockCmd)
    i.RCC_APB2PeriphClockCmd                 0x08001230   Section        0  stm32f10x_rcc.o(i.RCC_APB2PeriphClockCmd)
    i.RCC_GetClocksFreq                      0x08001250   Section        0  stm32f10x_rcc.o(i.RCC_GetClocksFreq)
    i.Refresh_Dynamic_UI                     0x08001324   Section        0  main.o(i.Refresh_Dynamic_UI)
    Refresh_Dynamic_UI                       0x08001325   Thumb Code   230  main.o(i.Refresh_Dynamic_UI)
    i.Run_Auto_Step                          0x080014a4   Section        0  main.o(i.Run_Auto_Step)
    Run_Auto_Step                            0x080014a5   Thumb Code    94  main.o(i.Run_Auto_Step)
    i.SVC_Handler                            0x08001514   Section        0  stm32f10x_it.o(i.SVC_Handler)
    i.SetSysClock                            0x08001516   Section        0  system_stm32f10x.o(i.SetSysClock)
    SetSysClock                              0x08001517   Thumb Code     8  system_stm32f10x.o(i.SetSysClock)
    i.SetSysClockTo72                        0x08001520   Section        0  system_stm32f10x.o(i.SetSysClockTo72)
    SetSysClockTo72                          0x08001521   Thumb Code   214  system_stm32f10x.o(i.SetSysClockTo72)
    i.Set_Progress                           0x08001600   Section        0  main.o(i.Set_Progress)
    Set_Progress                             0x08001601   Thumb Code    30  main.o(i.Set_Progress)
    i.Setup_Layout                           0x08001624   Section        0  main.o(i.Setup_Layout)
    Setup_Layout                             0x08001625   Thumb Code   362  main.o(i.Setup_Layout)
    i.Show_Text_Center                       0x080017b8   Section        0  main.o(i.Show_Text_Center)
    Show_Text_Center                         0x080017b9   Thumb Code   126  main.o(i.Show_Text_Center)
    i.Show_Text_Left                         0x08001840   Section        0  main.o(i.Show_Text_Left)
    Show_Text_Left                           0x08001841   Thumb Code    94  main.o(i.Show_Text_Left)
    i.SysTick_CLKSourceConfig                0x080018a8   Section        0  misc.o(i.SysTick_CLKSourceConfig)
    i.SysTick_Handler                        0x080018d0   Section        0  stm32f10x_it.o(i.SysTick_Handler)
    i.SysTick_Init                           0x080018d4   Section        0  systick.o(i.SysTick_Init)
    i.SystemInit                             0x08001910   Section        0  system_stm32f10x.o(i.SystemInit)
    i.TFTLCD_FSMC_Init                       0x08001970   Section        0  tftlcd.o(i.TFTLCD_FSMC_Init)
    i.TFTLCD_GPIO_Init                       0x080019f0   Section        0  tftlcd.o(i.TFTLCD_GPIO_Init)
    i.TFTLCD_Init                            0x08001a88   Section        0  tftlcd.o(i.TFTLCD_Init)
    i.Text_Pixel_Width                       0x08001cdc   Section        0  main.o(i.Text_Pixel_Width)
    Text_Pixel_Width                         0x08001cdd   Thumb Code    32  main.o(i.Text_Pixel_Width)
    i.USART1_IRQHandler                      0x08001cfc   Section        0  usart.o(i.USART1_IRQHandler)
    i.USART1_Init                            0x08001d84   Section        0  usart.o(i.USART1_Init)
    i.USART_ClearFlag                        0x08001e34   Section        0  stm32f10x_usart.o(i.USART_ClearFlag)
    i.USART_Cmd                              0x08001e46   Section        0  stm32f10x_usart.o(i.USART_Cmd)
    i.USART_GetFlagStatus                    0x08001e5e   Section        0  stm32f10x_usart.o(i.USART_GetFlagStatus)
    i.USART_GetITStatus                      0x08001e78   Section        0  stm32f10x_usart.o(i.USART_GetITStatus)
    i.USART_ITConfig                         0x08001ecc   Section        0  stm32f10x_usart.o(i.USART_ITConfig)
    i.USART_Init                             0x08001f18   Section        0  stm32f10x_usart.o(i.USART_Init)
    i.USART_ReceiveData                      0x08001ff0   Section        0  stm32f10x_usart.o(i.USART_ReceiveData)
    i.USART_SendData                         0x08001ffa   Section        0  stm32f10x_usart.o(i.USART_SendData)
    i.Update_LED_State                       0x08002004   Section        0  main.o(i.Update_LED_State)
    Update_LED_State                         0x08002005   Thumb Code    64  main.o(i.Update_LED_State)
    i.UsageFault_Handler                     0x08002058   Section        0  stm32f10x_it.o(i.UsageFault_Handler)
    i.__0printf$8                            0x0800205c   Section        0  printf8.o(i.__0printf$8)
    i.__0sprintf$8                           0x0800207c   Section        0  printf8.o(i.__0sprintf$8)
    i.__scatterload_copy                     0x080020a4   Section       14  handlers.o(i.__scatterload_copy)
    i.__scatterload_null                     0x080020b2   Section        2  handlers.o(i.__scatterload_null)
    i.__scatterload_zeroinit                 0x080020b4   Section       14  handlers.o(i.__scatterload_zeroinit)
    i._printf_core                           0x080020c4   Section        0  printf8.o(i._printf_core)
    _printf_core                             0x080020c5   Thumb Code   984  printf8.o(i._printf_core)
    i._printf_post_padding                   0x080024c8   Section        0  printf8.o(i._printf_post_padding)
    _printf_post_padding                     0x080024c9   Thumb Code    36  printf8.o(i._printf_post_padding)
    i._printf_pre_padding                    0x080024ec   Section        0  printf8.o(i._printf_pre_padding)
    _printf_pre_padding                      0x080024ed   Thumb Code    46  printf8.o(i._printf_pre_padding)
    i._sputc                                 0x0800251a   Section        0  printf8.o(i._sputc)
    _sputc                                   0x0800251b   Thumb Code    10  printf8.o(i._sputc)
    i.delay_ms                               0x08002524   Section        0  systick.o(i.delay_ms)
    i.fputc                                  0x08002570   Section        0  usart.o(i.fputc)
    i.main                                   0x08002594   Section        0  main.o(i.main)
    .constdata                               0x08002618   Section    18712  tftlcd.o(.constdata)
    .data                                    0x20000000   Section       76  main.o(.data)
    g_panel_rect                             0x20000000   Data           8  main.o(.data)
    g_hbar_rect                              0x20000008   Data           8  main.o(.data)
    g_vbar_rect                              0x20000010   Data           8  main.o(.data)
    g_value_rect                             0x20000018   Data           8  main.o(.data)
    g_info1_rect                             0x20000020   Data           8  main.o(.data)
    g_info2_rect                             0x20000028   Data           8  main.o(.data)
    g_info3_rect                             0x20000030   Data           8  main.o(.data)
    g_hint1_rect                             0x20000038   Data           8  main.o(.data)
    g_hint2_rect                             0x20000040   Data           8  main.o(.data)
    g_progress                               0x20000048   Data           1  main.o(.data)
    g_auto_mode                              0x20000049   Data           1  main.o(.data)
    g_direction                              0x2000004a   Data           1  main.o(.data)
    g_anim_phase                             0x2000004b   Data           1  main.o(.data)
    .data                                    0x2000004c   Section       20  stm32f10x_rcc.o(.data)
    APBAHBPrescTable                         0x2000004c   Data          16  stm32f10x_rcc.o(.data)
    ADCPrescTable                            0x2000005c   Data           4  stm32f10x_rcc.o(.data)
    .data                                    0x20000060   Section        1  key.o(.data)
    key                                      0x20000060   Data           1  key.o(.data)
    .data                                    0x20000062   Section       12  tftlcd.o(.data)
    .data                                    0x2000006e   Section        4  systick.o(.data)
    fac_us                                   0x2000006e   Data           1  systick.o(.data)
    fac_ms                                   0x20000070   Data           2  systick.o(.data)
    .data                                    0x20000072   Section        2  usart.o(.data)
    .data                                    0x20000074   Section        4  stdout.o(.data)
    .bss                                     0x20000078   Section      200  usart.o(.bss)
    STACK                                    0x20000140   Section     1024  startup_stm32f10x_hd.o(STACK)

    Global Symbols

    Symbol Name                              Value     Ov Type        Size  Object(Section)

    BuildAttributes$$THM_ISAv4$P$D$K$B$S$PE$A:L22UL41UL21$X:L11$S22US41US21$IEEE1$IW$USESV6$~STKCKD$USESV7$~SHL$OTIME$ROPI$EBA8$MICROLIB$REQ8$PRES8$EABIv2 0x00000000   Number         0  anon$$obj.o ABSOLUTE
    __ARM_use_no_argv                        0x00000000   Number         0  main.o ABSOLUTE
    _printf_a                                0x00000000   Number         0  stubs.o ABSOLUTE
    _printf_c                                0x00000000   Number         0  stubs.o ABSOLUTE
    _printf_charcount                        0x00000000   Number         0  stubs.o ABSOLUTE
    _printf_d                                0x00000000   Number         0  stubs.o ABSOLUTE
    _printf_e                                0x00000000   Number         0  stubs.o ABSOLUTE
    _printf_f                                0x00000000   Number         0  stubs.o ABSOLUTE
    _printf_flags                            0x00000000   Number         0  stubs.o ABSOLUTE
    _printf_fp_dec                           0x00000000   Number         0  stubs.o ABSOLUTE
    _printf_fp_hex                           0x00000000   Number         0  stubs.o ABSOLUTE
    _printf_g                                0x00000000   Number         0  stubs.o ABSOLUTE
    _printf_i                                0x00000000   Number         0  stubs.o ABSOLUTE
    _printf_int_dec                          0x00000000   Number         0  stubs.o ABSOLUTE
    _printf_l                                0x00000000   Number         0  stubs.o ABSOLUTE
    _printf_lc                               0x00000000   Number         0  stubs.o ABSOLUTE
    _printf_ll                               0x00000000   Number         0  stubs.o ABSOLUTE
    _printf_lld                              0x00000000   Number         0  stubs.o ABSOLUTE
    _printf_lli                              0x00000000   Number         0  stubs.o ABSOLUTE
    _printf_llo                              0x00000000   Number         0  stubs.o ABSOLUTE
    _printf_llu                              0x00000000   Number         0  stubs.o ABSOLUTE
    _printf_llx                              0x00000000   Number         0  stubs.o ABSOLUTE
    _printf_longlong_dec                     0x00000000   Number         0  stubs.o ABSOLUTE
    _printf_longlong_hex                     0x00000000   Number         0  stubs.o ABSOLUTE
    _printf_longlong_oct                     0x00000000   Number         0  stubs.o ABSOLUTE
    _printf_ls                               0x00000000   Number         0  stubs.o ABSOLUTE
    _printf_mbtowc                           0x00000000   Number         0  stubs.o ABSOLUTE
    _printf_n                                0x00000000   Number         0  stubs.o ABSOLUTE
    _printf_o                                0x00000000   Number         0  stubs.o ABSOLUTE
    _printf_p                                0x00000000   Number         0  stubs.o ABSOLUTE
    _printf_percent                          0x00000000   Number         0  stubs.o ABSOLUTE
    _printf_pre_padding                      0x00000000   Number         0  stubs.o ABSOLUTE
    _printf_return_value                     0x00000000   Number         0  stubs.o ABSOLUTE
    _printf_s                                0x00000000   Number         0  stubs.o ABSOLUTE
    _printf_sizespec                         0x00000000   Number         0  stubs.o ABSOLUTE
    _printf_str                              0x00000000   Number         0  stubs.o ABSOLUTE
    _printf_truncate_signed                  0x00000000   Number         0  stubs.o ABSOLUTE
    _printf_truncate_unsigned                0x00000000   Number         0  stubs.o ABSOLUTE
    _printf_u                                0x00000000   Number         0  stubs.o ABSOLUTE
    _printf_wc                               0x00000000   Number         0  stubs.o ABSOLUTE
    _printf_wctomb                           0x00000000   Number         0  stubs.o ABSOLUTE
    _printf_widthprec                        0x00000000   Number         0  stubs.o ABSOLUTE
    _printf_x                                0x00000000   Number         0  stubs.o ABSOLUTE
    __arm_fini_                               - Undefined Weak Reference
    __cpp_initialize__aeabi_                  - Undefined Weak Reference
    __cxa_finalize                            - Undefined Weak Reference
    __decompress                              - Undefined Weak Reference
    _clock_init                               - Undefined Weak Reference
    _microlib_exit                            - Undefined Weak Reference
    __Vectors_Size                           0x00000130   Number         0  startup_stm32f10x_hd.o ABSOLUTE
    __Vectors                                0x08000000   Data           4  startup_stm32f10x_hd.o(RESET)
    __Vectors_End                            0x08000130   Data           0  startup_stm32f10x_hd.o(RESET)
    __main                                   0x08000131   Thumb Code     0  entry.o(.ARM.Collect$$$$00000000)
    _main_stk                                0x08000131   Thumb Code     0  entry2.o(.ARM.Collect$$$$00000001)
    _main_scatterload                        0x08000135   Thumb Code     0  entry5.o(.ARM.Collect$$$$00000004)
    __main_after_scatterload                 0x08000139   Thumb Code     0  entry5.o(.ARM.Collect$$$$00000004)
    _main_clock                              0x08000139   Thumb Code     0  entry7b.o(.ARM.Collect$$$$00000008)
    _main_cpp_init                           0x08000139   Thumb Code     0  entry8b.o(.ARM.Collect$$$$0000000A)
    _main_init                               0x08000139   Thumb Code     0  entry9a.o(.ARM.Collect$$$$0000000B)
    __rt_lib_shutdown_fini                   0x08000141   Thumb Code     0  entry12b.o(.ARM.Collect$$$$0000000E)
    __rt_final_cpp                           0x08000145   Thumb Code     0  entry10a.o(.ARM.Collect$$$$0000000F)
    __rt_final_exit                          0x08000145   Thumb Code     0  entry11a.o(.ARM.Collect$$$$00000011)
    Reset_Handler                            0x08000149   Thumb Code     8  startup_stm32f10x_hd.o(.text)
    ADC1_2_IRQHandler                        0x08000163   Thumb Code     0  startup_stm32f10x_hd.o(.text)
    ADC3_IRQHandler                          0x08000163   Thumb Code     0  startup_stm32f10x_hd.o(.text)
    CAN1_RX1_IRQHandler                      0x08000163   Thumb Code     0  startup_stm32f10x_hd.o(.text)
    CAN1_SCE_IRQHandler                      0x08000163   Thumb Code     0  startup_stm32f10x_hd.o(.text)
    DMA1_Channel1_IRQHandler                 0x08000163   Thumb Code     0  startup_stm32f10x_hd.o(.text)
    DMA1_Channel2_IRQHandler                 0x08000163   Thumb Code     0  startup_stm32f10x_hd.o(.text)
    DMA1_Channel3_IRQHandler                 0x08000163   Thumb Code     0  startup_stm32f10x_hd.o(.text)
    DMA1_Channel4_IRQHandler                 0x08000163   Thumb Code     0  startup_stm32f10x_hd.o(.text)
    DMA1_Channel5_IRQHandler                 0x08000163   Thumb Code     0  startup_stm32f10x_hd.o(.text)
    DMA1_Channel6_IRQHandler                 0x08000163   Thumb Code     0  startup_stm32f10x_hd.o(.text)
    DMA1_Channel7_IRQHandler                 0x08000163   Thumb Code     0  startup_stm32f10x_hd.o(.text)
    DMA2_Channel1_IRQHandler                 0x08000163   Thumb Code     0  startup_stm32f10x_hd.o(.text)
    DMA2_Channel2_IRQHandler                 0x08000163   Thumb Code     0  startup_stm32f10x_hd.o(.text)
    DMA2_Channel3_IRQHandler                 0x08000163   Thumb Code     0  startup_stm32f10x_hd.o(.text)
    DMA2_Channel4_5_IRQHandler               0x08000163   Thumb Code     0  startup_stm32f10x_hd.o(.text)
    EXTI0_IRQHandler                         0x08000163   Thumb Code     0  startup_stm32f10x_hd.o(.text)
    EXTI15_10_IRQHandler                     0x08000163   Thumb Code     0  startup_stm32f10x_hd.o(.text)
    EXTI1_IRQHandler                         0x08000163   Thumb Code     0  startup_stm32f10x_hd.o(.text)
    EXTI2_IRQHandler                         0x08000163   Thumb Code     0  startup_stm32f10x_hd.o(.text)
    EXTI3_IRQHandler                         0x08000163   Thumb Code     0  startup_stm32f10x_hd.o(.text)
    EXTI4_IRQHandler                         0x08000163   Thumb Code     0  startup_stm32f10x_hd.o(.text)
    EXTI9_5_IRQHandler                       0x08000163   Thumb Code     0  startup_stm32f10x_hd.o(.text)
    FLASH_IRQHandler                         0x08000163   Thumb Code     0  startup_stm32f10x_hd.o(.text)
    FSMC_IRQHandler                          0x08000163   Thumb Code     0  startup_stm32f10x_hd.o(.text)
    I2C1_ER_IRQHandler                       0x08000163   Thumb Code     0  startup_stm32f10x_hd.o(.text)
    I2C1_EV_IRQHandler                       0x08000163   Thumb Code     0  startup_stm32f10x_hd.o(.text)
    I2C2_ER_IRQHandler                       0x08000163   Thumb Code     0  startup_stm32f10x_hd.o(.text)
    I2C2_EV_IRQHandler                       0x08000163   Thumb Code     0  startup_stm32f10x_hd.o(.text)
    PVD_IRQHandler                           0x08000163   Thumb Code     0  startup_stm32f10x_hd.o(.text)
    RCC_IRQHandler                           0x08000163   Thumb Code     0  startup_stm32f10x_hd.o(.text)
    RTCAlarm_IRQHandler                      0x08000163   Thumb Code     0  startup_stm32f10x_hd.o(.text)
    RTC_IRQHandler                           0x08000163   Thumb Code     0  startup_stm32f10x_hd.o(.text)
    SDIO_IRQHandler                          0x08000163   Thumb Code     0  startup_stm32f10x_hd.o(.text)
    SPI1_IRQHandler                          0x08000163   Thumb Code     0  startup_stm32f10x_hd.o(.text)
    SPI2_IRQHandler                          0x08000163   Thumb Code     0  startup_stm32f10x_hd.o(.text)
    SPI3_IRQHandler                          0x08000163   Thumb Code     0  startup_stm32f10x_hd.o(.text)
    TAMPER_IRQHandler                        0x08000163   Thumb Code     0  startup_stm32f10x_hd.o(.text)
    TIM1_BRK_IRQHandler                      0x08000163   Thumb Code     0  startup_stm32f10x_hd.o(.text)
    TIM1_CC_IRQHandler                       0x08000163   Thumb Code     0  startup_stm32f10x_hd.o(.text)
    TIM1_TRG_COM_IRQHandler                  0x08000163   Thumb Code     0  startup_stm32f10x_hd.o(.text)
    TIM1_UP_IRQHandler                       0x08000163   Thumb Code     0  startup_stm32f10x_hd.o(.text)
    TIM2_IRQHandler                          0x08000163   Thumb Code     0  startup_stm32f10x_hd.o(.text)
    TIM3_IRQHandler                          0x08000163   Thumb Code     0  startup_stm32f10x_hd.o(.text)
    TIM4_IRQHandler                          0x08000163   Thumb Code     0  startup_stm32f10x_hd.o(.text)
    TIM5_IRQHandler                          0x08000163   Thumb Code     0  startup_stm32f10x_hd.o(.text)
    TIM6_IRQHandler                          0x08000163   Thumb Code     0  startup_stm32f10x_hd.o(.text)
    TIM7_IRQHandler                          0x08000163   Thumb Code     0  startup_stm32f10x_hd.o(.text)
    TIM8_BRK_IRQHandler                      0x08000163   Thumb Code     0  startup_stm32f10x_hd.o(.text)
    TIM8_CC_IRQHandler                       0x08000163   Thumb Code     0  startup_stm32f10x_hd.o(.text)
    TIM8_TRG_COM_IRQHandler                  0x08000163   Thumb Code     0  startup_stm32f10x_hd.o(.text)
    TIM8_UP_IRQHandler                       0x08000163   Thumb Code     0  startup_stm32f10x_hd.o(.text)
    UART4_IRQHandler                         0x08000163   Thumb Code     0  startup_stm32f10x_hd.o(.text)
    UART5_IRQHandler                         0x08000163   Thumb Code     0  startup_stm32f10x_hd.o(.text)
    USART2_IRQHandler                        0x08000163   Thumb Code     0  startup_stm32f10x_hd.o(.text)
    USART3_IRQHandler                        0x08000163   Thumb Code     0  startup_stm32f10x_hd.o(.text)
    USBWakeUp_IRQHandler                     0x08000163   Thumb Code     0  startup_stm32f10x_hd.o(.text)
    USB_HP_CAN1_TX_IRQHandler                0x08000163   Thumb Code     0  startup_stm32f10x_hd.o(.text)
    USB_LP_CAN1_RX0_IRQHandler               0x08000163   Thumb Code     0  startup_stm32f10x_hd.o(.text)
    WWDG_IRQHandler                          0x08000163   Thumb Code     0  startup_stm32f10x_hd.o(.text)
    __aeabi_uldivmod                         0x0800016d   Thumb Code    98  uldiv.o(.text)
    __aeabi_llsl                             0x080001cf   Thumb Code    30  llshl.o(.text)
    _ll_shift_l                              0x080001cf   Thumb Code     0  llshl.o(.text)
    __aeabi_llsr                             0x080001ed   Thumb Code    32  llushr.o(.text)
    _ll_ushift_r                             0x080001ed   Thumb Code     0  llushr.o(.text)
    __scatterload                            0x0800020d   Thumb Code    28  init.o(.text)
    __scatterload_rt2                        0x0800020d   Thumb Code     0  init.o(.text)
    BusFault_Handler                         0x08000231   Thumb Code     4  stm32f10x_it.o(i.BusFault_Handler)
    DebugMon_Handler                         0x08000235   Thumb Code     2  stm32f10x_it.o(i.DebugMon_Handler)
    FSMC_NORSRAMCmd                          0x08000855   Thumb Code    46  stm32f10x_fsmc.o(i.FSMC_NORSRAMCmd)
    FSMC_NORSRAMInit                         0x08000889   Thumb Code   230  stm32f10x_fsmc.o(i.FSMC_NORSRAMInit)
    GPIO_Init                                0x0800096f   Thumb Code   278  stm32f10x_gpio.o(i.GPIO_Init)
    GPIO_SetBits                             0x08000a85   Thumb Code     4  stm32f10x_gpio.o(i.GPIO_SetBits)
    HardFault_Handler                        0x08000a89   Thumb Code     4  stm32f10x_it.o(i.HardFault_Handler)
    KEY_Init                                 0x08000a8d   Thumb Code    52  key.o(i.KEY_Init)
    KEY_Scan                                 0x08000ac9   Thumb Code   148  key.o(i.KEY_Scan)
    LCD_Clear                                0x08000b69   Thumb Code    68  tftlcd.o(i.LCD_Clear)
    LCD_Display_Dir                          0x08000bb1   Thumb Code    66  tftlcd.o(i.LCD_Display_Dir)
    LCD_DrawFRONT_COLOR                      0x08000bf9   Thumb Code    28  tftlcd.o(i.LCD_DrawFRONT_COLOR)
    LCD_DrawLine                             0x08000c15   Thumb Code   176  tftlcd.o(i.LCD_DrawLine)
    LCD_DrawLine_Color                       0x08000cc5   Thumb Code   172  tftlcd.o(i.LCD_DrawLine_Color)
    LCD_DrawPoint                            0x08000d71   Thumb Code    28  tftlcd.o(i.LCD_DrawPoint)
    LCD_DrawRectangle                        0x08000d91   Thumb Code    60  tftlcd.o(i.LCD_DrawRectangle)
    LCD_Fill                                 0x08000dcd   Thumb Code    92  tftlcd.o(i.LCD_Fill)
    LCD_ReadData                             0x08000e29   Thumb Code     6  tftlcd.o(i.LCD_ReadData)
    LCD_Set_Window                           0x08000e35   Thumb Code    74  tftlcd.o(i.LCD_Set_Window)
    LCD_ShowChar                             0x08000e81   Thumb Code   272  tftlcd.o(i.LCD_ShowChar)
    LCD_ShowString                           0x08000fa9   Thumb Code   102  tftlcd.o(i.LCD_ShowString)
    LCD_WriteCmd                             0x08001011   Thumb Code     6  tftlcd.o(i.LCD_WriteCmd)
    LCD_WriteData                            0x0800101d   Thumb Code     6  tftlcd.o(i.LCD_WriteData)
    LCD_WriteData_Color                      0x08001029   Thumb Code    12  tftlcd.o(i.LCD_WriteData_Color)
    LED_Init                                 0x08001039   Thumb Code    68  led.o(i.LED_Init)
    MemManage_Handler                        0x08001085   Thumb Code     4  stm32f10x_it.o(i.MemManage_Handler)
    NMI_Handler                              0x08001089   Thumb Code     2  stm32f10x_it.o(i.NMI_Handler)
    NVIC_Init                                0x0800108d   Thumb Code   100  misc.o(i.NVIC_Init)
    NVIC_PriorityGroupConfig                 0x080010fd   Thumb Code    10  misc.o(i.NVIC_PriorityGroupConfig)
    PendSV_Handler                           0x08001111   Thumb Code     2  stm32f10x_it.o(i.PendSV_Handler)
    RCC_AHBPeriphClockCmd                    0x08001211   Thumb Code    26  stm32f10x_rcc.o(i.RCC_AHBPeriphClockCmd)
    RCC_APB2PeriphClockCmd                   0x08001231   Thumb Code    26  stm32f10x_rcc.o(i.RCC_APB2PeriphClockCmd)
    RCC_GetClocksFreq                        0x08001251   Thumb Code   192  stm32f10x_rcc.o(i.RCC_GetClocksFreq)
    SVC_Handler                              0x08001515   Thumb Code     2  stm32f10x_it.o(i.SVC_Handler)
    SysTick_CLKSourceConfig                  0x080018a9   Thumb Code    40  misc.o(i.SysTick_CLKSourceConfig)
    SysTick_Handler                          0x080018d1   Thumb Code     2  stm32f10x_it.o(i.SysTick_Handler)
    SysTick_Init                             0x080018d5   Thumb Code    52  systick.o(i.SysTick_Init)
    SystemInit                               0x08001911   Thumb Code    78  system_stm32f10x.o(i.SystemInit)
    TFTLCD_FSMC_Init                         0x08001971   Thumb Code   126  tftlcd.o(i.TFTLCD_FSMC_Init)
    TFTLCD_GPIO_Init                         0x080019f1   Thumb Code   130  tftlcd.o(i.TFTLCD_GPIO_Init)
    TFTLCD_Init                              0x08001a89   Thumb Code   574  tftlcd.o(i.TFTLCD_Init)
    USART1_IRQHandler                        0x08001cfd   Thumb Code   122  usart.o(i.USART1_IRQHandler)
    USART1_Init                              0x08001d85   Thumb Code   166  usart.o(i.USART1_Init)
    USART_ClearFlag                          0x08001e35   Thumb Code    18  stm32f10x_usart.o(i.USART_ClearFlag)
    USART_Cmd                                0x08001e47   Thumb Code    24  stm32f10x_usart.o(i.USART_Cmd)
    USART_GetFlagStatus                      0x08001e5f   Thumb Code    26  stm32f10x_usart.o(i.USART_GetFlagStatus)
    USART_GetITStatus                        0x08001e79   Thumb Code    84  stm32f10x_usart.o(i.USART_GetITStatus)
    USART_ITConfig                           0x08001ecd   Thumb Code    74  stm32f10x_usart.o(i.USART_ITConfig)
    USART_Init                               0x08001f19   Thumb Code   210  stm32f10x_usart.o(i.USART_Init)
    USART_ReceiveData                        0x08001ff1   Thumb Code    10  stm32f10x_usart.o(i.USART_ReceiveData)
    USART_SendData                           0x08001ffb   Thumb Code     8  stm32f10x_usart.o(i.USART_SendData)
    UsageFault_Handler                       0x08002059   Thumb Code     4  stm32f10x_it.o(i.UsageFault_Handler)
    __0printf$8                              0x0800205d   Thumb Code    22  printf8.o(i.__0printf$8)
    __1printf$8                              0x0800205d   Thumb Code     0  printf8.o(i.__0printf$8)
    __2printf                                0x0800205d   Thumb Code     0  printf8.o(i.__0printf$8)
    __0sprintf$8                             0x0800207d   Thumb Code    34  printf8.o(i.__0sprintf$8)
    __1sprintf$8                             0x0800207d   Thumb Code     0  printf8.o(i.__0sprintf$8)
    __2sprintf                               0x0800207d   Thumb Code     0  printf8.o(i.__0sprintf$8)
    __scatterload_copy                       0x080020a5   Thumb Code    14  handlers.o(i.__scatterload_copy)
    __scatterload_null                       0x080020b3   Thumb Code     2  handlers.o(i.__scatterload_null)
    __scatterload_zeroinit                   0x080020b5   Thumb Code    14  handlers.o(i.__scatterload_zeroinit)
    delay_ms                                 0x08002525   Thumb Code    72  systick.o(i.delay_ms)
    fputc                                    0x08002571   Thumb Code    32  usart.o(i.fputc)
    main                                     0x08002595   Thumb Code   122  main.o(i.main)
    ascii_1206                               0x08002618   Data        1140  tftlcd.o(.constdata)
    ascii_1608                               0x08002a8c   Data        1520  tftlcd.o(.constdata)
    ascii_2412                               0x0800307c   Data        3420  tftlcd.o(.constdata)
    ascii_3216                               0x08003dd8   Data       12160  tftlcd.o(.constdata)
    CnChar32x29                              0x08006d58   Data         472  tftlcd.o(.constdata)
    Region$$Table$$Base                      0x08006f30   Number         0  anon$$obj.o(Region$$Table)
    Region$$Table$$Limit                     0x08006f50   Number         0  anon$$obj.o(Region$$Table)
    FRONT_COLOR                              0x20000062   Data           2  tftlcd.o(.data)
    BACK_COLOR                               0x20000064   Data           2  tftlcd.o(.data)
    tftlcd_data                              0x20000066   Data           8  tftlcd.o(.data)
    USART1_RX_STA                            0x20000072   Data           2  usart.o(.data)
    __stdout                                 0x20000074   Data           4  stdout.o(.data)
    USART1_RX_BUF                            0x20000078   Data         200  usart.o(.bss)
    __initial_sp                             0x20000540   Data           0  startup_stm32f10x_hd.o(STACK)



==============================================================================

Memory Map of the image

  Image Entry point : 0x08000131

  Load Region LR_IROM1 (Base: 0x08000000, Size: 0x00006fc8, Max: 0x00080000, ABSOLUTE)

    Execution Region ER_IROM1 (Exec base: 0x08000000, Load base: 0x08000000, Size: 0x00006f50, Max: 0x00080000, ABSOLUTE)

    Exec Addr    Load Addr    Size         Type   Attr      Idx    E Section Name        Object

    0x08000000   0x08000000   0x00000130   Data   RO          294    RESET               startup_stm32f10x_hd.o
    0x08000130   0x08000130   0x00000000   Code   RO         2613  * .ARM.Collect$$$$00000000  mc_w.l(entry.o)
    0x08000130   0x08000130   0x00000004   Code   RO         2893    .ARM.Collect$$$$00000001  mc_w.l(entry2.o)
    0x08000134   0x08000134   0x00000004   Code   RO         2896    .ARM.Collect$$$$00000004  mc_w.l(entry5.o)
    0x08000138   0x08000138   0x00000000   Code   RO         2898    .ARM.Collect$$$$00000008  mc_w.l(entry7b.o)
    0x08000138   0x08000138   0x00000000   Code   RO         2900    .ARM.Collect$$$$0000000A  mc_w.l(entry8b.o)
    0x08000138   0x08000138   0x00000008   Code   RO         2901    .ARM.Collect$$$$0000000B  mc_w.l(entry9a.o)
    0x08000140   0x08000140   0x00000004   Code   RO         2908    .ARM.Collect$$$$0000000E  mc_w.l(entry12b.o)
    0x08000144   0x08000144   0x00000000   Code   RO         2903    .ARM.Collect$$$$0000000F  mc_w.l(entry10a.o)
    0x08000144   0x08000144   0x00000000   Code   RO         2905    .ARM.Collect$$$$00000011  mc_w.l(entry11a.o)
    0x08000144   0x08000144   0x00000004   Code   RO         2894    .ARM.Collect$$$$00002712  mc_w.l(entry2.o)
    0x08000148   0x08000148   0x00000024   Code   RO          295    .text               startup_stm32f10x_hd.o
    0x0800016c   0x0800016c   0x00000062   Code   RO         2912    .text               mc_w.l(uldiv.o)
    0x080001ce   0x080001ce   0x0000001e   Code   RO         2914    .text               mc_w.l(llshl.o)
    0x080001ec   0x080001ec   0x00000020   Code   RO         2916    .text               mc_w.l(llushr.o)
    0x0800020c   0x0800020c   0x00000024   Code   RO         2929    .text               mc_w.l(init.o)
    0x08000230   0x08000230   0x00000004   Code   RO          207    i.BusFault_Handler  stm32f10x_it.o
    0x08000234   0x08000234   0x00000002   Code   RO          208    i.DebugMon_Handler  stm32f10x_it.o
    0x08000236   0x08000236   0x00000002   PAD
    0x08000238   0x08000238   0x0000004c   Code   RO            1    i.Draw_Bar_Frame    main.o
    0x08000284   0x08000284   0x000000f0   Code   RO            2    i.Draw_H_Progress   main.o
    0x08000374   0x08000374   0x00000050   Code   RO            3    i.Draw_H_Scale      main.o
    0x080003c4   0x080003c4   0x00000358   Code   RO            4    i.Draw_Static_UI    main.o
    0x0800071c   0x0800071c   0x000000e8   Code   RO            5    i.Draw_V_Progress   main.o
    0x08000804   0x08000804   0x00000050   Code   RO            6    i.Draw_V_Scale      main.o
    0x08000854   0x08000854   0x00000034   Code   RO         2073    i.FSMC_NORSRAMCmd   stm32f10x_fsmc.o
    0x08000888   0x08000888   0x000000e6   Code   RO         2075    i.FSMC_NORSRAMInit  stm32f10x_fsmc.o
    0x0800096e   0x0800096e   0x00000116   Code   RO          306    i.GPIO_Init         stm32f10x_gpio.o
    0x08000a84   0x08000a84   0x00000004   Code   RO          314    i.GPIO_SetBits      stm32f10x_gpio.o
    0x08000a88   0x08000a88   0x00000004   Code   RO          209    i.HardFault_Handler  stm32f10x_it.o
    0x08000a8c   0x08000a8c   0x0000003c   Code   RO         2256    i.KEY_Init          key.o
    0x08000ac8   0x08000ac8   0x000000a0   Code   RO         2257    i.KEY_Scan          key.o
    0x08000b68   0x08000b68   0x00000048   Code   RO         2305    i.LCD_Clear         tftlcd.o
    0x08000bb0   0x08000bb0   0x00000048   Code   RO         2307    i.LCD_Display_Dir   tftlcd.o
    0x08000bf8   0x08000bf8   0x0000001c   Code   RO         2308    i.LCD_DrawFRONT_COLOR  tftlcd.o
    0x08000c14   0x08000c14   0x000000b0   Code   RO         2309    i.LCD_DrawLine      tftlcd.o
    0x08000cc4   0x08000cc4   0x000000ac   Code   RO         2310    i.LCD_DrawLine_Color  tftlcd.o
    0x08000d70   0x08000d70   0x00000020   Code   RO         2311    i.LCD_DrawPoint     tftlcd.o
    0x08000d90   0x08000d90   0x0000003c   Code   RO         2312    i.LCD_DrawRectangle  tftlcd.o
    0x08000dcc   0x08000dcc   0x0000005c   Code   RO         2315    i.LCD_Fill          tftlcd.o
    0x08000e28   0x08000e28   0x0000000c   Code   RO         2318    i.LCD_ReadData      tftlcd.o
    0x08000e34   0x08000e34   0x0000004a   Code   RO         2321    i.LCD_Set_Window    tftlcd.o
    0x08000e7e   0x08000e7e   0x00000002   PAD
    0x08000e80   0x08000e80   0x00000128   Code   RO         2322    i.LCD_ShowChar      tftlcd.o
    0x08000fa8   0x08000fa8   0x00000066   Code   RO         2326    i.LCD_ShowString    tftlcd.o
    0x0800100e   0x0800100e   0x00000002   PAD
    0x08001010   0x08001010   0x0000000c   Code   RO         2328    i.LCD_WriteCmd      tftlcd.o
    0x0800101c   0x0800101c   0x0000000c   Code   RO         2330    i.LCD_WriteData     tftlcd.o
    0x08001028   0x08001028   0x00000010   Code   RO         2331    i.LCD_WriteData_Color  tftlcd.o
    0x08001038   0x08001038   0x0000004c   Code   RO         2226    i.LED_Init          led.o
    0x08001084   0x08001084   0x00000004   Code   RO          210    i.MemManage_Handler  stm32f10x_it.o
    0x08001088   0x08001088   0x00000002   Code   RO          211    i.NMI_Handler       stm32f10x_it.o
    0x0800108a   0x0800108a   0x00000002   PAD
    0x0800108c   0x0800108c   0x00000070   Code   RO          614    i.NVIC_Init         misc.o
    0x080010fc   0x080010fc   0x00000014   Code   RO          615    i.NVIC_PriorityGroupConfig  misc.o
    0x08001110   0x08001110   0x00000002   Code   RO          212    i.PendSV_Handler    stm32f10x_it.o
    0x08001112   0x08001112   0x00000002   PAD
    0x08001114   0x08001114   0x00000078   Code   RO            7    i.Print_Status      main.o
    0x0800118c   0x0800118c   0x00000084   Code   RO            8    i.Process_Key       main.o
    0x08001210   0x08001210   0x00000020   Code   RO          415    i.RCC_AHBPeriphClockCmd  stm32f10x_rcc.o
    0x08001230   0x08001230   0x00000020   Code   RO          418    i.RCC_APB2PeriphClockCmd  stm32f10x_rcc.o
    0x08001250   0x08001250   0x000000d4   Code   RO          426    i.RCC_GetClocksFreq  stm32f10x_rcc.o
    0x08001324   0x08001324   0x00000180   Code   RO            9    i.Refresh_Dynamic_UI  main.o
    0x080014a4   0x080014a4   0x00000070   Code   RO           10    i.Run_Auto_Step     main.o
    0x08001514   0x08001514   0x00000002   Code   RO          213    i.SVC_Handler       stm32f10x_it.o
    0x08001516   0x08001516   0x00000008   Code   RO         2182    i.SetSysClock       system_stm32f10x.o
    0x0800151e   0x0800151e   0x00000002   PAD
    0x08001520   0x08001520   0x000000e0   Code   RO         2183    i.SetSysClockTo72   system_stm32f10x.o
    0x08001600   0x08001600   0x00000024   Code   RO           11    i.Set_Progress      main.o
    0x08001624   0x08001624   0x00000194   Code   RO           12    i.Setup_Layout      main.o
    0x080017b8   0x080017b8   0x00000088   Code   RO           13    i.Show_Text_Center  main.o
    0x08001840   0x08001840   0x00000068   Code   RO           14    i.Show_Text_Left    main.o
    0x080018a8   0x080018a8   0x00000028   Code   RO          618    i.SysTick_CLKSourceConfig  misc.o
    0x080018d0   0x080018d0   0x00000002   Code   RO          214    i.SysTick_Handler   stm32f10x_it.o
    0x080018d2   0x080018d2   0x00000002   PAD
    0x080018d4   0x080018d4   0x0000003c   Code   RO         2553    i.SysTick_Init      systick.o
    0x08001910   0x08001910   0x00000060   Code   RO         2185    i.SystemInit        system_stm32f10x.o
    0x08001970   0x08001970   0x0000007e   Code   RO         2332    i.TFTLCD_FSMC_Init  tftlcd.o
    0x080019ee   0x080019ee   0x00000002   PAD
    0x080019f0   0x080019f0   0x00000098   Code   RO         2333    i.TFTLCD_GPIO_Init  tftlcd.o
    0x08001a88   0x08001a88   0x00000254   Code   RO         2334    i.TFTLCD_Init       tftlcd.o
    0x08001cdc   0x08001cdc   0x00000020   Code   RO           15    i.Text_Pixel_Width  main.o
    0x08001cfc   0x08001cfc   0x00000088   Code   RO         2582    i.USART1_IRQHandler  usart.o
    0x08001d84   0x08001d84   0x000000b0   Code   RO         2583    i.USART1_Init       usart.o
    0x08001e34   0x08001e34   0x00000012   Code   RO         1252    i.USART_ClearFlag   stm32f10x_usart.o
    0x08001e46   0x08001e46   0x00000018   Code   RO         1256    i.USART_Cmd         stm32f10x_usart.o
    0x08001e5e   0x08001e5e   0x0000001a   Code   RO         1259    i.USART_GetFlagStatus  stm32f10x_usart.o
    0x08001e78   0x08001e78   0x00000054   Code   RO         1260    i.USART_GetITStatus  stm32f10x_usart.o
    0x08001ecc   0x08001ecc   0x0000004a   Code   RO         1262    i.USART_ITConfig    stm32f10x_usart.o
    0x08001f16   0x08001f16   0x00000002   PAD
    0x08001f18   0x08001f18   0x000000d8   Code   RO         1263    i.USART_Init        stm32f10x_usart.o
    0x08001ff0   0x08001ff0   0x0000000a   Code   RO         1270    i.USART_ReceiveData  stm32f10x_usart.o
    0x08001ffa   0x08001ffa   0x00000008   Code   RO         1273    i.USART_SendData    stm32f10x_usart.o
    0x08002002   0x08002002   0x00000002   PAD
    0x08002004   0x08002004   0x00000054   Code   RO           16    i.Update_LED_State  main.o
    0x08002058   0x08002058   0x00000004   Code   RO          215    i.UsageFault_Handler  stm32f10x_it.o
    0x0800205c   0x0800205c   0x00000020   Code   RO         2823    i.__0printf$8       mc_w.l(printf8.o)
    0x0800207c   0x0800207c   0x00000028   Code   RO         2825    i.__0sprintf$8      mc_w.l(printf8.o)
    0x080020a4   0x080020a4   0x0000000e   Code   RO         2933    i.__scatterload_copy  mc_w.l(handlers.o)
    0x080020b2   0x080020b2   0x00000002   Code   RO         2934    i.__scatterload_null  mc_w.l(handlers.o)
    0x080020b4   0x080020b4   0x0000000e   Code   RO         2935    i.__scatterload_zeroinit  mc_w.l(handlers.o)
    0x080020c2   0x080020c2   0x00000002   PAD
    0x080020c4   0x080020c4   0x00000404   Code   RO         2830    i._printf_core      mc_w.l(printf8.o)
    0x080024c8   0x080024c8   0x00000024   Code   RO         2831    i._printf_post_padding  mc_w.l(printf8.o)
    0x080024ec   0x080024ec   0x0000002e   Code   RO         2832    i._printf_pre_padding  mc_w.l(printf8.o)
    0x0800251a   0x0800251a   0x0000000a   Code   RO         2834    i._sputc            mc_w.l(printf8.o)
    0x08002524   0x08002524   0x0000004c   Code   RO         2554    i.delay_ms          systick.o
    0x08002570   0x08002570   0x00000024   Code   RO         2584    i.fputc             usart.o
    0x08002594   0x08002594   0x00000084   Code   RO           17    i.main              main.o
    0x08002618   0x08002618   0x00004918   Data   RO         2335    .constdata          tftlcd.o
    0x08006f30   0x08006f30   0x00000020   Data   RO         2931    Region$$Table       anon$$obj.o


    Execution Region RW_IRAM1 (Exec base: 0x20000000, Load base: 0x08006f50, Size: 0x00000540, Max: 0x00010000, ABSOLUTE)

    Exec Addr    Load Addr    Size         Type   Attr      Idx    E Section Name        Object

    0x20000000   0x08006f50   0x0000004c   Data   RW           18    .data               main.o
    0x2000004c   0x08006f9c   0x00000014   Data   RW          446    .data               stm32f10x_rcc.o
    0x20000060   0x08006fb0   0x00000001   Data   RW         2258    .data               key.o
    0x20000061   0x08006fb1   0x00000001   PAD
    0x20000062   0x08006fb2   0x0000000c   Data   RW         2336    .data               tftlcd.o
    0x2000006e   0x08006fbe   0x00000004   Data   RW         2556    .data               systick.o
    0x20000072   0x08006fc2   0x00000002   Data   RW         2586    .data               usart.o
    0x20000074   0x08006fc4   0x00000004   Data   RW         2909    .data               mc_w.l(stdout.o)
    0x20000078        -       0x000000c8   Zero   RW         2585    .bss                usart.o
    0x20000140        -       0x00000400   Zero   RW          292    STACK               startup_stm32f10x_hd.o


==============================================================================

Image component sizes


      Code (inc. data)   RO Data    RW Data    ZI Data      Debug   Object Name

       220         20          0          1          0       1054   key.o
        76          8          0          0          0        443   led.o
      3240        584          0         76          0     252515   main.o
       172         22          0          0          0       2049   misc.o
        36          8        304          0       1024        800   startup_stm32f10x_hd.o
       282          6          0          0          0       1813   stm32f10x_fsmc.o
       282          0          0          0          0       2491   stm32f10x_gpio.o
        26          0          0          0          0       3414   stm32f10x_it.o
       276         32          0         20          0       4405   stm32f10x_rcc.o
       460          6          0          0          0       6687   stm32f10x_usart.o
       328         28          0          0          0       1769   system_stm32f10x.o
       136         12          0          4          0       1086   systick.o
      2102        104      18712         12          0      13557   tftlcd.o
       348         28          0          2        200       2124   usart.o

    ----------------------------------------------------------------------
      8004        858      19048        116       1224     294207   Object Totals
         0          0         32          0          0          0   (incl. Generated)
        20          0          0          1          0          0   (incl. Padding)

    ----------------------------------------------------------------------

      Code (inc. data)   RO Data    RW Data    ZI Data      Debug   Library Member Name

         0          0          0          0          0          0   entry.o
         0          0          0          0          0          0   entry10a.o
         0          0          0          0          0          0   entry11a.o
         4          0          0          0          0          0   entry12b.o
         8          4          0          0          0          0   entry2.o
         4          0          0          0          0          0   entry5.o
         0          0          0          0          0          0   entry7b.o
         0          0          0          0          0          0   entry8b.o
         8          4          0          0          0          0   entry9a.o
        30          0          0          0          0          0   handlers.o
        36          8          0          0          0         68   init.o
        30          0          0          0          0         68   llshl.o
        32          0          0          0          0         68   llushr.o
      1192         60          0          0          0        504   printf8.o
         0          0          0          4          0          0   stdout.o
        98          0          0          0          0         92   uldiv.o

    ----------------------------------------------------------------------
      1444         76          0          4          0        800   Library Totals
         2          0          0          0          0          0   (incl. Padding)

    ----------------------------------------------------------------------

      Code (inc. data)   RO Data    RW Data    ZI Data      Debug   Library Name

      1442         76          0          4          0        800   mc_w.l

    ----------------------------------------------------------------------
      1444         76          0          4          0        800   Library Totals

    ----------------------------------------------------------------------

==============================================================================


      Code (inc. data)   RO Data    RW Data    ZI Data      Debug   

      9448        934      19048        120       1224     291207   Grand Totals
      9448        934      19048        120       1224     291207   ELF Image Totals
      9448        934      19048        120          0          0   ROM Totals

==============================================================================

    Total RO  Size (Code + RO Data)                28496 (  27.83kB)
    Total RW  Size (RW Data + ZI Data)              1344 (   1.31kB)
    Total ROM Size (Code + RO Data + RW Data)      28616 (  27.95kB)

==============================================================================

