14:05:47 [main] ERROR me.x1ao.jetlinks.service.JetLinksService - 设备上线失败，原因: 设备上线失败: I/O error on POST request for "http://127.0.0.1:8848/online": Connection refused: connect; nested exception is java.net.ConnectException: Connection refused: connect
15:57:32 [main] ERROR me.x1ao.jetlinks.service.JetLinksService - 设备上线失败，原因: 设备上线失败: 404 Not Found: "{"timestamp":1780473447237,"path":"/online","status":404,"error":"Not Found","requestId":"abfa01b7-1"}"
15:57:56 [main] ERROR o.s.b.diagnostics.LoggingFailureAnalysisReporter - 

***************************
APPLICATION FAILED TO START
***************************

Description:

Web server failed to start. Port 8085 was already in use.

Action:

Identify and stop the process that's listening on port 8085 or configure this application to listen on another port.

15:58:17 [main] ERROR me.x1ao.jetlinks.service.JetLinksService - 设备上线失败，原因: 设备上线失败: 404 Not Found: "{"timestamp":1780473497044,"path":"/online","status":404,"error":"Not Found","requestId":"078bad1e-3"}"
15:58:22 [main] ERROR o.s.b.diagnostics.LoggingFailureAnalysisReporter - 

***************************
APPLICATION FAILED TO START
***************************

Description:

Web server failed to start. Port 8085 was already in use.

Action:

Identify and stop the process that's listening on port 8085 or configure this application to listen on another port.

15:58:39 [main] ERROR me.x1ao.jetlinks.service.JetLinksService - 设备上线失败，原因: 设备上线失败: 404 Not Found: "{"timestamp":1780473519427,"path":"/online","status":404,"error":"Not Found","requestId":"bb121144-4"}"
15:58:44 [main] ERROR o.s.b.diagnostics.LoggingFailureAnalysisReporter - 

***************************
APPLICATION FAILED TO START
***************************

Description:

Web server failed to start. Port 8085 was already in use.

Action:

Identify and stop the process that's listening on port 8085 or configure this application to listen on another port.

15:59:02 [main] ERROR me.x1ao.jetlinks.service.JetLinksService - 设备上线失败，原因: 设备上线失败: 404 Not Found: "{"timestamp":1780473542446,"path":"/online","status":404,"error":"Not Found","requestId":"1f9b03d9-5"}"
15:59:07 [main] ERROR o.s.b.diagnostics.LoggingFailureAnalysisReporter - 

***************************
APPLICATION FAILED TO START
***************************

Description:

Web server failed to start. Port 8085 was already in use.

Action:

Identify and stop the process that's listening on port 8085 or configure this application to listen on another port.

15:59:23 [main] ERROR me.x1ao.jetlinks.service.JetLinksService - 设备上线失败，原因: 设备上线失败: 404 Not Found: "{"timestamp":1780473563390,"path":"/online","status":404,"error":"Not Found","requestId":"b7b9f052-6"}"
15:59:28 [main] ERROR o.s.b.diagnostics.LoggingFailureAnalysisReporter - 

***************************
APPLICATION FAILED TO START
***************************

Description:

Web server failed to start. Port 8085 was already in use.

Action:

Identify and stop the process that's listening on port 8085 or configure this application to listen on another port.

15:59:45 [main] ERROR me.x1ao.jetlinks.service.JetLinksService - 设备上线失败，原因: 设备上线失败: 404 Not Found: "{"timestamp":1780473585150,"path":"/online","status":404,"error":"Not Found","requestId":"67a31852-7"}"
15:59:50 [main] ERROR o.s.b.diagnostics.LoggingFailureAnalysisReporter - 

***************************
APPLICATION FAILED TO START
***************************

Description:

Web server failed to start. Port 8085 was already in use.

Action:

Identify and stop the process that's listening on port 8085 or configure this application to listen on another port.

16:00:07 [main] ERROR me.x1ao.jetlinks.service.JetLinksService - 设备上线失败，原因: 设备上线失败: 404 Not Found: "{"timestamp":1780473607827,"path":"/online","status":404,"error":"Not Found","requestId":"6d3a6be7-8"}"
16:00:13 [main] ERROR o.s.b.diagnostics.LoggingFailureAnalysisReporter - 

***************************
APPLICATION FAILED TO START
***************************

Description:

Web server failed to start. Port 8085 was already in use.

Action:

Identify and stop the process that's listening on port 8085 or configure this application to listen on another port.

16:00:29 [main] ERROR me.x1ao.jetlinks.service.JetLinksService - 设备上线失败，原因: 设备上线失败: 404 Not Found: "{"timestamp":1780473629187,"path":"/online","status":404,"error":"Not Found","requestId":"8a198f90-9"}"
16:00:33 [main] ERROR o.s.b.diagnostics.LoggingFailureAnalysisReporter - 

***************************
APPLICATION FAILED TO START
***************************

Description:

Web server failed to start. Port 8085 was already in use.

Action:

Identify and stop the process that's listening on port 8085 or configure this application to listen on another port.

16:00:48 [main] ERROR me.x1ao.jetlinks.service.JetLinksService - 设备上线失败，原因: 设备上线失败: 404 Not Found: "{"timestamp":1780473648723,"path":"/online","status":404,"error":"Not Found","requestId":"0e1236b7-10"}"
16:00:53 [main] ERROR o.s.b.diagnostics.LoggingFailureAnalysisReporter - 

***************************
APPLICATION FAILED TO START
***************************

Description:

Web server failed to start. Port 8085 was already in use.

Action:

Identify and stop the process that's listening on port 8085 or configure this application to listen on another port.

16:01:09 [main] ERROR me.x1ao.jetlinks.service.JetLinksService - 设备上线失败，原因: 设备上线失败: 404 Not Found: "{"timestamp":1780473669562,"path":"/online","status":404,"error":"Not Found","requestId":"91c20c5c-11"}"
16:01:14 [main] ERROR o.s.b.diagnostics.LoggingFailureAnalysisReporter - 

***************************
APPLICATION FAILED TO START
***************************

Description:

Web server failed to start. Port 8085 was already in use.

Action:

Identify and stop the process that's listening on port 8085 or configure this application to listen on another port.

16:01:31 [main] ERROR me.x1ao.jetlinks.service.JetLinksService - 设备上线失败，原因: 设备上线失败: 404 Not Found: "{"timestamp":1780473691532,"path":"/online","status":404,"error":"Not Found","requestId":"073d79bf-12"}"
16:01:47 [main] ERROR o.s.b.diagnostics.LoggingFailureAnalysisReporter - 

***************************
APPLICATION FAILED TO START
***************************

Description:

Web server failed to start. Port 8085 was already in use.

Action:

Identify and stop the process that's listening on port 8085 or configure this application to listen on another port.

16:02:22 [main] ERROR me.x1ao.jetlinks.service.JetLinksService - 设备上线失败，原因: 设备上线失败: 404 Not Found: "{"timestamp":1780473742135,"path":"/online","status":404,"error":"Not Found","requestId":"7dfbb3ef-13"}"
16:02:33 [main] ERROR o.s.b.diagnostics.LoggingFailureAnalysisReporter - 

***************************
APPLICATION FAILED TO START
***************************

Description:

Web server failed to start. Port 8085 was already in use.

Action:

Identify and stop the process that's listening on port 8085 or configure this application to listen on another port.

16:02:51 [main] ERROR me.x1ao.jetlinks.service.JetLinksService - 设备上线失败，原因: 设备上线失败: 404 Not Found: "{"timestamp":1780473771722,"path":"/online","status":404,"error":"Not Found","requestId":"a793891c-14"}"
16:02:57 [main] ERROR o.s.b.diagnostics.LoggingFailureAnalysisReporter - 

***************************
APPLICATION FAILED TO START
***************************

Description:

Web server failed to start. Port 8085 was already in use.

Action:

Identify and stop the process that's listening on port 8085 or configure this application to listen on another port.

16:03:13 [main] ERROR me.x1ao.jetlinks.service.JetLinksService - 设备上线失败，原因: 设备上线失败: 404 Not Found: "{"timestamp":1780473793792,"path":"/online","status":404,"error":"Not Found","requestId":"9eadd01b-15"}"
16:03:18 [main] ERROR o.s.b.diagnostics.LoggingFailureAnalysisReporter - 

***************************
APPLICATION FAILED TO START
***************************

Description:

Web server failed to start. Port 8085 was already in use.

Action:

Identify and stop the process that's listening on port 8085 or configure this application to listen on another port.

16:03:32 [main] ERROR me.x1ao.jetlinks.service.JetLinksService - 设备上线失败，原因: 设备上线失败: 404 Not Found: "{"timestamp":1780473812859,"path":"/online","status":404,"error":"Not Found","requestId":"c37680c8-16"}"
16:03:37 [main] ERROR o.s.b.diagnostics.LoggingFailureAnalysisReporter - 

***************************
APPLICATION FAILED TO START
***************************

Description:

Web server failed to start. Port 8085 was already in use.

Action:

Identify and stop the process that's listening on port 8085 or configure this application to listen on another port.

16:03:53 [main] ERROR me.x1ao.jetlinks.service.JetLinksService - 设备上线失败，原因: 设备上线失败: 404 Not Found: "{"timestamp":1780473833925,"path":"/online","status":404,"error":"Not Found","requestId":"2b88c997-17"}"
16:03:58 [main] ERROR o.s.b.diagnostics.LoggingFailureAnalysisReporter - 

***************************
APPLICATION FAILED TO START
***************************

Description:

Web server failed to start. Port 8085 was already in use.

Action:

Identify and stop the process that's listening on port 8085 or configure this application to listen on another port.

16:04:13 [main] ERROR me.x1ao.jetlinks.service.JetLinksService - 设备上线失败，原因: 设备上线失败: 404 Not Found: "{"timestamp":1780473853388,"path":"/online","status":404,"error":"Not Found","requestId":"9265248b-18"}"
16:04:17 [main] ERROR o.s.b.diagnostics.LoggingFailureAnalysisReporter - 

***************************
APPLICATION FAILED TO START
***************************

Description:

Web server failed to start. Port 8085 was already in use.

Action:

Identify and stop the process that's listening on port 8085 or configure this application to listen on another port.

16:04:32 [main] ERROR me.x1ao.jetlinks.service.JetLinksService - 设备上线失败，原因: 设备上线失败: 404 Not Found: "{"timestamp":1780473872388,"path":"/online","status":404,"error":"Not Found","requestId":"54d398d4-19"}"
16:04:37 [main] ERROR o.s.b.diagnostics.LoggingFailureAnalysisReporter - 

***************************
APPLICATION FAILED TO START
***************************

Description:

Web server failed to start. Port 8085 was already in use.

Action:

Identify and stop the process that's listening on port 8085 or configure this application to listen on another port.

16:04:52 [main] ERROR me.x1ao.jetlinks.service.JetLinksService - 设备上线失败，原因: 设备上线失败: 404 Not Found: "{"timestamp":1780473892968,"path":"/online","status":404,"error":"Not Found","requestId":"f721f198-20"}"
16:04:57 [main] ERROR o.s.b.diagnostics.LoggingFailureAnalysisReporter - 

***************************
APPLICATION FAILED TO START
***************************

Description:

Web server failed to start. Port 8085 was already in use.

Action:

Identify and stop the process that's listening on port 8085 or configure this application to listen on another port.

16:05:14 [main] ERROR me.x1ao.jetlinks.service.JetLinksService - 设备上线失败，原因: 设备上线失败: 404 Not Found: "{"timestamp":1780473914781,"path":"/online","status":404,"error":"Not Found","requestId":"868c5426-21"}"
16:05:19 [main] ERROR o.s.b.diagnostics.LoggingFailureAnalysisReporter - 

***************************
APPLICATION FAILED TO START
***************************

Description:

Web server failed to start. Port 8085 was already in use.

Action:

Identify and stop the process that's listening on port 8085 or configure this application to listen on another port.

16:05:33 [main] ERROR me.x1ao.jetlinks.service.JetLinksService - 设备上线失败，原因: 设备上线失败: 404 Not Found: "{"timestamp":1780473933716,"path":"/online","status":404,"error":"Not Found","requestId":"d7d39a08-22"}"
16:05:38 [main] ERROR o.s.b.diagnostics.LoggingFailureAnalysisReporter - 

***************************
APPLICATION FAILED TO START
***************************

Description:

Web server failed to start. Port 8085 was already in use.

Action:

Identify and stop the process that's listening on port 8085 or configure this application to listen on another port.

16:05:53 [main] ERROR me.x1ao.jetlinks.service.JetLinksService - 设备上线失败，原因: 设备上线失败: 404 Not Found: "{"timestamp":1780473953737,"path":"/online","status":404,"error":"Not Found","requestId":"e55eac0d-23"}"
16:05:58 [main] ERROR o.s.b.diagnostics.LoggingFailureAnalysisReporter - 

***************************
APPLICATION FAILED TO START
***************************

Description:

Web server failed to start. Port 8085 was already in use.

Action:

Identify and stop the process that's listening on port 8085 or configure this application to listen on another port.

16:06:13 [main] ERROR me.x1ao.jetlinks.service.JetLinksService - 设备上线失败，原因: 设备上线失败: 404 Not Found: "{"timestamp":1780473973125,"path":"/online","status":404,"error":"Not Found","requestId":"8bdd065f-24"}"
16:06:17 [main] ERROR o.s.b.diagnostics.LoggingFailureAnalysisReporter - 

***************************
APPLICATION FAILED TO START
***************************

Description:

Web server failed to start. Port 8085 was already in use.

Action:

Identify and stop the process that's listening on port 8085 or configure this application to listen on another port.

16:06:34 [main] ERROR me.x1ao.jetlinks.service.JetLinksService - 设备上线失败，原因: 设备上线失败: 404 Not Found: "{"timestamp":1780473994532,"path":"/online","status":404,"error":"Not Found","requestId":"cffa89b8-25"}"
16:06:39 [main] ERROR o.s.b.diagnostics.LoggingFailureAnalysisReporter - 

***************************
APPLICATION FAILED TO START
***************************

Description:

Web server failed to start. Port 8085 was already in use.

Action:

Identify and stop the process that's listening on port 8085 or configure this application to listen on another port.

16:06:57 [main] ERROR me.x1ao.jetlinks.service.JetLinksService - 设备上线失败，原因: 设备上线失败: 404 Not Found: "{"timestamp":1780474017618,"path":"/online","status":404,"error":"Not Found","requestId":"a9946573-26"}"
16:07:02 [main] ERROR o.s.b.diagnostics.LoggingFailureAnalysisReporter - 

***************************
APPLICATION FAILED TO START
***************************

Description:

Web server failed to start. Port 8085 was already in use.

Action:

Identify and stop the process that's listening on port 8085 or configure this application to listen on another port.

16:07:19 [main] ERROR me.x1ao.jetlinks.service.JetLinksService - 设备上线失败，原因: 设备上线失败: 404 Not Found: "{"timestamp":1780474039307,"path":"/online","status":404,"error":"Not Found","requestId":"1022c4e1-27"}"
16:07:23 [main] ERROR o.s.b.diagnostics.LoggingFailureAnalysisReporter - 

***************************
APPLICATION FAILED TO START
***************************

Description:

Web server failed to start. Port 8085 was already in use.

Action:

Identify and stop the process that's listening on port 8085 or configure this application to listen on another port.

16:07:40 [main] ERROR me.x1ao.jetlinks.service.JetLinksService - 设备上线失败，原因: 设备上线失败: 404 Not Found: "{"timestamp":1780474060806,"path":"/online","status":404,"error":"Not Found","requestId":"9724a3f5-28"}"
