2026-06-17 11:36:22 INFO [CONFIG] loaded .env
2026-06-17 11:36:22 INFO [CONFIG] serial_port=COM3 baud_rate=115200 serial_timeout=1.0 device_id=hi3861_car_01 ha_enabled=True ha=127.0.0.1:1883 ha_discovery=True:homeassistant tb_enabled=True tb=127.0.0.1:1884 tb_token=configured log_level=INFO
2026-06-17 11:36:22 INFO [SERIAL] opening COM3 at 115200
2026-06-17 11:36:22 INFO [HA-MQTT] connecting 127.0.0.1:1883 client_id=iot_gateway_ha_hi3861_car_01
2026-06-17 11:36:22 INFO [HA-MQTT] connected
2026-06-17 11:36:22 INFO [TB-MQTT] connecting 127.0.0.1:1884 client_id=iot_gateway_tb_hi3861_car_01
2026-06-17 11:36:22 INFO [TB-MQTT] connected
2026-06-17 11:36:23 INFO [SERIAL] raw {"device_id":"hi3861_car_01","type":"car","status":"RUNNING","direction":"FORWARD","motion_state":"CRUISE","speed":50,"yaw_deg":16.1,"gyro_z_dps":0.00}
2026-06-17 11:36:23 INFO [CAR] parsed {'status': 'RUNNING', 'direction': 'FORWARD', 'motion_state': 'CRUISE', 'speed': 50, 'yaw_deg': 16.1, 'gyro_z_dps': 0}
2026-06-17 11:36:23 INFO [HA-MQTT] publish iot/hi3861_car_01/gateway/status online
2026-06-17 11:36:23 INFO [HA-MQTT] publish homeassistant/sensor/hi3861_car_01_status/config {"name":"Hi3861 Car Status","unique_id":"hi3861_car_01_status","state_topic":"iot/hi3861_car_01/status","device":{"identifiers":["hi3861_hi3861_car_01"],"name":"Huawei Hi3861 Car","manufacturer":"Huawei","model":"Hi3861 Smart Car"}}
2026-06-17 11:36:23 INFO [HA-MQTT] publish homeassistant/sensor/hi3861_car_01_direction/config {"name":"Hi3861 Car Direction","unique_id":"hi3861_car_01_direction","state_topic":"iot/hi3861_car_01/direction","device":{"identifiers":["hi3861_hi3861_car_01"],"name":"Huawei Hi3861 Car","manufacturer":"Huawei","model":"Hi3861 Smart Car"}}
2026-06-17 11:36:23 INFO [HA-MQTT] publish homeassistant/sensor/hi3861_car_01_motion_state/config {"name":"Hi3861 Car Motion State","unique_id":"hi3861_car_01_motion_state","state_topic":"iot/hi3861_car_01/motion_state","device":{"identifiers":["hi3861_hi3861_car_01"],"name":"Huawei Hi3861 Car","manufacturer":"Huawei","model":"Hi3861 Smart Car"}}
2026-06-17 11:36:23 INFO [HA-MQTT] publish homeassistant/sensor/hi3861_car_01_speed/config {"name":"Hi3861 Car Speed","unique_id":"hi3861_car_01_speed","state_topic":"iot/hi3861_car_01/speed","unit_of_measurement":"%","state_class":"measurement","device":{"identifiers":["hi3861_hi3861_car_01"],"name":"Huawei Hi3861 Car","manufacturer":"Huawei","model":"Hi3861 Smart Car"}}
2026-06-17 11:36:23 INFO [HA-MQTT] publish homeassistant/sensor/hi3861_car_01_distance_cm/config {"name":"Hi3861 Car Distance","unique_id":"hi3861_car_01_distance_cm","state_topic":"iot/hi3861_car_01/distance_cm","unit_of_measurement":"cm","state_class":"measurement","device":{"identifiers":["hi3861_hi3861_car_01"],"name":"Huawei Hi3861 Car","manufacturer":"Huawei","model":"Hi3861 Smart Car"}}
2026-06-17 11:36:23 INFO [HA-MQTT] publish homeassistant/sensor/hi3861_car_01_yaw_deg/config {"name":"Hi3861 Car Yaw","unique_id":"hi3861_car_01_yaw_deg","state_topic":"iot/hi3861_car_01/yaw_deg","unit_of_measurement":"deg","state_class":"measurement","device":{"identifiers":["hi3861_hi3861_car_01"],"name":"Huawei Hi3861 Car","manufacturer":"Huawei","model":"Hi3861 Smart Car"}}
2026-06-17 11:36:23 INFO [HA-MQTT] publish homeassistant/sensor/hi3861_car_01_gyro_z_dps/config {"name":"Hi3861 Car Gyro Z","unique_id":"hi3861_car_01_gyro_z_dps","state_topic":"iot/hi3861_car_01/gyro_z_dps","unit_of_measurement":"dps","state_class":"measurement","device":{"identifiers":["hi3861_hi3861_car_01"],"name":"Huawei Hi3861 Car","manufacturer":"Huawei","model":"Hi3861 Smart Car"}}
2026-06-17 11:36:23 INFO [HA-MQTT] publish iot/hi3861_car_01/status RUNNING
2026-06-17 11:36:23 INFO [HA-MQTT] publish iot/hi3861_car_01/direction FORWARD
2026-06-17 11:36:23 INFO [HA-MQTT] publish iot/hi3861_car_01/motion_state CRUISE
2026-06-17 11:36:23 INFO [HA-MQTT] publish iot/hi3861_car_01/speed 50
2026-06-17 11:36:23 INFO [HA-MQTT] publish iot/hi3861_car_01/yaw_deg 16.1
2026-06-17 11:36:23 INFO [HA-MQTT] publish iot/hi3861_car_01/gyro_z_dps 0
2026-06-17 11:36:23 INFO [TB-MQTT] publish device_id=hi3861_car_01 topic=v1/devices/me/telemetry {"status":"RUNNING","direction":"FORWARD","motion_state":"CRUISE","speed":50,"yaw_deg":16.1,"gyro_z_dps":0}
2026-06-17 11:36:23 INFO [TB-MQTT] publish v1/devices/me/telemetry {"status":"RUNNING","direction":"FORWARD","motion_state":"CRUISE","speed":50,"yaw_deg":16.1,"gyro_z_dps":0}
2026-06-17 11:36:33 INFO [SERIAL] raw {"device_id":"hi3861_car_01","type":"car","status":"RUNNING","direction":"FORWARD","motion_state":"CRUISE","speed":50,"yaw_deg":16.1,"gyro_z_dps":0.00}
2026-06-17 11:36:33 INFO [CAR] parsed {'status': 'RUNNING', 'direction': 'FORWARD', 'motion_state': 'CRUISE', 'speed': 50, 'yaw_deg': 16.1, 'gyro_z_dps': 0}
2026-06-17 11:36:33 INFO [HA-MQTT] publish iot/hi3861_car_01/status RUNNING
2026-06-17 11:36:33 INFO [HA-MQTT] publish iot/hi3861_car_01/direction FORWARD
2026-06-17 11:36:33 INFO [HA-MQTT] publish iot/hi3861_car_01/motion_state CRUISE
2026-06-17 11:36:33 INFO [HA-MQTT] publish iot/hi3861_car_01/speed 50
2026-06-17 11:36:33 INFO [HA-MQTT] publish iot/hi3861_car_01/yaw_deg 16.1
2026-06-17 11:36:33 INFO [HA-MQTT] publish iot/hi3861_car_01/gyro_z_dps 0
2026-06-17 11:36:33 INFO [TB-MQTT] publish device_id=hi3861_car_01 topic=v1/devices/me/telemetry {"status":"RUNNING","direction":"FORWARD","motion_state":"CRUISE","speed":50,"yaw_deg":16.1,"gyro_z_dps":0}
2026-06-17 11:36:33 INFO [TB-MQTT] publish v1/devices/me/telemetry {"status":"RUNNING","direction":"FORWARD","motion_state":"CRUISE","speed":50,"yaw_deg":16.1,"gyro_z_dps":0}
2026-06-17 11:36:43 INFO [SERIAL] raw {"device_id":"hi3861_car_01","type":"car","status":"RUNNING","direction":"FORWARD","motion_state":"CRUISE","speed":50,"yaw_deg":16.1,"gyro_z_dps":0.00}
2026-06-17 11:36:43 INFO [CAR] parsed {'status': 'RUNNING', 'direction': 'FORWARD', 'motion_state': 'CRUISE', 'speed': 50, 'yaw_deg': 16.1, 'gyro_z_dps': 0}
2026-06-17 11:36:43 INFO [HA-MQTT] publish iot/hi3861_car_01/status RUNNING
2026-06-17 11:36:43 INFO [HA-MQTT] publish iot/hi3861_car_01/direction FORWARD
2026-06-17 11:36:43 INFO [HA-MQTT] publish iot/hi3861_car_01/motion_state CRUISE
2026-06-17 11:36:43 INFO [HA-MQTT] publish iot/hi3861_car_01/speed 50
2026-06-17 11:36:43 INFO [HA-MQTT] publish iot/hi3861_car_01/yaw_deg 16.1
2026-06-17 11:36:43 INFO [HA-MQTT] publish iot/hi3861_car_01/gyro_z_dps 0
2026-06-17 11:36:43 INFO [TB-MQTT] publish device_id=hi3861_car_01 topic=v1/devices/me/telemetry {"status":"RUNNING","direction":"FORWARD","motion_state":"CRUISE","speed":50,"yaw_deg":16.1,"gyro_z_dps":0}
2026-06-17 11:36:43 INFO [TB-MQTT] publish v1/devices/me/telemetry {"status":"RUNNING","direction":"FORWARD","motion_state":"CRUISE","speed":50,"yaw_deg":16.1,"gyro_z_dps":0}
2026-06-17 11:36:54 INFO [SERIAL] raw {"device_id":"hi3861_car_01","type":"car","status":"RUNNING","direction":"FORWARD","motion_state":"CRUISE","speed":50,"yaw_deg":16.1,"gyro_z_dps":0.00}
2026-06-17 11:36:54 INFO [CAR] parsed {'status': 'RUNNING', 'direction': 'FORWARD', 'motion_state': 'CRUISE', 'speed': 50, 'yaw_deg': 16.1, 'gyro_z_dps': 0}
2026-06-17 11:36:54 INFO [HA-MQTT] publish iot/hi3861_car_01/status RUNNING
2026-06-17 11:36:54 INFO [HA-MQTT] publish iot/hi3861_car_01/direction FORWARD
2026-06-17 11:36:54 INFO [HA-MQTT] publish iot/hi3861_car_01/motion_state CRUISE
2026-06-17 11:36:54 INFO [HA-MQTT] publish iot/hi3861_car_01/speed 50
2026-06-17 11:36:54 INFO [HA-MQTT] publish iot/hi3861_car_01/yaw_deg 16.1
2026-06-17 11:36:54 INFO [HA-MQTT] publish iot/hi3861_car_01/gyro_z_dps 0
2026-06-17 11:36:54 INFO [TB-MQTT] publish device_id=hi3861_car_01 topic=v1/devices/me/telemetry {"status":"RUNNING","direction":"FORWARD","motion_state":"CRUISE","speed":50,"yaw_deg":16.1,"gyro_z_dps":0}
2026-06-17 11:36:54 INFO [TB-MQTT] publish v1/devices/me/telemetry {"status":"RUNNING","direction":"FORWARD","motion_state":"CRUISE","speed":50,"yaw_deg":16.1,"gyro_z_dps":0}
2026-06-17 11:37:04 INFO [SERIAL] raw {"device_id":"hi3861_car_01","type":"car","status":"RUNNING","direction":"FORWARD","motion_state":"CRUISE","speed":50,"yaw_deg":16.1,"gyro_z_dps":0.00}
2026-06-17 11:37:04 INFO [CAR] parsed {'status': 'RUNNING', 'direction': 'FORWARD', 'motion_state': 'CRUISE', 'speed': 50, 'yaw_deg': 16.1, 'gyro_z_dps': 0}
2026-06-17 11:37:04 INFO [HA-MQTT] publish iot/hi3861_car_01/status RUNNING
2026-06-17 11:37:04 INFO [HA-MQTT] publish iot/hi3861_car_01/direction FORWARD
2026-06-17 11:37:04 INFO [HA-MQTT] publish iot/hi3861_car_01/motion_state CRUISE
2026-06-17 11:37:04 INFO [HA-MQTT] publish iot/hi3861_car_01/speed 50
2026-06-17 11:37:04 INFO [HA-MQTT] publish iot/hi3861_car_01/yaw_deg 16.1
2026-06-17 11:37:04 INFO [HA-MQTT] publish iot/hi3861_car_01/gyro_z_dps 0
2026-06-17 11:37:04 INFO [TB-MQTT] publish device_id=hi3861_car_01 topic=v1/devices/me/telemetry {"status":"RUNNING","direction":"FORWARD","motion_state":"CRUISE","speed":50,"yaw_deg":16.1,"gyro_z_dps":0}
2026-06-17 11:37:04 INFO [TB-MQTT] publish v1/devices/me/telemetry {"status":"RUNNING","direction":"FORWARD","motion_state":"CRUISE","speed":50,"yaw_deg":16.1,"gyro_z_dps":0}
