Component: ARM Compiler 5.06 update 7 (build 960) Tool: armlink [4d3601]

==============================================================================

Section Cross References

    main.o(i.main) refers to systick.o(i.SysTick_Init) for SysTick_Init
    main.o(i.main) refers to misc.o(i.NVIC_PriorityGroupConfig) for NVIC_PriorityGroupConfig
    main.o(i.main) refers to led.o(i.LED_Init) for LED_Init
    main.o(i.main) refers to usart.o(i.USART1_Init) for USART1_Init
    main.o(i.main) refers to tftlcd.o(i.TFTLCD_Init) for TFTLCD_Init
    main.o(i.main) refers to key.o(i.KEY_Init) for KEY_Init
    main.o(i.main) refers to touch.o(i.TP_Init) for TP_Init
    main.o(i.main) refers to time.o(i.TIM4_Init) for TIM4_Init
    main.o(i.main) refers to lv_obj.o(i.lv_init) for lv_init
    main.o(i.main) refers to lv_port_disp.o(i.lv_port_disp_init) for lv_port_disp_init
    main.o(i.main) refers to lv_port_indev.o(i.lv_port_indev_init) for lv_port_indev_init
    main.o(i.main) refers to lv_mbox_test.o(i.lv_mbox_test_start) for lv_mbox_test_start
    main.o(i.main) refers to lv_task.o(i.lv_task_handler) for lv_task_handler
    main.o(i.main) refers to touch.o(.data) for tp_dev
    startup_stm32f10x_hd.o(RESET) refers to startup_stm32f10x_hd.o(STACK) for __initial_sp
    startup_stm32f10x_hd.o(RESET) refers to startup_stm32f10x_hd.o(.text) for Reset_Handler
    startup_stm32f10x_hd.o(RESET) refers to stm32f10x_it.o(i.NMI_Handler) for NMI_Handler
    startup_stm32f10x_hd.o(RESET) refers to stm32f10x_it.o(i.HardFault_Handler) for HardFault_Handler
    startup_stm32f10x_hd.o(RESET) refers to stm32f10x_it.o(i.MemManage_Handler) for MemManage_Handler
    startup_stm32f10x_hd.o(RESET) refers to stm32f10x_it.o(i.BusFault_Handler) for BusFault_Handler
    startup_stm32f10x_hd.o(RESET) refers to stm32f10x_it.o(i.UsageFault_Handler) for UsageFault_Handler
    startup_stm32f10x_hd.o(RESET) refers to stm32f10x_it.o(i.SVC_Handler) for SVC_Handler
    startup_stm32f10x_hd.o(RESET) refers to stm32f10x_it.o(i.DebugMon_Handler) for DebugMon_Handler
    startup_stm32f10x_hd.o(RESET) refers to stm32f10x_it.o(i.PendSV_Handler) for PendSV_Handler
    startup_stm32f10x_hd.o(RESET) refers to stm32f10x_it.o(i.SysTick_Handler) for SysTick_Handler
    startup_stm32f10x_hd.o(RESET) refers to time.o(i.TIM4_IRQHandler) for TIM4_IRQHandler
    startup_stm32f10x_hd.o(RESET) refers to usart.o(i.USART1_IRQHandler) for USART1_IRQHandler
    startup_stm32f10x_hd.o(.text) refers to system_stm32f10x.o(i.SystemInit) for SystemInit
    startup_stm32f10x_hd.o(.text) refers to entry.o(.ARM.Collect$$$$00000000) for __main
    stm32f10x_gpio.o(i.GPIO_AFIODeInit) refers to stm32f10x_rcc.o(i.RCC_APB2PeriphResetCmd) for RCC_APB2PeriphResetCmd
    stm32f10x_gpio.o(i.GPIO_DeInit) refers to stm32f10x_rcc.o(i.RCC_APB2PeriphResetCmd) for RCC_APB2PeriphResetCmd
    stm32f10x_rcc.o(i.RCC_GetClocksFreq) refers to stm32f10x_rcc.o(.data) for APBAHBPrescTable
    stm32f10x_rcc.o(i.RCC_WaitForHSEStartUp) refers to stm32f10x_rcc.o(i.RCC_GetFlagStatus) for RCC_GetFlagStatus
    stm32f10x_tim.o(i.TIM_DeInit) refers to stm32f10x_rcc.o(i.RCC_APB2PeriphResetCmd) for RCC_APB2PeriphResetCmd
    stm32f10x_tim.o(i.TIM_DeInit) refers to stm32f10x_rcc.o(i.RCC_APB1PeriphResetCmd) for RCC_APB1PeriphResetCmd
    stm32f10x_tim.o(i.TIM_ETRClockMode1Config) refers to stm32f10x_tim.o(i.TIM_ETRConfig) for TIM_ETRConfig
    stm32f10x_tim.o(i.TIM_ETRClockMode2Config) refers to stm32f10x_tim.o(i.TIM_ETRConfig) for TIM_ETRConfig
    stm32f10x_tim.o(i.TIM_ICInit) refers to stm32f10x_tim.o(i.TI1_Config) for TI1_Config
    stm32f10x_tim.o(i.TIM_ICInit) refers to stm32f10x_tim.o(i.TIM_SetIC1Prescaler) for TIM_SetIC1Prescaler
    stm32f10x_tim.o(i.TIM_ICInit) refers to stm32f10x_tim.o(i.TI2_Config) for TI2_Config
    stm32f10x_tim.o(i.TIM_ICInit) refers to stm32f10x_tim.o(i.TIM_SetIC2Prescaler) for TIM_SetIC2Prescaler
    stm32f10x_tim.o(i.TIM_ICInit) refers to stm32f10x_tim.o(i.TI3_Config) for TI3_Config
    stm32f10x_tim.o(i.TIM_ICInit) refers to stm32f10x_tim.o(i.TIM_SetIC3Prescaler) for TIM_SetIC3Prescaler
    stm32f10x_tim.o(i.TIM_ICInit) refers to stm32f10x_tim.o(i.TI4_Config) for TI4_Config
    stm32f10x_tim.o(i.TIM_ICInit) refers to stm32f10x_tim.o(i.TIM_SetIC4Prescaler) for TIM_SetIC4Prescaler
    stm32f10x_tim.o(i.TIM_ITRxExternalClockConfig) refers to stm32f10x_tim.o(i.TIM_SelectInputTrigger) for TIM_SelectInputTrigger
    stm32f10x_tim.o(i.TIM_PWMIConfig) refers to stm32f10x_tim.o(i.TI1_Config) for TI1_Config
    stm32f10x_tim.o(i.TIM_PWMIConfig) refers to stm32f10x_tim.o(i.TIM_SetIC1Prescaler) for TIM_SetIC1Prescaler
    stm32f10x_tim.o(i.TIM_PWMIConfig) refers to stm32f10x_tim.o(i.TI2_Config) for TI2_Config
    stm32f10x_tim.o(i.TIM_PWMIConfig) refers to stm32f10x_tim.o(i.TIM_SetIC2Prescaler) for TIM_SetIC2Prescaler
    stm32f10x_tim.o(i.TIM_TIxExternalClockConfig) refers to stm32f10x_tim.o(i.TI2_Config) for TI2_Config
[...]
    lv_disp_buf_init                         0x08007151   Thumb Code    34  lv_hal_disp.o(i.lv_disp_buf_init)
    lv_disp_drv_init                         0x08007175   Thumb Code    68  lv_hal_disp.o(i.lv_disp_drv_init)
    lv_disp_drv_register                     0x080071bd   Thumb Code   184  lv_hal_disp.o(i.lv_disp_drv_register)
    lv_disp_flush_ready                      0x08007285   Thumb Code    14  lv_hal_disp.o(i.lv_disp_flush_ready)
    lv_disp_get_antialiasing                 0x08007293   Thumb Code    26  lv_hal_disp.o(i.lv_disp_get_antialiasing)
    lv_disp_get_buf                          0x080072ad   Thumb Code     6  lv_hal_disp.o(i.lv_disp_get_buf)
    lv_disp_get_default                      0x080072b5   Thumb Code     6  lv_hal_disp.o(i.lv_disp_get_default)
    lv_disp_get_hor_res                      0x080072c1   Thumb Code    40  lv_hal_disp.o(i.lv_disp_get_hor_res)
    lv_disp_get_inv_buf_size                 0x080072e9   Thumb Code    12  lv_hal_disp.o(i.lv_disp_get_inv_buf_size)
    lv_disp_get_layer_sys                    0x080072f5   Thumb Code    22  lv_disp.o(i.lv_disp_get_layer_sys)
    lv_disp_get_layer_top                    0x0800730b   Thumb Code    22  lv_disp.o(i.lv_disp_get_layer_top)
    lv_disp_get_scr_act                      0x08007321   Thumb Code    22  lv_disp.o(i.lv_disp_get_scr_act)
    lv_disp_get_ver_res                      0x08007337   Thumb Code    40  lv_hal_disp.o(i.lv_disp_get_ver_res)
    lv_disp_is_double_buf                    0x0800735f   Thumb Code    22  lv_hal_disp.o(i.lv_disp_is_double_buf)
    lv_disp_is_true_double_buf               0x08007375   Thumb Code    40  lv_hal_disp.o(i.lv_disp_is_true_double_buf)
    lv_disp_pop_from_inv_buf                 0x0800739d   Thumb Code    36  lv_hal_disp.o(i.lv_disp_pop_from_inv_buf)
    lv_disp_refr_task                        0x080073c1   Thumb Code   344  lv_refr.o(i.lv_disp_refr_task)
    lv_draw_aa_get_opa                       0x08007521   Thumb Code    48  lv_draw.o(i.lv_draw_aa_get_opa)
    lv_draw_fill                             0x08007599   Thumb Code   156  lv_draw_basic.o(i.lv_draw_fill)
    lv_draw_free_buf                         0x08007635   Thumb Code    28  lv_draw.o(i.lv_draw_free_buf)
    lv_draw_get_buf                          0x08007659   Thumb Code    84  lv_draw.o(i.lv_draw_get_buf)
    lv_draw_label                            0x080076b5   Thumb Code  1238  lv_draw_label.o(i.lv_draw_label)
    lv_draw_letter                           0x08007b9d   Thumb Code   846  lv_draw_basic.o(i.lv_draw_letter)
    lv_draw_px                               0x08007f05   Thumb Code   214  lv_draw_basic.o(i.lv_draw_px)
    lv_draw_rect                             0x08007fdb   Thumb Code   144  lv_draw_rect.o(i.lv_draw_rect)
    lv_event_get_data                        0x0800abd1   Thumb Code     6  lv_obj.o(i.lv_event_get_data)
    lv_event_send                            0x0800abfd   Thumb Code    36  lv_obj.o(i.lv_event_send)
    lv_event_send_func                       0x0800ac21   Thumb Code   146  lv_obj.o(i.lv_event_send_func)
    lv_font_get_bitmap_fmt_txt               0x0800acbd   Thumb Code    52  lv_font_fmt_txt.o(i.lv_font_get_bitmap_fmt_txt)
    lv_font_get_glyph_bitmap                 0x0800acf1   Thumb Code    16  lv_font.o(i.lv_font_get_glyph_bitmap)
    lv_font_get_glyph_dsc                    0x0800ad01   Thumb Code    30  lv_font.o(i.lv_font_get_glyph_dsc)
    lv_font_get_glyph_dsc_fmt_txt            0x0800ad1f   Thumb Code   132  lv_font_fmt_txt.o(i.lv_font_get_glyph_dsc_fmt_txt)
    lv_font_get_glyph_width                  0x0800ada3   Thumb Code    38  lv_font.o(i.lv_font_get_glyph_width)
    lv_group_add_obj                         0x0800adcf   Thumb Code   106  lv_group.o(i.lv_group_add_obj)
    lv_group_focus_next                      0x0800ae39   Thumb Code    16  lv_group.o(i.lv_group_focus_next)
    lv_group_focus_obj                       0x0800ae51   Thumb Code   188  lv_group.o(i.lv_group_focus_obj)
    lv_group_focus_prev                      0x0800af0d   Thumb Code    16  lv_group.o(i.lv_group_focus_prev)
    lv_group_get_click_focus                 0x0800af25   Thumb Code    18  lv_group.o(i.lv_group_get_click_focus)
    lv_group_get_editing                     0x0800af37   Thumb Code    18  lv_group.o(i.lv_group_get_editing)
    lv_group_get_focused                     0x0800af49   Thumb Code    22  lv_group.o(i.lv_group_get_focused)
    lv_group_init                            0x0800af61   Thumb Code    12  lv_group.o(i.lv_group_init)
    lv_group_mod_style                       0x0800af71   Thumb Code    62  lv_group.o(i.lv_group_mod_style)
    lv_group_remove_obj                      0x0800aff5   Thumb Code   136  lv_group.o(i.lv_group_remove_obj)
    lv_group_send_data                       0x0800b07d   Thumb Code    62  lv_group.o(i.lv_group_send_data)
    lv_group_set_editing                     0x0800b0bb   Thumb Code    92  lv_group.o(i.lv_group_set_editing)
    lv_img_cache_invalidate_src              0x0800b119   Thumb Code    94  lv_img_cache.o(i.lv_img_cache_invalidate_src)
    lv_img_cache_set_size                    0x0800b181   Thumb Code   122  lv_img_cache.o(i.lv_img_cache_set_size)
    lv_img_color_format_get_px_size          0x0800b205   Thumb Code    76  lv_draw_img.o(i.lv_img_color_format_get_px_size)
    lv_img_decoder_built_in_close            0x0800b251   Thumb Code    32  lv_img_decoder.o(i.lv_img_decoder_built_in_close)
    lv_img_decoder_built_in_info             0x0800b271   Thumb Code   122  lv_img_decoder.o(i.lv_img_decoder_built_in_info)
    lv_img_decoder_built_in_open             0x0800b61b   Thumb Code   294  lv_img_decoder.o(i.lv_img_decoder_built_in_open)
    lv_img_decoder_built_in_read_line        0x0800b741   Thumb Code   200  lv_img_decoder.o(i.lv_img_decoder_built_in_read_line)
    lv_img_decoder_close                     0x0800b809   Thumb Code    24  lv_img_decoder.o(i.lv_img_decoder_close)
    lv_img_decoder_create                    0x0800b821   Thumb Code    36  lv_img_decoder.o(i.lv_img_decoder_create)
    lv_img_decoder_init                      0x0800b849   Thumb Code    62  lv_img_decoder.o(i.lv_img_decoder_init)
    lv_img_decoder_set_close_cb              0x0800b89d   Thumb Code     4  lv_img_decoder.o(i.lv_img_decoder_set_close_cb)
    lv_img_decoder_set_info_cb               0x0800b8a1   Thumb Code     4  lv_img_decoder.o(i.lv_img_decoder_set_info_cb)
    lv_img_decoder_set_open_cb               0x0800b8a5   Thumb Code     4  lv_img_decoder.o(i.lv_img_decoder_set_open_cb)
    lv_img_decoder_set_read_line_cb          0x0800b8a9   Thumb Code     4  lv_img_decoder.o(i.lv_img_decoder_set_read_line_cb)
    lv_img_src_get_type                      0x0800b8ad   Thumb Code    42  lv_draw_img.o(i.lv_img_src_get_type)
    lv_indev_drv_init                        0x0800b8d7   Thumb Code    36  lv_hal_indev.o(i.lv_indev_drv_init)
    lv_indev_drv_register                    0x0800b8fd   Thumb Code   100  lv_hal_indev.o(i.lv_indev_drv_register)
    lv_indev_get_act                         0x0800b969   Thumb Code     6  lv_indev.o(i.lv_indev_get_act)
    lv_indev_get_next                        0x0800b975   Thumb Code    24  lv_hal_indev.o(i.lv_indev_get_next)
    lv_indev_get_obj_act                     0x0800b991   Thumb Code     6  lv_indev.o(i.lv_indev_get_obj_act)
    lv_indev_get_point                       0x0800b99d   Thumb Code    32  lv_indev.o(i.lv_indev_get_point)
    lv_indev_get_type                        0x0800b9bd   Thumb Code    12  lv_indev.o(i.lv_indev_get_type)
    lv_indev_init                            0x0800b9c9   Thumb Code    10  lv_indev.o(i.lv_indev_init)
    lv_indev_is_dragging                     0x0800b9d3   Thumb Code    34  lv_indev.o(i.lv_indev_is_dragging)
    lv_indev_read                            0x0800b9f5   Thumb Code    62  lv_hal_indev.o(i.lv_indev_read)
    lv_indev_read_task                       0x0800ba35   Thumb Code   250  lv_indev.o(i.lv_indev_read_task)
    lv_indev_reset                           0x0800bb39   Thumb Code    62  lv_indev.o(i.lv_indev_reset)
    lv_indev_reset_long_press                0x0800bb77   Thumb Code    30  lv_indev.o(i.lv_indev_reset_long_press)
    lv_init                                  0x0800bb95   Thumb Code    76  lv_obj.o(i.lv_init)
    lv_inv_area                              0x0800bbed   Thumb Code   222  lv_refr.o(i.lv_inv_area)
    lv_label_create                          0x0800bccd   Thumb Code   446  lv_label.o(i.lv_label_create)
    lv_label_get_align                       0x0800c12d   Thumb Code    20  lv_label.o(i.lv_label_get_align)
    lv_label_get_body_draw                   0x0800c141   Thumb Code    20  lv_label.o(i.lv_label_get_body_draw)
    lv_label_get_letter_on                   0x0800c171   Thumb Code   394  lv_label.o(i.lv_label_get_letter_on)
    lv_label_get_long_mode                   0x0800c305   Thumb Code    20  lv_label.o(i.lv_label_get_long_mode)
    lv_label_get_recolor                     0x0800c319   Thumb Code    20  lv_label.o(i.lv_label_get_recolor)
    lv_label_get_text                        0x0800c32d   Thumb Code    16  lv_label.o(i.lv_label_get_text)
    lv_label_get_text_sel_end                0x0800c33d   Thumb Code     8  lv_label.o(i.lv_label_get_text_sel_end)
    lv_label_get_text_sel_start              0x0800c345   Thumb Code     8  lv_label.o(i.lv_label_get_text_sel_start)
    lv_label_set_align                       0x0800c7b5   Thumb Code    44  lv_label.o(i.lv_label_set_align)
    lv_label_set_body_draw                   0x0800c7e1   Thumb Code    50  lv_label.o(i.lv_label_set_body_draw)
    lv_label_set_long_mode                   0x0800c875   Thumb Code   128  lv_label.o(i.lv_label_set_long_mode)
    lv_label_set_recolor                     0x0800c935   Thumb Code    44  lv_label.o(i.lv_label_set_recolor)
    lv_label_set_static_text                 0x0800c961   Thumb Code    58  lv_label.o(i.lv_label_set_static_text)
    lv_label_set_text                        0x0800c99b   Thumb Code   152  lv_label.o(i.lv_label_set_text)
    lv_ll_chg_list                           0x0800cb7d   Thumb Code   112  lv_ll.o(i.lv_ll_chg_list)
    lv_ll_get_head                           0x0800cbed   Thumb Code    10  lv_ll.o(i.lv_ll_get_head)
    lv_ll_get_next                           0x0800cbf7   Thumb Code    22  lv_ll.o(i.lv_ll_get_next)
    lv_ll_get_prev                           0x0800cc0d   Thumb Code    20  lv_ll.o(i.lv_ll_get_prev)
    lv_ll_get_tail                           0x0800cc21   Thumb Code    10  lv_ll.o(i.lv_ll_get_tail)
    lv_ll_init                               0x0800cc2b   Thumb Code    22  lv_ll.o(i.lv_ll_init)
    lv_ll_ins_head                           0x0800cc41   Thumb Code    64  lv_ll.o(i.lv_ll_ins_head)
    lv_ll_ins_prev                           0x0800cc81   Thumb Code   114  lv_ll.o(i.lv_ll_ins_prev)
    lv_ll_ins_tail                           0x0800ccf3   Thumb Code    70  lv_ll.o(i.lv_ll_ins_tail)
    lv_ll_is_empty                           0x0800cd39   Thumb Code    24  lv_ll.o(i.lv_ll_is_empty)
    lv_ll_move_before                        0x0800cd51   Thumb Code   106  lv_ll.o(i.lv_ll_move_before)
    lv_ll_rem                                0x0800cdbb   Thumb Code   138  lv_ll.o(i.lv_ll_rem)
    lv_mbox_add_btns                         0x0800ce45   Thumb Code   124  lv_mbox.o(i.lv_mbox_add_btns)
    lv_mbox_create                           0x0800cf1d   Thumb Code   272  lv_mbox.o(i.lv_mbox_create)
    lv_mbox_get_active_btn                   0x0800d06f   Thumb Code    30  lv_mbox.o(i.lv_mbox_get_active_btn)
    lv_mbox_get_anim_time                    0x0800d08d   Thumb Code    16  lv_mbox.o(i.lv_mbox_get_anim_time)
    lv_mbox_get_btnm                         0x0800d09d   Thumb Code    16  lv_mbox.o(i.lv_mbox_get_btnm)
    lv_mbox_get_style                        0x0800d0ad   Thumb Code   128  lv_mbox.o(i.lv_mbox_get_style)
    lv_mbox_set_recolor                      0x0800d12d   Thumb Code    28  lv_mbox.o(i.lv_mbox_set_recolor)
    lv_mbox_set_style                        0x0800d149   Thumb Code   128  lv_mbox.o(i.lv_mbox_set_style)
    lv_mbox_set_text                         0x0800d1c9   Thumb Code    30  lv_mbox.o(i.lv_mbox_set_text)
    lv_mbox_start_auto_close                 0x0800d321   Thumb Code   230  lv_mbox.o(i.lv_mbox_start_auto_close)
    lv_mbox_test_start                       0x0800d419   Thumb Code   270  lv_mbox_test.o(i.lv_mbox_test_start)
    lv_mem_alloc                             0x0800d561   Thumb Code    70  lv_mem.o(i.lv_mem_alloc)
    lv_mem_free                              0x0800d5ad   Thumb Code   110  lv_mem.o(i.lv_mem_free)
    lv_mem_get_size                          0x0800d621   Thumb Code    26  lv_mem.o(i.lv_mem_get_size)
    lv_mem_init                              0x0800d641   Thumb Code    32  lv_mem.o(i.lv_mem_init)
    lv_mem_realloc                           0x0800d669   Thumb Code   108  lv_mem.o(i.lv_mem_realloc)
    lv_obj_align                             0x0800d6d5   Thumb Code   946  lv_obj.o(i.lv_obj_align)
    lv_obj_align_origo                       0x0800da87   Thumb Code   760  lv_obj.o(i.lv_obj_align_origo)
    lv_obj_allocate_ext_attr                 0x0800dd7f   Thumb Code    20  lv_obj.o(i.lv_obj_allocate_ext_attr)
    lv_obj_clear_protect                     0x0800dd93   Thumb Code    16  lv_obj.o(i.lv_obj_clear_protect)
    lv_obj_create                            0x0800dda5   Thumb Code   740  lv_obj.o(i.lv_obj_create)
    lv_obj_del                               0x0800e099   Thumb Code   240  lv_obj.o(i.lv_obj_del)
    lv_obj_get_auto_realign                  0x0800e24f   Thumb Code    12  lv_obj.o(i.lv_obj_get_auto_realign)
    lv_obj_get_child                         0x0800e25b   Thumb Code    34  lv_obj.o(i.lv_obj_get_child)
    lv_obj_get_click                         0x0800e27d   Thumb Code    12  lv_obj.o(i.lv_obj_get_click)
    lv_obj_get_coords                        0x0800e289   Thumb Code    18  lv_obj.o(i.lv_obj_get_coords)
    lv_obj_get_design_cb                     0x0800e29b   Thumb Code     6  lv_obj.o(i.lv_obj_get_design_cb)
    lv_obj_get_disp                          0x0800e2a1   Thumb Code    88  lv_obj.o(i.lv_obj_get_disp)
    lv_obj_get_drag                          0x0800e2fd   Thumb Code    12  lv_obj.o(i.lv_obj_get_drag)
    lv_obj_get_drag_dir                      0x0800e309   Thumb Code    12  lv_obj.o(i.lv_obj_get_drag_dir)
    lv_obj_get_drag_parent                   0x0800e315   Thumb Code    12  lv_obj.o(i.lv_obj_get_drag_parent)
    lv_obj_get_drag_throw                    0x0800e321   Thumb Code    12  lv_obj.o(i.lv_obj_get_drag_throw)
    lv_obj_get_ext_attr                      0x0800e32d   Thumb Code     6  lv_obj.o(i.lv_obj_get_ext_attr)
    lv_obj_get_group                         0x0800e333   Thumb Code     6  lv_obj.o(i.lv_obj_get_group)
    lv_obj_get_height                        0x0800e339   Thumb Code    16  lv_obj.o(i.lv_obj_get_height)
    lv_obj_get_hidden                        0x0800e349   Thumb Code    12  lv_obj.o(i.lv_obj_get_hidden)
    lv_obj_get_opa_scale                     0x0800e355   Thumb Code    40  lv_obj.o(i.lv_obj_get_opa_scale)
    lv_obj_get_parent                        0x0800e37d   Thumb Code     6  lv_obj.o(i.lv_obj_get_parent)
    lv_obj_get_screen                        0x0800e383   Thumb Code    26  lv_obj.o(i.lv_obj_get_screen)
    lv_obj_get_signal_cb                     0x0800e39d   Thumb Code     6  lv_obj.o(i.lv_obj_get_signal_cb)
    lv_obj_get_style                         0x0800e3a5   Thumb Code   108  lv_obj.o(i.lv_obj_get_style)
    lv_obj_get_width                         0x0800e415   Thumb Code    16  lv_obj.o(i.lv_obj_get_width)
    lv_obj_get_width_fit                     0x0800e425   Thumb Code    32  lv_obj.o(i.lv_obj_get_width_fit)
    lv_obj_get_x                             0x0800e445   Thumb Code    24  lv_obj.o(i.lv_obj_get_x)
    lv_obj_get_y                             0x0800e45d   Thumb Code    24  lv_obj.o(i.lv_obj_get_y)
    lv_obj_invalidate                        0x0800e475   Thumb Code   206  lv_obj.o(i.lv_obj_invalidate)
    lv_obj_is_focused                        0x0800e543   Thumb Code    26  lv_obj.o(i.lv_obj_is_focused)
    lv_obj_is_protected                      0x0800e55d   Thumb Code    18  lv_obj.o(i.lv_obj_is_protected)
    lv_obj_move_foreground                   0x0800e56f   Thumb Code    62  lv_obj.o(i.lv_obj_move_foreground)
    lv_obj_realign                           0x0800e5ad   Thumb Code    62  lv_obj.o(i.lv_obj_realign)
    lv_obj_refresh_ext_draw_pad              0x0800e5eb   Thumb Code    26  lv_obj.o(i.lv_obj_refresh_ext_draw_pad)
    lv_obj_refresh_style                     0x0800e605   Thumb Code    28  lv_obj.o(i.lv_obj_refresh_style)
    lv_obj_set_click                         0x0800e621   Thumb Code    18  lv_obj.o(i.lv_obj_set_click)
    lv_obj_set_design_cb                     0x0800e633   Thumb Code     4  lv_obj.o(i.lv_obj_set_design_cb)
    lv_obj_set_event_cb                      0x0800e637   Thumb Code     4  lv_obj.o(i.lv_obj_set_event_cb)
    lv_obj_set_height                        0x0800e63b   Thumb Code    26  lv_obj.o(i.lv_obj_set_height)
    lv_obj_set_pos                           0x0800e655   Thumb Code   162  lv_obj.o(i.lv_obj_set_pos)
    lv_obj_set_protect                       0x0800e6f7   Thumb Code    12  lv_obj.o(i.lv_obj_set_protect)
    lv_obj_set_signal_cb                     0x0800e703   Thumb Code     4  lv_obj.o(i.lv_obj_set_signal_cb)
    lv_obj_set_size                          0x0800e707   Thumb Code   158  lv_obj.o(i.lv_obj_set_size)
    lv_obj_set_style                         0x0800e7a5   Thumb Code    22  lv_obj.o(i.lv_obj_set_style)
    lv_obj_set_width                         0x0800e7bb   Thumb Code    26  lv_obj.o(i.lv_obj_set_width)
    lv_obj_set_x                             0x0800e7d5   Thumb Code    26  lv_obj.o(i.lv_obj_set_x)
    lv_obj_set_y                             0x0800e7ef   Thumb Code    26  lv_obj.o(i.lv_obj_set_y)
    lv_port_disp_init                        0x0800e871   Thumb Code    66  lv_port_disp.o(i.lv_port_disp_init)
    lv_port_indev_init                       0x0800e8c5   Thumb Code    30  lv_port_indev.o(i.lv_port_indev_init)
    lv_refr_get_disp_refreshing              0x0800eb29   Thumb Code     6  lv_refr.o(i.lv_refr_get_disp_refreshing)
    lv_refr_init                             0x0800ebb3   Thumb Code     2  lv_refr.o(i.lv_refr_init)
    lv_style_copy                            0x0800ee6f   Thumb Code    18  lv_style.o(i.lv_style_copy)
    lv_style_init                            0x0800ee81   Thumb Code  1352  lv_style.o(i.lv_style_init)
    lv_task_core_init                        0x0800f3d9   Thumb Code    18  lv_task.o(i.lv_task_core_init)
    lv_task_create                           0x0800f3f1   Thumb Code    62  lv_task.o(i.lv_task_create)
    lv_task_create_basic                     0x0800f431   Thumb Code   156  lv_task.o(i.lv_task_create_basic)
    lv_task_del                              0x0800f4d5   Thumb Code    34  lv_task.o(i.lv_task_del)
    lv_task_enable                           0x0800f505   Thumb Code     6  lv_task.o(i.lv_task_enable)
    lv_task_handler                          0x0800f561   Thumb Code   330  lv_task.o(i.lv_task_handler)
    lv_task_ready                            0x0800f6d5   Thumb Code    18  lv_task.o(i.lv_task_ready)
    lv_task_set_cb                           0x0800f6e7   Thumb Code     4  lv_task.o(i.lv_task_set_cb)
    lv_task_set_period                       0x0800f6eb   Thumb Code     4  lv_task.o(i.lv_task_set_period)
    lv_task_set_prio                         0x0800f6f1   Thumb Code    94  lv_task.o(i.lv_task_set_prio)
    lv_theme_get_current                     0x0800f755   Thumb Code    14  lv_theme.o(i.lv_theme_get_current)
    lv_tick_elaps                            0x0800f76d   Thumb Code    26  lv_hal_tick.o(i.lv_tick_elaps)
    lv_tick_get                              0x0800f789   Thumb Code    22  lv_hal_tick.o(i.lv_tick_get)
    lv_tick_inc                              0x0800f7a9   Thumb Code    18  lv_hal_tick.o(i.lv_tick_inc)
    lv_txt_get_next_line                     0x0800f7c5   Thumb Code   272  lv_txt.o(i.lv_txt_get_next_line)
    lv_txt_get_size                          0x0800f8e5   Thumb Code   204  lv_txt.o(i.lv_txt_get_size)
    lv_txt_get_width                         0x0800f9b1   Thumb Code   140  lv_txt.o(i.lv_txt_get_width)
    lv_txt_is_cmd                            0x0800fa41   Thumb Code    66  lv_txt.o(i.lv_txt_is_cmd)
    lv_utils_bsearch                         0x0800fdc9   Thumb Code    84  lv_utils.o(i.lv_utils_bsearch)
    main                                     0x0800fe1d   Thumb Code    80  main.o(i.main)
    sqrt                                     0x0801016f   Thumb Code    76  sqrt.o(i.sqrt)
    ascii_1206                               0x08010366   Data        1140  tftlcd.o(.constdata)
    ascii_1608                               0x080107da   Data        1520  tftlcd.o(.constdata)
    ascii_2412                               0x08010dca   Data        3420  tftlcd.o(.constdata)
    ascii_3216                               0x08011b26   Data       12160  tftlcd.o(.constdata)
    CnChar32x29                              0x08014aa6   Data         472  tftlcd.o(.constdata)
    TP_REMIND_MSG_TBL                        0x08014c80   Data           4  touch.o(.constdata)
    Region$$Table$$Base                      0x08017b6c   Number         0  anon$$obj.o(Region$$Table)
    Region$$Table$$Limit                     0x08017b8c   Number         0  anon$$obj.o(Region$$Table)
    FRONT_COLOR                              0x20000014   Data           2  tftlcd.o(.data)
    BACK_COLOR                               0x20000016   Data           2  tftlcd.o(.data)
    tftlcd_data                              0x20000018   Data           8  tftlcd.o(.data)
    tp_dev                                   0x20000020   Data          72  touch.o(.data)
    CMD_RDX                                  0x20000068   Data           1  touch.o(.data)
    CMD_RDY                                  0x20000069   Data           1  touch.o(.data)
    USART1_RX_STA                            0x2000006e   Data           2  usart.o(.data)
    lv_font_roboto_16                        0x200000d0   Data          16  lv_font_roboto_16.o(.data)
    _lv_img_cache_array                      0x200000f4   Data           4  lv_gc.o(.data)
    _lv_task_act                             0x200000f8   Data           4  lv_gc.o(.data)
    _lv_draw_buf                             0x200000fc   Data           4  lv_gc.o(.data)
    lv_txt_encoded_size                      0x2000011c   Data           4  lv_txt.o(.data)
    lv_txt_unicode_to_encoded                0x20000120   Data           4  lv_txt.o(.data)
    lv_txt_encoded_conv_wc                   0x20000124   Data           4  lv_txt.o(.data)
    lv_txt_encoded_next                      0x20000128   Data           4  lv_txt.o(.data)
    lv_txt_encoded_prev                      0x2000012c   Data           4  lv_txt.o(.data)
    lv_txt_encoded_get_byte_id               0x20000130   Data           4  lv_txt.o(.data)
    lv_encoded_get_char_id                   0x20000134   Data           4  lv_txt.o(.data)
    lv_txt_get_encoded_length                0x20000138   Data           4  lv_txt.o(.data)
    __stdout                                 0x20000184   Data           4  stdout.o(.data)
    USART1_RX_BUF                            0x2000018c   Data         200  usart.o(.bss)
    lv_style_scr                             0x20000254   Data          60  lv_style.o(.bss)
    lv_style_transp                          0x20000290   Data          60  lv_style.o(.bss)
    lv_style_transp_fit                      0x200002cc   Data          60  lv_style.o(.bss)
    lv_style_transp_tight                    0x20000308   Data          60  lv_style.o(.bss)
    lv_style_plain                           0x20000344   Data          60  lv_style.o(.bss)
    lv_style_plain_color                     0x20000380   Data          60  lv_style.o(.bss)
    lv_style_pretty                          0x200003bc   Data          60  lv_style.o(.bss)
    lv_style_pretty_color                    0x200003f8   Data          60  lv_style.o(.bss)
    lv_style_btn_rel                         0x20000434   Data          60  lv_style.o(.bss)
    lv_style_btn_pr                          0x20000470   Data          60  lv_style.o(.bss)
    lv_style_btn_tgl_rel                     0x200004ac   Data          60  lv_style.o(.bss)
    lv_style_btn_tgl_pr                      0x200004e8   Data          60  lv_style.o(.bss)
    lv_style_btn_ina                         0x20000524   Data          60  lv_style.o(.bss)
    _lv_task_ll                              0x20000560   Data          12  lv_gc.o(.bss)
    _lv_disp_ll                              0x2000056c   Data          12  lv_gc.o(.bss)
    _lv_indev_ll                             0x20000578   Data          12  lv_gc.o(.bss)
    _lv_drv_ll                               0x20000584   Data          12  lv_gc.o(.bss)
    _lv_file_ll                              0x20000590   Data          12  lv_gc.o(.bss)
    _lv_anim_ll                              0x2000059c   Data          12  lv_gc.o(.bss)
    _lv_group_ll                             0x200005a8   Data          12  lv_gc.o(.bss)
    _lv_img_defoder_ll                       0x200005b4   Data          12  lv_gc.o(.bss)
    __initial_sp                             0x2000a7d8   Data           0  startup_stm32f10x_hd.o(STACK)



==============================================================================

Memory Map of the image

  Image Entry point : 0x08000131

  Load Region LR_IROM1 (Base: 0x08000000, Size: 0x00017d18, Max: 0x00080000, ABSOLUTE, COMPRESSED[0x00017c28])

    Execution Region ER_IROM1 (Exec base: 0x08000000, Load base: 0x08000000, Size: 0x00017b8c, Max: 0x00080000, ABSOLUTE)

    Exec Addr    Load Addr    Size         Type   Attr      Idx    E Section Name        Object

    0x08000000   0x08000000   0x00000130   Data   RO          477    RESET               startup_stm32f10x_hd.o
    0x08000130   0x08000130   0x00000000   Code   RO        14350  * .ARM.Collect$$$$00000000  mc_w.l(entry.o)
    0x08000130   0x08000130   0x00000004   Code   RO        14652    .ARM.Collect$$$$00000001  mc_w.l(entry2.o)
    0x08000134   0x08000134   0x00000004   Code   RO        14655    .ARM.Collect$$$$00000004  mc_w.l(entry5.o)
    0x08000138   0x08000138   0x00000000   Code   RO        14657    .ARM.Collect$$$$00000008  mc_w.l(entry7b.o)
    0x08000138   0x08000138   0x00000000   Code   RO        14659    .ARM.Collect$$$$0000000A  mc_w.l(entry8b.o)
    0x08000138   0x08000138   0x00000008   Code   RO        14660    .ARM.Collect$$$$0000000B  mc_w.l(entry9a.o)
    0x08000140   0x08000140   0x00000004   Code   RO        14667    .ARM.Collect$$$$0000000E  mc_w.l(entry12b.o)
    0x08000144   0x08000144   0x00000000   Code   RO        14662    .ARM.Collect$$$$0000000F  mc_w.l(entry10a.o)
    0x08000144   0x08000144   0x00000000   Code   RO        14664    .ARM.Collect$$$$00000011  mc_w.l(entry11a.o)
    0x08000144   0x08000144   0x00000004   Code   RO        14653    .ARM.Collect$$$$00002712  mc_w.l(entry2.o)
    0x08000148   0x08000148   0x00000024   Code   RO          478    .text               startup_stm32f10x_hd.o
    0x0800016c   0x0800016c   0x00000024   Code   RO        14353    .text               mc_w.l(memcpya.o)
    0x08000190   0x08000190   0x00000024   Code   RO        14355    .text               mc_w.l(memseta.o)
    0x080001b4   0x080001b4   0x0000000e   Code   RO        14357    .text               mc_w.l(strlen.o)
    0x080001c2   0x080001c2   0x0000001c   Code   RO        14359    .text               mc_w.l(strcmp.o)
    0x080001de   0x080001de   0x00000012   Code   RO        14361    .text               mc_w.l(strcpy.o)
    0x080001f0   0x080001f0   0x000000b0   Code   RO        14626    .text               mf_w.l(fadd.o)
    0x080002a0   0x080002a0   0x00000064   Code   RO        14628    .text               mf_w.l(fmul.o)
    0x08000304   0x08000304   0x0000007c   Code   RO        14630    .text               mf_w.l(fdiv.o)
    0x08000380   0x08000380   0x000000e4   Code   RO        14632    .text               mf_w.l(dmul.o)
    0x08000464   0x08000464   0x00000012   Code   RO        14634    .text               mf_w.l(fflti.o)
    0x08000476   0x08000476   0x0000000a   Code   RO        14636    .text               mf_w.l(ffltui.o)
    0x08000480   0x08000480   0x0000001a   Code   RO        14638    .text               mf_w.l(dfltui.o)
    0x0800049a   0x0800049a   0x00000032   Code   RO        14640    .text               mf_w.l(ffixi.o)
    0x080004cc   0x080004cc   0x00000028   Code   RO        14642    .text               mf_w.l(ffixui.o)
    0x080004f4   0x080004f4   0x00000032   Code   RO        14644    .text               mf_w.l(dfixui.o)
    0x08000526   0x08000526   0x00000026   Code   RO        14646    .text               mf_w.l(f2d.o)
    0x0800054c   0x0800054c   0x00000030   Code   RO        14648    .text               mf_w.l(cdcmple.o)
    0x0800057c   0x0800057c   0x00000030   Code   RO        14650    .text               mf_w.l(cdrcmple.o)
    0x080005ac   0x080005ac   0x00000062   Code   RO        14671    .text               mc_w.l(uldiv.o)
    0x0800060e   0x0800060e   0x00000020   Code   RO        14673    .text               mc_w.l(llushr.o)
    0x0800062e   0x0800062e   0x00000000   Code   RO        14682    .text               mc_w.l(iusefp.o)
    0x0800062e   0x0800062e   0x0000006e   Code   RO        14683    .text               mf_w.l(fepilogue.o)
    0x0800069c   0x0800069c   0x000000ba   Code   RO        14685    .text               mf_w.l(depilogue.o)
    0x08000756   0x08000756   0x000000a2   Code   RO        14691    .text               mf_w.l(dsqrt.o)
    0x080007f8   0x080007f8   0x00000024   Code   RO        14695    .text               mc_w.l(init.o)
    0x0800081c   0x0800081c   0x0000001e   Code   RO        14697    .text               mc_w.l(llshl.o)
    0x0800083a   0x0800083a   0x00000056   Code   RO        14709    .text               mc_w.l(__dczerorl2.o)
    0x08000890   0x08000890   0x00000008   Code   RO         3278    i.AT24CXX_Init      24cxx.o
    0x08000898   0x08000898   0x0000002c   Code   RO         3280    i.AT24CXX_ReadLenByte  24cxx.o
    0x080008c4   0x080008c4   0x00000058   Code   RO         3281    i.AT24CXX_ReadOneByte  24cxx.o
    0x0800091c   0x0800091c   0x0000002a   Code   RO         3283    i.AT24CXX_WriteLenByte  24cxx.o
    0x08000946   0x08000946   0x00000050   Code   RO         3284    i.AT24CXX_WriteOneByte  24cxx.o
    0x08000996   0x08000996   0x00000004   Code   RO          390    i.BusFault_Handler  stm32f10x_it.o
    0x0800099a   0x0800099a   0x00000002   Code   RO          391    i.DebugMon_Handler  stm32f10x_it.o
    0x0800099c   0x0800099c   0x00000034   Code   RO         2477    i.FSMC_NORSRAMCmd   stm32f10x_fsmc.o
    0x080009d0   0x080009d0   0x000000e6   Code   RO         2479    i.FSMC_NORSRAMInit  stm32f10x_fsmc.o
    0x08000ab6   0x08000ab6   0x00000116   Code   RO          489    i.GPIO_Init         stm32f10x_gpio.o
    0x08000bcc   0x08000bcc   0x00000004   Code   RO          497    i.GPIO_SetBits      stm32f10x_gpio.o
    0x08000bd0   0x08000bd0   0x00000004   Code   RO          392    i.HardFault_Handler  stm32f10x_it.o
    0x08000bd4   0x08000bd4   0x00000038   Code   RO         3334    i.IIC_Ack           iic.o
    0x08000c0c   0x08000c0c   0x0000004c   Code   RO         3335    i.IIC_Init          iic.o
    0x08000c58   0x08000c58   0x00000038   Code   RO         3336    i.IIC_NAck          iic.o
    0x08000c90   0x08000c90   0x00000058   Code   RO         3337    i.IIC_Read_Byte     iic.o
    0x08000ce8   0x08000ce8   0x00000064   Code   RO         3338    i.IIC_Send_Byte     iic.o
    0x08000d4c   0x08000d4c   0x00000038   Code   RO         3339    i.IIC_Start         iic.o
    0x08000d84   0x08000d84   0x00000038   Code   RO         3340    i.IIC_Stop          iic.o
    0x08000dbc   0x08000dbc   0x0000004c   Code   RO         3341    i.IIC_Wait_Ack      iic.o
    0x08000e08   0x08000e08   0x0000003c   Code   RO         3403    i.KEY_Init          key.o
    0x08000e44   0x08000e44   0x00000048   Code   RO         2963    i.LCD_Clear         tftlcd.o
    0x08000e8c   0x08000e8c   0x0000005e   Code   RO         2964    i.LCD_Color_Fill    tftlcd.o
    0x08000eea   0x08000eea   0x00000002   PAD
    0x08000eec   0x08000eec   0x00000048   Code   RO         2965    i.LCD_Display_Dir   tftlcd.o
    0x08000f34   0x08000f34   0x0000001c   Code   RO         2966    i.LCD_DrawFRONT_COLOR  tftlcd.o
    0x08000f50   0x08000f50   0x000000b0   Code   RO         2967    i.LCD_DrawLine      tftlcd.o
    0x08001000   0x08001000   0x00000020   Code   RO         2969    i.LCD_DrawPoint     tftlcd.o
    0x08001020   0x08001020   0x00000098   Code   RO         2971    i.LCD_Draw_Circle   tftlcd.o
    0x080010b8   0x080010b8   0x00000016   Code   RO         2974    i.LCD_Pow           tftlcd.o
    0x080010ce   0x080010ce   0x00000002   PAD
    0x080010d0   0x080010d0   0x0000000c   Code   RO         2976    i.LCD_ReadData      tftlcd.o
    0x080010dc   0x080010dc   0x0000004a   Code   RO         2979    i.LCD_Set_Window    tftlcd.o
    0x08001126   0x08001126   0x00000002   PAD
    0x08001128   0x08001128   0x00000128   Code   RO         2980    i.LCD_ShowChar      tftlcd.o
    0x08001250   0x08001250   0x00000094   Code   RO         2982    i.LCD_ShowNum       tftlcd.o
    0x080012e4   0x080012e4   0x00000066   Code   RO         2984    i.LCD_ShowString    tftlcd.o
    0x0800134a   0x0800134a   0x00000002   PAD
    0x0800134c   0x0800134c   0x0000000c   Code   RO         2986    i.LCD_WriteCmd      tftlcd.o
    0x08001358   0x08001358   0x0000000c   Code   RO         2988    i.LCD_WriteData     tftlcd.o
    0x08001364   0x08001364   0x00000010   Code   RO         2989    i.LCD_WriteData_Color  tftlcd.o
    0x08001374   0x08001374   0x0000004c   Code   RO         2948    i.LED_Init          led.o
    0x080013c0   0x080013c0   0x00000004   Code   RO          393    i.MemManage_Handler  stm32f10x_it.o
    0x080013c4   0x080013c4   0x00000002   Code   RO          394    i.NMI_Handler       stm32f10x_it.o
    0x080013c6   0x080013c6   0x00000002   PAD
    0x080013c8   0x080013c8   0x00000070   Code   RO          797    i.NVIC_Init         misc.o
    0x08001438   0x08001438   0x00000014   Code   RO          798    i.NVIC_PriorityGroupConfig  misc.o
    0x0800144c   0x0800144c   0x00000002   Code   RO          395    i.PendSV_Handler    stm32f10x_it.o
    0x0800144e   0x0800144e   0x00000002   PAD
    0x08001450   0x08001450   0x00000020   Code   RO          598    i.RCC_AHBPeriphClockCmd  stm32f10x_rcc.o
    0x08001470   0x08001470   0x00000020   Code   RO          599    i.RCC_APB1PeriphClockCmd  stm32f10x_rcc.o
    0x08001490   0x08001490   0x00000020   Code   RO          601    i.RCC_APB2PeriphClockCmd  stm32f10x_rcc.o
    0x080014b0   0x080014b0   0x000000d4   Code   RO          609    i.RCC_GetClocksFreq  stm32f10x_rcc.o
    0x08001584   0x08001584   0x0000001c   Code   RO         3342    i.SDA_IN            iic.o
    0x080015a0   0x080015a0   0x00000024   Code   RO         3343    i.SDA_OUT           iic.o
    0x080015c4   0x080015c4   0x00000002   Code   RO          396    i.SVC_Handler       stm32f10x_it.o
    0x080015c6   0x080015c6   0x00000008   Code   RO         2904    i.SetSysClock       system_stm32f10x.o
    0x080015ce   0x080015ce   0x00000002   PAD
    0x080015d0   0x080015d0   0x000000e0   Code   RO         2905    i.SetSysClockTo72   system_stm32f10x.o
    0x080016b0   0x080016b0   0x00000028   Code   RO          801    i.SysTick_CLKSourceConfig  misc.o
    0x080016d8   0x080016d8   0x00000002   Code   RO          397    i.SysTick_Handler   stm32f10x_it.o
    0x080016da   0x080016da   0x00000002   PAD
    0x080016dc   0x080016dc   0x0000003c   Code   RO         3779    i.SysTick_Init      systick.o
    0x08001718   0x08001718   0x00000060   Code   RO         2907    i.SystemInit        system_stm32f10x.o
    0x08001778   0x08001778   0x0000007e   Code   RO         2990    i.TFTLCD_FSMC_Init  tftlcd.o
    0x080017f6   0x080017f6   0x00000002   PAD
    0x080017f8   0x080017f8   0x00000098   Code   RO         2991    i.TFTLCD_GPIO_Init  tftlcd.o
    0x08001890   0x08001890   0x00000254   Code   RO         2992    i.TFTLCD_Init       tftlcd.o
    0x08001ae4   0x08001ae4   0x00000020   Code   RO         3544    i.TIM4_IRQHandler   time.o
    0x08001b04   0x08001b04   0x00000068   Code   RO         3545    i.TIM4_Init         time.o
    0x08001b6c   0x08001b6c   0x00000006   Code   RO          898    i.TIM_ClearITPendingBit  stm32f10x_tim.o
    0x08001b72   0x08001b72   0x00000018   Code   RO          903    i.TIM_Cmd           stm32f10x_tim.o
    0x08001b8a   0x08001b8a   0x00000022   Code   RO          924    i.TIM_GetITStatus   stm32f10x_tim.o
    0x08001bac   0x08001bac   0x00000012   Code   RO          928    i.TIM_ITConfig      stm32f10x_tim.o
    0x08001bbe   0x08001bbe   0x00000002   PAD
    0x08001bc0   0x08001bc0   0x000000a4   Code   RO          974    i.TIM_TimeBaseInit  stm32f10x_tim.o
    0x08001c64   0x08001c64   0x000001a8   Code   RO         3166    i.TP_Adj_Info_Show  touch.o
    0x08001e0c   0x08001e0c   0x0000085c   Code   RO         3167    i.TP_Adjust         touch.o
    0x08002668   0x08002668   0x00000070   Code   RO         3169    i.TP_Drow_Touch_Point  touch.o
    0x080026d8   0x080026d8   0x000000ac   Code   RO         3170    i.TP_Get_Adjdata    touch.o
    0x08002784   0x08002784   0x000000cc   Code   RO         3171    i.TP_Init           touch.o
    0x08002850   0x08002850   0x00000094   Code   RO         3172    i.TP_Read_AD        touch.o
    0x080028e4   0x080028e4   0x0000007a   Code   RO         3173    i.TP_Read_XOY       touch.o
    0x0800295e   0x0800295e   0x00000002   PAD
    0x08002960   0x08002960   0x00000030   Code   RO         3174    i.TP_Read_XY        touch.o
    0x08002990   0x08002990   0x000000c0   Code   RO         3175    i.TP_Read_XY2       touch.o
    0x08002a50   0x08002a50   0x00000078   Code   RO         3176    i.TP_Save_Adjdata   touch.o
    0x08002ac8   0x08002ac8   0x00000108   Code   RO         3177    i.TP_Scan           touch.o
    0x08002bd0   0x08002bd0   0x0000004c   Code   RO         3178    i.TP_Write_Byte     touch.o
    0x08002c1c   0x08002c1c   0x00000088   Code   RO         3808    i.USART1_IRQHandler  usart.o
    0x08002ca4   0x08002ca4   0x000000b0   Code   RO         3809    i.USART1_Init       usart.o
    0x08002d54   0x08002d54   0x00000012   Code   RO         1435    i.USART_ClearFlag   stm32f10x_usart.o
    0x08002d66   0x08002d66   0x00000018   Code   RO         1439    i.USART_Cmd         stm32f10x_usart.o
    0x08002d7e   0x08002d7e   0x0000001a   Code   RO         1442    i.USART_GetFlagStatus  stm32f10x_usart.o
    0x08002d98   0x08002d98   0x00000054   Code   RO         1443    i.USART_GetITStatus  stm32f10x_usart.o
    0x08002dec   0x08002dec   0x0000004a   Code   RO         1445    i.USART_ITConfig    stm32f10x_usart.o
    0x08002e36   0x08002e36   0x00000002   PAD
    0x08002e38   0x08002e38   0x000000d8   Code   RO         1446    i.USART_Init        stm32f10x_usart.o
    0x08002f10   0x08002f10   0x0000000a   Code   RO         1453    i.USART_ReceiveData  stm32f10x_usart.o
    0x08002f1a   0x08002f1a   0x00000008   Code   RO         1456    i.USART_SendData    stm32f10x_usart.o
    0x08002f22   0x08002f22   0x00000004   Code   RO          398    i.UsageFault_Handler  stm32f10x_it.o
    0x08002f26   0x08002f26   0x00000002   PAD
    0x08002f28   0x08002f28   0x00000020   Code   RO        14498    i.__0printf$5       mc_w.l(printf5.o)
    0x08002f48   0x08002f48   0x0000000e   Code   RO        14703    i.__scatterload_copy  mc_w.l(handlers.o)
    0x08002f56   0x08002f56   0x00000002   Code   RO        14704    i.__scatterload_null  mc_w.l(handlers.o)
    0x08002f58   0x08002f58   0x0000000e   Code   RO        14705    i.__scatterload_zeroinit  mc_w.l(handlers.o)
    0x08002f66   0x08002f66   0x00000002   PAD
    0x08002f68   0x08002f68   0x0000000c   Code   RO        14677    i.__set_errno       mc_w.l(errno.o)
    0x08002f74   0x08002f74   0x000002c0   Code   RO        14505    i._printf_core      mc_w.l(printf5.o)
    0x08003234   0x08003234   0x00000090   Code   RO         8055    i.allocate_btn_areas_and_controls  lv_btnm.o
    0x080032c4   0x080032c4   0x000000b4   Code   RO         6855    i.anim_ready_handler  lv_anim.o
    0x08003378   0x08003378   0x000000d0   Code   RO         6856    i.anim_task         lv_anim.o
    0x08003448   0x08003448   0x00000054   Code   RO         5717    i.antialias_get_opa_circ  lv_draw_rect.o
    0x0800349c   0x0800349c   0x00000008   Code   RO         8056    i.button_get_tgl_state  lv_btnm.o
    0x080034a4   0x080034a4   0x00000008   Code   RO         8057    i.button_is_click_trig  lv_btnm.o
    0x080034ac   0x080034ac   0x00000008   Code   RO         8058    i.button_is_hidden  lv_btnm.o
    0x080034b4   0x080034b4   0x00000008   Code   RO         8059    i.button_is_inactive  lv_btnm.o
    0x080034bc   0x080034bc   0x00000008   Code   RO         8060    i.button_is_repeat_disabled  lv_btnm.o
    0x080034c4   0x080034c4   0x00000008   Code   RO         8061    i.button_is_tgl_enabled  lv_btnm.o
    0x080034cc   0x080034cc   0x0000004c   Code   RO         3780    i.delay_ms          systick.o
    0x08003518   0x08003518   0x0000004c   Code   RO         3781    i.delay_us          systick.o
    0x08003564   0x08003564   0x000000c8   Code   RO         4441    i.delete_children   lv_obj.o
    0x0800362c   0x0800362c   0x00000026   Code   RO        14012    i.disp_flush        lv_port_disp.o
    0x08003652   0x08003652   0x00000002   Code   RO        14013    i.disp_init         lv_port_disp.o
    0x08003654   0x08003654   0x00000030   Code   RO         7326    i.ent_alloc         lv_mem.o
    0x08003684   0x08003684   0x00000030   Code   RO         7327    i.ent_get_next      lv_mem.o
    0x080036b4   0x080036b4   0x0000004c   Code   RO         7328    i.ent_trunc         lv_mem.o
    0x08003700   0x08003700   0x00000060   Code   RO        14299    i.event_handler     lv_mbox_test.o
    0x08003760   0x08003760   0x000000f6   Code   RO         3961    i.focus_next_core   lv_group.o
    0x08003856   0x08003856   0x00000002   PAD
    0x08003858   0x08003858   0x00000024   Code   RO         3810    i.fputc             usart.o
    0x0800387c   0x0800387c   0x00000092   Code   RO         8062    i.get_button_from_point  lv_btnm.o
    0x0800390e   0x0800390e   0x00000010   Code   RO         8063    i.get_button_width  lv_btnm.o
    0x0800391e   0x0800391e   0x00000002   PAD
    0x08003920   0x08003920   0x0000019c   Code   RO         6098    i.get_glyph_dsc_id  lv_font_fmt_txt.o
    0x08003abc   0x08003abc   0x000000d8   Code   RO         6099    i.get_kern_value    lv_font_fmt_txt.o
    0x08003b94   0x08003b94   0x00000050   Code   RO         5619    i.hex_char_to_num   lv_draw_label.o
    0x08003be4   0x08003be4   0x00000056   Code   RO         4248    i.indev_button_proc  lv_indev.o
    0x08003c3a   0x08003c3a   0x00000002   PAD
    0x08003c3c   0x08003c3c   0x00000218   Code   RO         4249    i.indev_drag        lv_indev.o
    0x08003e54   0x08003e54   0x000001b0   Code   RO         4250    i.indev_drag_throw  lv_indev.o
    0x08004004   0x08004004   0x0000037c   Code   RO         4251    i.indev_encoder_proc  lv_indev.o
    0x08004380   0x08004380   0x000002fc   Code   RO         4252    i.indev_keypad_proc  lv_indev.o
    0x0800467c   0x0800467c   0x0000005a   Code   RO         4253    i.indev_pointer_proc  lv_indev.o
    0x080046d6   0x080046d6   0x00000002   PAD
    0x080046d8   0x080046d8   0x0000037c   Code   RO         4254    i.indev_proc_press  lv_indev.o
    0x08004a54   0x08004a54   0x00000264   Code   RO         4255    i.indev_proc_release  lv_indev.o
    0x08004cb8   0x08004cb8   0x0000005c   Code   RO         4256    i.indev_proc_reset_query_handler  lv_indev.o
    0x08004d14   0x08004d14   0x00000020   Code   RO         4257    i.indev_reset_check  lv_indev.o
    0x08004d34   0x08004d34   0x00000076   Code   RO         4258    i.indev_search_obj  lv_indev.o
    0x08004daa   0x08004daa   0x00000082   Code   RO         8064    i.invalidate_button_area  lv_btnm.o
    0x08004e2c   0x08004e2c   0x00000020   Code   RO         6100    i.kern_pair_16_compare  lv_font_fmt_txt.o
    0x08004e4c   0x08004e4c   0x00000020   Code   RO         6101    i.kern_pair_8_compare  lv_font_fmt_txt.o
    0x08004e6c   0x08004e6c   0x0000002c   Code   RO         6857    i.lv_anim_core_init  lv_anim.o
    0x08004e98   0x08004e98   0x00000058   Code   RO         6859    i.lv_anim_create    lv_anim.o
    0x08004ef0   0x08004ef0   0x00000058   Code   RO         6860    i.lv_anim_del       lv_anim.o
    0x08004f48   0x08004f48   0x00000034   Code   RO         6866    i.lv_anim_path_linear  lv_anim.o
    0x08004f7c   0x08004f7c   0x00000030   Code   RO         6869    i.lv_anim_speed_to_time  lv_anim.o
    0x08004fac   0x08004fac   0x0000000a   Code   RO         4442    i.lv_area_copy      lv_obj.o
    0x08004fb6   0x08004fb6   0x0000000a   Code   RO         5072    i.lv_area_copy      lv_refr.o
    0x08004fc0   0x08004fc0   0x0000000a   Code   RO         5718    i.lv_area_copy      lv_draw_rect.o
    0x08004fca   0x08004fca   0x0000000a   Code   RO         8065    i.lv_area_copy      lv_btnm.o
    0x08004fd4   0x08004fd4   0x0000000a   Code   RO         9041    i.lv_area_copy      lv_cont.o
    0x08004fde   0x08004fde   0x0000000e   Code   RO         5073    i.lv_area_get_height  lv_refr.o
    0x08004fec   0x08004fec   0x0000000e   Code   RO         5719    i.lv_area_get_height  lv_draw_rect.o
    0x08004ffa   0x08004ffa   0x0000000e   Code   RO         9736    i.lv_area_get_height  lv_label.o
    0x08005008   0x08005008   0x00000022   Code   RO         7011    i.lv_area_get_size  lv_area.o
    0x0800502a   0x0800502a   0x0000000e   Code   RO         5074    i.lv_area_get_width  lv_refr.o
    0x08005038   0x08005038   0x0000000e   Code   RO         5417    i.lv_area_get_width  lv_draw_basic.o
    0x08005046   0x08005046   0x0000000e   Code   RO         5620    i.lv_area_get_width  lv_draw_label.o
    0x08005054   0x08005054   0x0000000e   Code   RO         5720    i.lv_area_get_width  lv_draw_rect.o
    0x08005062   0x08005062   0x0000000e   Code   RO         8066    i.lv_area_get_width  lv_btnm.o
    0x08005070   0x08005070   0x0000000e   Code   RO         9737    i.lv_area_get_width  lv_label.o
    0x0800507e   0x0800507e   0x00000082   Code   RO         7012    i.lv_area_intersect  lv_area.o
    0x08005100   0x08005100   0x0000003a   Code   RO         7013    i.lv_area_is_in     lv_area.o
    0x0800513a   0x0800513a   0x0000003a   Code   RO         7014    i.lv_area_is_on     lv_area.o
    0x08005174   0x08005174   0x0000003a   Code   RO         7015    i.lv_area_is_point_on  lv_area.o
    0x080051ae   0x080051ae   0x00000064   Code   RO         7016    i.lv_area_join      lv_area.o
    0x08005212   0x08005212   0x0000000e   Code   RO         7017    i.lv_area_set       lv_area.o
    0x08005220   0x08005220   0x0000014c   Code   RO         7938    i.lv_btn_create     lv_btn.o
    0x0800536c   0x0800536c   0x00000038   Code   RO         7939    i.lv_btn_design     lv_btn.o
    0x080053a4   0x080053a4   0x00000014   Code   RO         7945    i.lv_btn_get_toggle  lv_btn.o
    0x080053b8   0x080053b8   0x0000002e   Code   RO         7949    i.lv_btn_set_state  lv_btn.o
    0x080053e6   0x080053e6   0x0000004c   Code   RO         7950    i.lv_btn_set_style  lv_btn.o
    0x08005432   0x08005432   0x00000002   PAD
    0x08005434   0x08005434   0x00000228   Code   RO         7952    i.lv_btn_signal     lv_btn.o
    0x0800565c   0x0800565c   0x00000036   Code   RO         8067    i.lv_btnm_clear_btn_ctrl  lv_btnm.o
    0x08005692   0x08005692   0x0000002c   Code   RO         8068    i.lv_btnm_clear_btn_ctrl_all  lv_btnm.o
    0x080056be   0x080056be   0x00000002   PAD
    0x080056c0   0x080056c0   0x00000170   Code   RO         8069    i.lv_btnm_create    lv_btnm.o
    0x08005830   0x08005830   0x0000030c   Code   RO         8070    i.lv_btnm_design    lv_btnm.o
    0x08005b3c   0x08005b3c   0x00000010   Code   RO         8071    i.lv_btnm_get_active_btn  lv_btnm.o
    0x08005b4c   0x08005b4c   0x00000030   Code   RO         8073    i.lv_btnm_get_btn_ctrl  lv_btnm.o
    0x08005b7c   0x08005b7c   0x00000010   Code   RO         8075    i.lv_btnm_get_map_array  lv_btnm.o
    0x08005b8c   0x08005b8c   0x0000004a   Code   RO         8079    i.lv_btnm_get_style  lv_btnm.o
    0x08005bd6   0x08005bd6   0x00000036   Code   RO         8080    i.lv_btnm_set_btn_ctrl  lv_btnm.o
    0x08005c0c   0x08005c0c   0x0000002c   Code   RO         8081    i.lv_btnm_set_btn_ctrl_all  lv_btnm.o
    0x08005c38   0x08005c38   0x0000023c   Code   RO         8084    i.lv_btnm_set_map   lv_btnm.o
    0x08005e74   0x08005e74   0x00000022   Code   RO         8087    i.lv_btnm_set_recolor  lv_btnm.o
    0x08005e96   0x08005e96   0x00000062   Code   RO         8088    i.lv_btnm_set_style  lv_btnm.o
    0x08005ef8   0x08005ef8   0x000004b4   Code   RO         8089    i.lv_btnm_signal    lv_btnm.o
    0x080063ac   0x080063ac   0x00000016   Code   RO         7103    i.lv_circ_cont      lv_circ.o
    0x080063c2   0x080063c2   0x00000010   Code   RO         7104    i.lv_circ_init      lv_circ.o
    0x080063d2   0x080063d2   0x0000003c   Code   RO         7105    i.lv_circ_next      lv_circ.o
    0x0800640e   0x0800640e   0x00000030   Code   RO         5184    i.lv_color_make     lv_style.o
    0x0800643e   0x0800643e   0x0000007c   Code   RO         5418    i.lv_color_mix      lv_draw_basic.o
    0x080064ba   0x080064ba   0x0000007c   Code   RO         5721    i.lv_color_mix      lv_draw_rect.o
    0x08006536   0x08006536   0x00000002   PAD
    0x08006538   0x08006538   0x000000fc   Code   RO         9042    i.lv_cont_create    lv_cont.o
    0x08006634   0x08006634   0x00000014   Code   RO         9047    i.lv_cont_get_layout  lv_cont.o
    0x08006648   0x08006648   0x000000ec   Code   RO         9048    i.lv_cont_layout_center  lv_cont.o
    0x08006734   0x08006734   0x000000b6   Code   RO         9049    i.lv_cont_layout_col  lv_cont.o
    0x080067ea   0x080067ea   0x0000011a   Code   RO         9050    i.lv_cont_layout_grid  lv_cont.o
    0x08006904   0x08006904   0x00000244   Code   RO         9051    i.lv_cont_layout_pretty  lv_cont.o
    0x08006b48   0x08006b48   0x000000b4   Code   RO         9052    i.lv_cont_layout_row  lv_cont.o
    0x08006bfc   0x08006bfc   0x0000036e   Code   RO         9053    i.lv_cont_refr_autofit  lv_cont.o
    0x08006f6a   0x08006f6a   0x0000006a   Code   RO         9054    i.lv_cont_refr_layout  lv_cont.o
    0x08006fd4   0x08006fd4   0x00000078   Code   RO         9055    i.lv_cont_set_fit4  lv_cont.o
    0x0800704c   0x0800704c   0x00000030   Code   RO         9056    i.lv_cont_set_layout  lv_cont.o
    0x0800707c   0x0800707c   0x00000012   Code   RO         9057    i.lv_cont_set_style  lv_cont.o
    0x0800708e   0x0800708e   0x00000002   PAD
    0x08007090   0x08007090   0x000000c0   Code   RO         9058    i.lv_cont_signal    lv_cont.o
    0x08007150   0x08007150   0x00000022   Code   RO         6542    i.lv_disp_buf_init  lv_hal_disp.o
    0x08007172   0x08007172   0x00000002   PAD
    0x08007174   0x08007174   0x00000048   Code   RO         6543    i.lv_disp_drv_init  lv_hal_disp.o
    0x080071bc   0x080071bc   0x000000c8   Code   RO         6544    i.lv_disp_drv_register  lv_hal_disp.o
    0x08007284   0x08007284   0x0000000e   Code   RO         6546    i.lv_disp_flush_ready  lv_hal_disp.o
    0x08007292   0x08007292   0x0000001a   Code   RO         6547    i.lv_disp_get_antialiasing  lv_hal_disp.o
    0x080072ac   0x080072ac   0x00000006   Code   RO         6548    i.lv_disp_get_buf   lv_hal_disp.o
    0x080072b2   0x080072b2   0x00000002   PAD
    0x080072b4   0x080072b4   0x0000000c   Code   RO         6549    i.lv_disp_get_default  lv_hal_disp.o
    0x080072c0   0x080072c0   0x00000028   Code   RO         6550    i.lv_disp_get_hor_res  lv_hal_disp.o
    0x080072e8   0x080072e8   0x0000000c   Code   RO         6551    i.lv_disp_get_inv_buf_size  lv_hal_disp.o
    0x080072f4   0x080072f4   0x00000016   Code   RO         3841    i.lv_disp_get_layer_sys  lv_disp.o
    0x0800730a   0x0800730a   0x00000016   Code   RO         3842    i.lv_disp_get_layer_top  lv_disp.o
    0x08007320   0x08007320   0x00000016   Code   RO         3844    i.lv_disp_get_scr_act  lv_disp.o
    0x08007336   0x08007336   0x00000028   Code   RO         6553    i.lv_disp_get_ver_res  lv_hal_disp.o
    0x0800735e   0x0800735e   0x00000016   Code   RO         6554    i.lv_disp_is_double_buf  lv_hal_disp.o
    0x08007374   0x08007374   0x00000028   Code   RO         6555    i.lv_disp_is_true_double_buf  lv_hal_disp.o
    0x0800739c   0x0800739c   0x00000024   Code   RO         6556    i.lv_disp_pop_from_inv_buf  lv_hal_disp.o
    0x080073c0   0x080073c0   0x00000160   Code   RO         5075    i.lv_disp_refr_task  lv_refr.o
    0x08007520   0x08007520   0x00000034   Code   RO         5259    i.lv_draw_aa_get_opa  lv_draw.o
    0x08007554   0x08007554   0x00000044   Code   RO         5722    i.lv_draw_cont_radius_corr  lv_draw_rect.o
    0x08007598   0x08007598   0x0000009c   Code   RO         5419    i.lv_draw_fill      lv_draw_basic.o
    0x08007634   0x08007634   0x00000024   Code   RO         5262    i.lv_draw_free_buf  lv_draw.o
    0x08007658   0x08007658   0x0000005c   Code   RO         5263    i.lv_draw_get_buf   lv_draw.o
    0x080076b4   0x080076b4   0x000004e8   Code   RO         5621    i.lv_draw_label     lv_draw_label.o
    0x08007b9c   0x08007b9c   0x00000368   Code   RO         5420    i.lv_draw_letter    lv_draw_basic.o
    0x08007f04   0x08007f04   0x000000d6   Code   RO         5422    i.lv_draw_px        lv_draw_basic.o
    0x08007fda   0x08007fda   0x00000090   Code   RO         5723    i.lv_draw_rect      lv_draw_rect.o
    0x0800806a   0x0800806a   0x000010b0   Code   RO         5724    i.lv_draw_rect_border_corner  lv_draw_rect.o
    0x0800911a   0x0800911a   0x00000472   Code   RO         5725    i.lv_draw_rect_border_straight  lv_draw_rect.o
    0x0800958c   0x0800958c   0x00000c28   Code   RO         5726    i.lv_draw_rect_main_corner  lv_draw_rect.o
    0x0800a1b4   0x0800a1b4   0x00000164   Code   RO         5727    i.lv_draw_rect_main_mid  lv_draw_rect.o
    0x0800a318   0x0800a318   0x000000ae   Code   RO         5728    i.lv_draw_shadow    lv_draw_rect.o
    0x0800a3c6   0x0800a3c6   0x00000272   Code   RO         5729    i.lv_draw_shadow_bottom  lv_draw_rect.o
    0x0800a638   0x0800a638   0x000003e6   Code   RO         5730    i.lv_draw_shadow_full  lv_draw_rect.o
    0x0800aa1e   0x0800aa1e   0x000001b2   Code   RO         5731    i.lv_draw_shadow_full_straight  lv_draw_rect.o
    0x0800abd0   0x0800abd0   0x0000000c   Code   RO         4443    i.lv_event_get_data  lv_obj.o
    0x0800abdc   0x0800abdc   0x00000020   Code   RO         4444    i.lv_event_mark_deleted  lv_obj.o
    0x0800abfc   0x0800abfc   0x00000024   Code   RO         4445    i.lv_event_send     lv_obj.o
    0x0800ac20   0x0800ac20   0x0000009c   Code   RO         4446    i.lv_event_send_func  lv_obj.o
    0x0800acbc   0x0800acbc   0x00000034   Code   RO         6102    i.lv_font_get_bitmap_fmt_txt  lv_font_fmt_txt.o
    0x0800acf0   0x0800acf0   0x00000010   Code   RO         6055    i.lv_font_get_glyph_bitmap  lv_font.o
    0x0800ad00   0x0800ad00   0x0000001e   Code   RO         6056    i.lv_font_get_glyph_dsc  lv_font.o
    0x0800ad1e   0x0800ad1e   0x00000084   Code   RO         6103    i.lv_font_get_glyph_dsc_fmt_txt  lv_font_fmt_txt.o
    0x0800ada2   0x0800ada2   0x00000026   Code   RO         6057    i.lv_font_get_glyph_width  lv_font.o
    0x0800adc8   0x0800adc8   0x00000006   Code   RO         9738    i.lv_font_get_line_height  lv_label.o
    0x0800adce   0x0800adce   0x0000006a   Code   RO         3963    i.lv_group_add_obj  lv_group.o
    0x0800ae38   0x0800ae38   0x00000018   Code   RO         3967    i.lv_group_focus_next  lv_group.o
    0x0800ae50   0x0800ae50   0x000000bc   Code   RO         3968    i.lv_group_focus_obj  lv_group.o
    0x0800af0c   0x0800af0c   0x00000018   Code   RO         3969    i.lv_group_focus_prev  lv_group.o
    0x0800af24   0x0800af24   0x00000012   Code   RO         3970    i.lv_group_get_click_focus  lv_group.o
    0x0800af36   0x0800af36   0x00000012   Code   RO         3971    i.lv_group_get_editing  lv_group.o
    0x0800af48   0x0800af48   0x00000016   Code   RO         3973    i.lv_group_get_focused  lv_group.o
    0x0800af5e   0x0800af5e   0x00000002   PAD
    0x0800af60   0x0800af60   0x00000010   Code   RO         3977    i.lv_group_init     lv_group.o
    0x0800af70   0x0800af70   0x0000003e   Code   RO         3978    i.lv_group_mod_style  lv_group.o
    0x0800afae   0x0800afae   0x00000046   Code   RO         3979    i.lv_group_refocus  lv_group.o
    0x0800aff4   0x0800aff4   0x00000088   Code   RO         3981    i.lv_group_remove_obj  lv_group.o
    0x0800b07c   0x0800b07c   0x0000003e   Code   RO         3983    i.lv_group_send_data  lv_group.o
    0x0800b0ba   0x0800b0ba   0x0000005c   Code   RO         3985    i.lv_group_set_editing  lv_group.o
    0x0800b116   0x0800b116   0x00000002   PAD
    0x0800b118   0x0800b118   0x00000068   Code   RO         5860    i.lv_img_cache_invalidate_src  lv_img_cache.o
    0x0800b180   0x0800b180   0x00000084   Code   RO         5862    i.lv_img_cache_set_size  lv_img_cache.o
    0x0800b204   0x0800b204   0x0000004c   Code   RO         5534    i.lv_img_color_format_get_px_size  lv_draw_img.o
    0x0800b250   0x0800b250   0x00000020   Code   RO         5902    i.lv_img_decoder_built_in_close  lv_img_decoder.o
    0x0800b270   0x0800b270   0x0000007a   Code   RO         5903    i.lv_img_decoder_built_in_info  lv_img_decoder.o
    0x0800b2ea   0x0800b2ea   0x00000002   PAD
    0x0800b2ec   0x0800b2ec   0x000001c4   Code   RO         5904    i.lv_img_decoder_built_in_line_alpha  lv_img_decoder.o
    0x0800b4b0   0x0800b4b0   0x00000160   Code   RO         5905    i.lv_img_decoder_built_in_line_indexed  lv_img_decoder.o
    0x0800b610   0x0800b610   0x0000000a   Code   RO         5906    i.lv_img_decoder_built_in_line_true_color  lv_img_decoder.o
    0x0800b61a   0x0800b61a   0x00000126   Code   RO         5907    i.lv_img_decoder_built_in_open  lv_img_decoder.o
    0x0800b740   0x0800b740   0x000000c8   Code   RO         5908    i.lv_img_decoder_built_in_read_line  lv_img_decoder.o
    0x0800b808   0x0800b808   0x00000018   Code   RO         5909    i.lv_img_decoder_close  lv_img_decoder.o
    0x0800b820   0x0800b820   0x00000028   Code   RO         5910    i.lv_img_decoder_create  lv_img_decoder.o
    0x0800b848   0x0800b848   0x00000054   Code   RO         5913    i.lv_img_decoder_init  lv_img_decoder.o
    0x0800b89c   0x0800b89c   0x00000004   Code   RO         5916    i.lv_img_decoder_set_close_cb  lv_img_decoder.o
    0x0800b8a0   0x0800b8a0   0x00000004   Code   RO         5917    i.lv_img_decoder_set_info_cb  lv_img_decoder.o
    0x0800b8a4   0x0800b8a4   0x00000004   Code   RO         5918    i.lv_img_decoder_set_open_cb  lv_img_decoder.o
    0x0800b8a8   0x0800b8a8   0x00000004   Code   RO         5919    i.lv_img_decoder_set_read_line_cb  lv_img_decoder.o
    0x0800b8ac   0x0800b8ac   0x0000002a   Code   RO         5538    i.lv_img_src_get_type  lv_draw_img.o
    0x0800b8d6   0x0800b8d6   0x00000024   Code   RO         6725    i.lv_indev_drv_init  lv_hal_indev.o
    0x0800b8fa   0x0800b8fa   0x00000002   PAD
    0x0800b8fc   0x0800b8fc   0x0000006c   Code   RO         6726    i.lv_indev_drv_register  lv_hal_indev.o
    0x0800b968   0x0800b968   0x0000000c   Code   RO         4260    i.lv_indev_get_act  lv_indev.o
    0x0800b974   0x0800b974   0x0000001c   Code   RO         6728    i.lv_indev_get_next  lv_hal_indev.o
    0x0800b990   0x0800b990   0x0000000c   Code   RO         4262    i.lv_indev_get_obj_act  lv_indev.o
    0x0800b99c   0x0800b99c   0x00000020   Code   RO         4263    i.lv_indev_get_point  lv_indev.o
    0x0800b9bc   0x0800b9bc   0x0000000c   Code   RO         4265    i.lv_indev_get_type  lv_indev.o
    0x0800b9c8   0x0800b9c8   0x0000000a   Code   RO         4267    i.lv_indev_init     lv_indev.o
    0x0800b9d2   0x0800b9d2   0x00000022   Code   RO         4268    i.lv_indev_is_dragging  lv_indev.o
    0x0800b9f4   0x0800b9f4   0x0000003e   Code   RO         6729    i.lv_indev_read     lv_hal_indev.o
    0x0800ba32   0x0800ba32   0x00000002   PAD
    0x0800ba34   0x0800ba34   0x00000104   Code   RO         4269    i.lv_indev_read_task  lv_indev.o
    0x0800bb38   0x0800bb38   0x0000003e   Code   RO         4270    i.lv_indev_reset    lv_indev.o
    0x0800bb76   0x0800bb76   0x0000001e   Code   RO         4271    i.lv_indev_reset_long_press  lv_indev.o
    0x0800bb94   0x0800bb94   0x00000058   Code   RO         4447    i.lv_init           lv_obj.o
    0x0800bbec   0x0800bbec   0x000000de   Code   RO         5076    i.lv_inv_area       lv_refr.o
    0x0800bcca   0x0800bcca   0x00000002   PAD
    0x0800bccc   0x0800bccc   0x000001d4   Code   RO         9739    i.lv_label_create   lv_label.o
    0x0800bea0   0x0800bea0   0x00000260   Code   RO         9741    i.lv_label_design   lv_label.o
    0x0800c100   0x0800c100   0x0000002c   Code   RO         9742    i.lv_label_dot_tmp_free  lv_label.o
    0x0800c12c   0x0800c12c   0x00000014   Code   RO         9743    i.lv_label_get_align  lv_label.o
    0x0800c140   0x0800c140   0x00000014   Code   RO         9745    i.lv_label_get_body_draw  lv_label.o
    0x0800c154   0x0800c154   0x0000001c   Code   RO         9746    i.lv_label_get_dot_tmp  lv_label.o
    0x0800c170   0x0800c170   0x00000194   Code   RO         9747    i.lv_label_get_letter_on  lv_label.o
    0x0800c304   0x0800c304   0x00000014   Code   RO         9749    i.lv_label_get_long_mode  lv_label.o
    0x0800c318   0x0800c318   0x00000014   Code   RO         9750    i.lv_label_get_recolor  lv_label.o
    0x0800c32c   0x0800c32c   0x00000010   Code   RO         9751    i.lv_label_get_text  lv_label.o
    0x0800c33c   0x0800c33c   0x00000008   Code   RO         9752    i.lv_label_get_text_sel_end  lv_label.o
    0x0800c344   0x0800c344   0x00000008   Code   RO         9753    i.lv_label_get_text_sel_start  lv_label.o
    0x0800c34c   0x0800c34c   0x000003f0   Code   RO         9756    i.lv_label_refr_text  lv_label.o
    0x0800c73c   0x0800c73c   0x00000078   Code   RO         9757    i.lv_label_revert_dots  lv_label.o
    0x0800c7b4   0x0800c7b4   0x0000002c   Code   RO         9758    i.lv_label_set_align  lv_label.o
    0x0800c7e0   0x0800c7e0   0x00000032   Code   RO         9761    i.lv_label_set_body_draw  lv_label.o
    0x0800c812   0x0800c812   0x00000060   Code   RO         9762    i.lv_label_set_dot_tmp  lv_label.o
    0x0800c872   0x0800c872   0x00000002   PAD
    0x0800c874   0x0800c874   0x00000090   Code   RO         9763    i.lv_label_set_long_mode  lv_label.o
    0x0800c904   0x0800c904   0x00000018   Code   RO         9764    i.lv_label_set_offset_x  lv_label.o
    0x0800c91c   0x0800c91c   0x00000018   Code   RO         9765    i.lv_label_set_offset_y  lv_label.o
    0x0800c934   0x0800c934   0x0000002c   Code   RO         9766    i.lv_label_set_recolor  lv_label.o
    0x0800c960   0x0800c960   0x0000003a   Code   RO         9767    i.lv_label_set_static_text  lv_label.o
    0x0800c99a   0x0800c99a   0x00000098   Code   RO         9768    i.lv_label_set_text  lv_label.o
    0x0800ca32   0x0800ca32   0x00000002   PAD
    0x0800ca34   0x0800ca34   0x00000148   Code   RO         9771    i.lv_label_signal   lv_label.o
    0x0800cb7c   0x0800cb7c   0x00000070   Code   RO         7194    i.lv_ll_chg_list    lv_ll.o
    0x0800cbec   0x0800cbec   0x0000000a   Code   RO         7196    i.lv_ll_get_head    lv_ll.o
    0x0800cbf6   0x0800cbf6   0x00000016   Code   RO         7198    i.lv_ll_get_next    lv_ll.o
    0x0800cc0c   0x0800cc0c   0x00000014   Code   RO         7199    i.lv_ll_get_prev    lv_ll.o
    0x0800cc20   0x0800cc20   0x0000000a   Code   RO         7200    i.lv_ll_get_tail    lv_ll.o
    0x0800cc2a   0x0800cc2a   0x00000016   Code   RO         7201    i.lv_ll_init        lv_ll.o
    0x0800cc40   0x0800cc40   0x00000040   Code   RO         7202    i.lv_ll_ins_head    lv_ll.o
    0x0800cc80   0x0800cc80   0x00000072   Code   RO         7203    i.lv_ll_ins_prev    lv_ll.o
    0x0800ccf2   0x0800ccf2   0x00000046   Code   RO         7204    i.lv_ll_ins_tail    lv_ll.o
    0x0800cd38   0x0800cd38   0x00000018   Code   RO         7205    i.lv_ll_is_empty    lv_ll.o
    0x0800cd50   0x0800cd50   0x0000006a   Code   RO         7206    i.lv_ll_move_before  lv_ll.o
    0x0800cdba   0x0800cdba   0x0000008a   Code   RO         7207    i.lv_ll_rem         lv_ll.o
    0x0800ce44   0x0800ce44   0x00000084   Code   RO        10406    i.lv_mbox_add_btns  lv_mbox.o
    0x0800cec8   0x0800cec8   0x00000046   Code   RO        10407    i.lv_mbox_btnm_event_cb  lv_mbox.o
    0x0800cf0e   0x0800cf0e   0x0000000c   Code   RO        10408    i.lv_mbox_close_ready_cb  lv_mbox.o
    0x0800cf1a   0x0800cf1a   0x00000002   PAD
    0x0800cf1c   0x0800cf1c   0x00000128   Code   RO        10409    i.lv_mbox_create    lv_mbox.o
    0x0800d044   0x0800d044   0x0000002a   Code   RO        10410    i.lv_mbox_default_event_cb  lv_mbox.o
    0x0800d06e   0x0800d06e   0x0000001e   Code   RO        10411    i.lv_mbox_get_active_btn  lv_mbox.o
    0x0800d08c   0x0800d08c   0x00000010   Code   RO        10413    i.lv_mbox_get_anim_time  lv_mbox.o
    0x0800d09c   0x0800d09c   0x00000010   Code   RO        10414    i.lv_mbox_get_btnm  lv_mbox.o
    0x0800d0ac   0x0800d0ac   0x00000080   Code   RO        10416    i.lv_mbox_get_style  lv_mbox.o
    0x0800d12c   0x0800d12c   0x0000001c   Code   RO        10419    i.lv_mbox_set_recolor  lv_mbox.o
    0x0800d148   0x0800d148   0x00000080   Code   RO        10420    i.lv_mbox_set_style  lv_mbox.o
    0x0800d1c8   0x0800d1c8   0x0000001e   Code   RO        10421    i.lv_mbox_set_text  lv_mbox.o
    0x0800d1e6   0x0800d1e6   0x00000002   PAD
    0x0800d1e8   0x0800d1e8   0x00000138   Code   RO        10422    i.lv_mbox_signal    lv_mbox.o
    0x0800d320   0x0800d320   0x000000f8   Code   RO        10423    i.lv_mbox_start_auto_close  lv_mbox.o
    0x0800d418   0x0800d418   0x00000148   Code   RO        14300    i.lv_mbox_test_start  lv_mbox_test.o
    0x0800d560   0x0800d560   0x0000004c   Code   RO         7329    i.lv_mem_alloc      lv_mem.o
    0x0800d5ac   0x0800d5ac   0x00000074   Code   RO         7331    i.lv_mem_free       lv_mem.o
    0x0800d620   0x0800d620   0x00000020   Code   RO         7332    i.lv_mem_get_size   lv_mem.o
    0x0800d640   0x0800d640   0x00000028   Code   RO         7333    i.lv_mem_init       lv_mem.o
    0x0800d668   0x0800d668   0x0000006c   Code   RO         7335    i.lv_mem_realloc    lv_mem.o
    0x0800d6d4   0x0800d6d4   0x000003b2   Code   RO         4448    i.lv_obj_align      lv_obj.o
    0x0800da86   0x0800da86   0x000002f8   Code   RO         4449    i.lv_obj_align_origo  lv_obj.o
    0x0800dd7e   0x0800dd7e   0x00000014   Code   RO         4450    i.lv_obj_allocate_ext_attr  lv_obj.o
    0x0800dd92   0x0800dd92   0x00000010   Code   RO         4452    i.lv_obj_clear_protect  lv_obj.o
    0x0800dda2   0x0800dda2   0x00000002   PAD
    0x0800dda4   0x0800dda4   0x000002f4   Code   RO         4455    i.lv_obj_create     lv_obj.o
    0x0800e098   0x0800e098   0x000000f0   Code   RO         4456    i.lv_obj_del        lv_obj.o
    0x0800e188   0x0800e188   0x000000c6   Code   RO         4459    i.lv_obj_design     lv_obj.o
    0x0800e24e   0x0800e24e   0x0000000c   Code   RO         4460    i.lv_obj_get_auto_realign  lv_obj.o
    0x0800e25a   0x0800e25a   0x00000022   Code   RO         4461    i.lv_obj_get_child  lv_obj.o
    0x0800e27c   0x0800e27c   0x0000000c   Code   RO         4463    i.lv_obj_get_click  lv_obj.o
    0x0800e288   0x0800e288   0x00000012   Code   RO         4464    i.lv_obj_get_coords  lv_obj.o
    0x0800e29a   0x0800e29a   0x00000006   Code   RO         4465    i.lv_obj_get_design_cb  lv_obj.o
    0x0800e2a0   0x0800e2a0   0x0000005c   Code   RO         4466    i.lv_obj_get_disp   lv_obj.o
    0x0800e2fc   0x0800e2fc   0x0000000c   Code   RO         4467    i.lv_obj_get_drag   lv_obj.o
    0x0800e308   0x0800e308   0x0000000c   Code   RO         4468    i.lv_obj_get_drag_dir  lv_obj.o
    0x0800e314   0x0800e314   0x0000000c   Code   RO         4469    i.lv_obj_get_drag_parent  lv_obj.o
    0x0800e320   0x0800e320   0x0000000c   Code   RO         4470    i.lv_obj_get_drag_throw  lv_obj.o
    0x0800e32c   0x0800e32c   0x00000006   Code   RO         4472    i.lv_obj_get_ext_attr  lv_obj.o
    0x0800e332   0x0800e332   0x00000006   Code   RO         4478    i.lv_obj_get_group  lv_obj.o
    0x0800e338   0x0800e338   0x00000010   Code   RO         4479    i.lv_obj_get_height  lv_obj.o
    0x0800e348   0x0800e348   0x0000000c   Code   RO         4481    i.lv_obj_get_hidden  lv_obj.o
    0x0800e354   0x0800e354   0x00000028   Code   RO         4483    i.lv_obj_get_opa_scale  lv_obj.o
    0x0800e37c   0x0800e37c   0x00000006   Code   RO         4485    i.lv_obj_get_parent  lv_obj.o
    0x0800e382   0x0800e382   0x0000001a   Code   RO         4488    i.lv_obj_get_screen  lv_obj.o
    0x0800e39c   0x0800e39c   0x00000006   Code   RO         4489    i.lv_obj_get_signal_cb  lv_obj.o
    0x0800e3a2   0x0800e3a2   0x00000002   PAD
    0x0800e3a4   0x0800e3a4   0x00000070   Code   RO         4490    i.lv_obj_get_style  lv_obj.o
    0x0800e414   0x0800e414   0x00000010   Code   RO         4493    i.lv_obj_get_width  lv_obj.o
    0x0800e424   0x0800e424   0x00000020   Code   RO         4494    i.lv_obj_get_width_fit  lv_obj.o
    0x0800e444   0x0800e444   0x00000018   Code   RO         4495    i.lv_obj_get_x      lv_obj.o
    0x0800e45c   0x0800e45c   0x00000018   Code   RO         4496    i.lv_obj_get_y      lv_obj.o
    0x0800e474   0x0800e474   0x000000ce   Code   RO         4497    i.lv_obj_invalidate  lv_obj.o
    0x0800e542   0x0800e542   0x0000001a   Code   RO         4498    i.lv_obj_is_focused  lv_obj.o
    0x0800e55c   0x0800e55c   0x00000012   Code   RO         4499    i.lv_obj_is_protected  lv_obj.o
    0x0800e56e   0x0800e56e   0x0000003e   Code   RO         4501    i.lv_obj_move_foreground  lv_obj.o
    0x0800e5ac   0x0800e5ac   0x0000003e   Code   RO         4502    i.lv_obj_realign    lv_obj.o
    0x0800e5ea   0x0800e5ea   0x0000001a   Code   RO         4503    i.lv_obj_refresh_ext_draw_pad  lv_obj.o
    0x0800e604   0x0800e604   0x0000001c   Code   RO         4504    i.lv_obj_refresh_style  lv_obj.o
    0x0800e620   0x0800e620   0x00000012   Code   RO         4507    i.lv_obj_set_click  lv_obj.o
    0x0800e632   0x0800e632   0x00000004   Code   RO         4508    i.lv_obj_set_design_cb  lv_obj.o
    0x0800e636   0x0800e636   0x00000004   Code   RO         4513    i.lv_obj_set_event_cb  lv_obj.o
    0x0800e63a   0x0800e63a   0x0000001a   Code   RO         4515    i.lv_obj_set_height  lv_obj.o
    0x0800e654   0x0800e654   0x000000a2   Code   RO         4521    i.lv_obj_set_pos    lv_obj.o
    0x0800e6f6   0x0800e6f6   0x0000000c   Code   RO         4522    i.lv_obj_set_protect  lv_obj.o
    0x0800e702   0x0800e702   0x00000004   Code   RO         4523    i.lv_obj_set_signal_cb  lv_obj.o
    0x0800e706   0x0800e706   0x0000009e   Code   RO         4524    i.lv_obj_set_size   lv_obj.o
    0x0800e7a4   0x0800e7a4   0x00000016   Code   RO         4525    i.lv_obj_set_style  lv_obj.o
    0x0800e7ba   0x0800e7ba   0x0000001a   Code   RO         4527    i.lv_obj_set_width  lv_obj.o
    0x0800e7d4   0x0800e7d4   0x0000001a   Code   RO         4528    i.lv_obj_set_x      lv_obj.o
    0x0800e7ee   0x0800e7ee   0x0000001a   Code   RO         4529    i.lv_obj_set_y      lv_obj.o
    0x0800e808   0x0800e808   0x00000068   Code   RO         4530    i.lv_obj_signal     lv_obj.o
    0x0800e870   0x0800e870   0x00000054   Code   RO        14014    i.lv_port_disp_init  lv_port_disp.o
    0x0800e8c4   0x0800e8c4   0x00000024   Code   RO        14278    i.lv_port_indev_init  lv_port_indev.o
    0x0800e8e8   0x0800e8e8   0x00000158   Code   RO         5077    i.lv_refr_area      lv_refr.o
    0x0800ea40   0x0800ea40   0x00000084   Code   RO         5078    i.lv_refr_area_part  lv_refr.o
    0x0800eac4   0x0800eac4   0x00000064   Code   RO         5079    i.lv_refr_areas     lv_refr.o
    0x0800eb28   0x0800eb28   0x0000000c   Code   RO         5080    i.lv_refr_get_disp_refreshing  lv_refr.o
    0x0800eb34   0x0800eb34   0x0000007e   Code   RO         5081    i.lv_refr_get_top_obj  lv_refr.o
    0x0800ebb2   0x0800ebb2   0x00000002   Code   RO         5082    i.lv_refr_init      lv_refr.o
    0x0800ebb4   0x0800ebb4   0x000000dc   Code   RO         5083    i.lv_refr_join_area  lv_refr.o
    0x0800ec90   0x0800ec90   0x00000100   Code   RO         5085    i.lv_refr_obj       lv_refr.o
    0x0800ed90   0x0800ed90   0x0000006c   Code   RO         5086    i.lv_refr_obj_and_children  lv_refr.o
    0x0800edfc   0x0800edfc   0x00000064   Code   RO         5088    i.lv_refr_vdb_flush  lv_refr.o
    0x0800ee60   0x0800ee60   0x0000000e   Code   RO        14301    i.lv_scr_act        lv_mbox_test.o
    0x0800ee6e   0x0800ee6e   0x00000012   Code   RO         5188    i.lv_style_copy     lv_style.o
    0x0800ee80   0x0800ee80   0x00000558   Code   RO         5189    i.lv_style_init     lv_style.o
    0x0800f3d8   0x0800f3d8   0x00000018   Code   RO         7392    i.lv_task_core_init  lv_task.o
    0x0800f3f0   0x0800f3f0   0x0000003e   Code   RO         7393    i.lv_task_create    lv_task.o
    0x0800f42e   0x0800f42e   0x00000002   PAD
    0x0800f430   0x0800f430   0x000000a4   Code   RO         7394    i.lv_task_create_basic  lv_task.o
    0x0800f4d4   0x0800f4d4   0x00000030   Code   RO         7395    i.lv_task_del       lv_task.o
    0x0800f504   0x0800f504   0x0000000c   Code   RO         7396    i.lv_task_enable    lv_task.o
    0x0800f510   0x0800f510   0x00000050   Code   RO         7397    i.lv_task_exec      lv_task.o
    0x0800f560   0x0800f560   0x00000174   Code   RO         7399    i.lv_task_handler   lv_task.o
    0x0800f6d4   0x0800f6d4   0x00000012   Code   RO         7401    i.lv_task_ready     lv_task.o
    0x0800f6e6   0x0800f6e6   0x00000004   Code   RO         7403    i.lv_task_set_cb    lv_task.o
    0x0800f6ea   0x0800f6ea   0x00000004   Code   RO         7404    i.lv_task_set_period  lv_task.o
    0x0800f6ee   0x0800f6ee   0x00000002   PAD
    0x0800f6f0   0x0800f6f0   0x00000064   Code   RO         7405    i.lv_task_set_prio  lv_task.o
    0x0800f754   0x0800f754   0x00000018   Code   RO        12356    i.lv_theme_get_current  lv_theme.o
    0x0800f76c   0x0800f76c   0x0000001a   Code   RO         6823    i.lv_tick_elaps     lv_hal_tick.o
    0x0800f786   0x0800f786   0x00000002   PAD
    0x0800f788   0x0800f788   0x00000020   Code   RO         6824    i.lv_tick_get       lv_hal_tick.o
    0x0800f7a8   0x0800f7a8   0x0000001c   Code   RO         6825    i.lv_tick_inc       lv_hal_tick.o
    0x0800f7c4   0x0800f7c4   0x00000120   Code   RO         7493    i.lv_txt_get_next_line  lv_txt.o
    0x0800f8e4   0x0800f8e4   0x000000cc   Code   RO         7494    i.lv_txt_get_size   lv_txt.o
    0x0800f9b0   0x0800f9b0   0x00000090   Code   RO         7495    i.lv_txt_get_width  lv_txt.o
    0x0800fa40   0x0800fa40   0x00000048   Code   RO         7497    i.lv_txt_is_cmd     lv_txt.o
    0x0800fa88   0x0800fa88   0x000000a4   Code   RO         7498    i.lv_txt_unicode_to_utf8  lv_txt.o
    0x0800fb2c   0x0800fb2c   0x0000003e   Code   RO         7499    i.lv_txt_utf8_conv_wc  lv_txt.o
    0x0800fb6a   0x0800fb6a   0x00000002   PAD
    0x0800fb6c   0x0800fb6c   0x00000028   Code   RO         7500    i.lv_txt_utf8_get_byte_id  lv_txt.o
    0x0800fb94   0x0800fb94   0x00000028   Code   RO         7501    i.lv_txt_utf8_get_char_id  lv_txt.o
    0x0800fbbc   0x0800fbbc   0x00000028   Code   RO         7502    i.lv_txt_utf8_get_length  lv_txt.o
    0x0800fbe4   0x0800fbe4   0x00000148   Code   RO         7503    i.lv_txt_utf8_next  lv_txt.o
    0x0800fd2c   0x0800fd2c   0x00000060   Code   RO         7504    i.lv_txt_utf8_prev  lv_txt.o
    0x0800fd8c   0x0800fd8c   0x0000003c   Code   RO         7505    i.lv_txt_utf8_size  lv_txt.o
    0x0800fdc8   0x0800fdc8   0x00000054   Code   RO         7587    i.lv_utils_bsearch  lv_utils.o
    0x0800fe1c   0x0800fe1c   0x00000054   Code   RO            1    i.main              main.o
    0x0800fe70   0x0800fe70   0x00000028   Code   RO         8090    i.make_one_button_toggled  lv_btnm.o
    0x0800fe98   0x0800fe98   0x00000062   Code   RO         8091    i.maps_are_identical  lv_btnm.o
    0x0800fefa   0x0800fefa   0x00000002   PAD
    0x0800fefc   0x0800fefc   0x000000c8   Code   RO        14302    i.mbox_create       lv_mbox_test.o
    0x0800ffc4   0x0800ffc4   0x00000078   Code   RO        10425    i.mbox_realign      lv_mbox.o
    0x0801003c   0x0801003c   0x00000018   Code   RO        14303    i.mbox_set_msg_recolor  lv_mbox_test.o
    0x08010054   0x08010054   0x00000030   Code   RO         7209    i.node_set_next     lv_ll.o
    0x08010084   0x08010084   0x0000002c   Code   RO         7210    i.node_set_prev     lv_ll.o
    0x080100b0   0x080100b0   0x0000002c   Code   RO         3991    i.obj_to_foreground  lv_group.o
    0x080100dc   0x080100dc   0x00000050   Code   RO         4532    i.refresh_children_position  lv_obj.o
    0x0801012c   0x0801012c   0x00000042   Code   RO         4533    i.refresh_children_style  lv_obj.o
    0x0801016e   0x0801016e   0x0000004c   Code   RO        14343    i.sqrt              m_ws.l(sqrt.o)
    0x080101ba   0x080101ba   0x00000148   Code   RO         5423    i.sw_color_fill     lv_draw_basic.o
    0x08010302   0x08010302   0x00000002   PAD
    0x08010304   0x08010304   0x00000058   Code   RO        14279    i.touchpad_read     lv_port_indev.o
    0x0801035c   0x0801035c   0x0000000a   Code   RO         6104    i.unicode_list_compare  lv_font_fmt_txt.o
    0x08010366   0x08010366   0x00004918   Data   RO         2993    .constdata          tftlcd.o
    0x08014c7e   0x08014c7e   0x00000002   PAD
    0x08014c80   0x08014c80   0x00000004   Data   RO         3179    .constdata          touch.o
    0x08014c84   0x08014c84   0x00000016   Data   RO         5194    .constdata          lv_style.o
    0x08014c9a   0x08014c9a   0x00000024   Data   RO         5264    .constdata          lv_draw.o
    0x08014cbe   0x08014cbe   0x00000011   Data   RO         5732    .constdata          lv_draw_rect.o
    0x08014ccf   0x08014ccf   0x00000001   PAD
    0x08014cd0   0x08014cd0   0x00002db8   Data   RO         6396    .constdata          lv_font_roboto_16.o
    0x08017a88   0x08017a88   0x00000002   Data   RO         6559    .constdata          lv_hal_disp.o
    0x08017a8a   0x08017a8a   0x00000002   PAD
    0x08017a8c   0x08017a8c   0x0000001a   Data   RO        14305    .constdata          lv_mbox_test.o
    0x08017aa6   0x08017aa6   0x00000002   PAD
    0x08017aa8   0x08017aa8   0x00000079   Data   RO         3180    .conststring        touch.o
    0x08017b21   0x08017b21   0x00000003   PAD
    0x08017b24   0x08017b24   0x00000029   Data   RO         8092    .conststring        lv_btnm.o
    0x08017b4d   0x08017b4d   0x00000003   PAD
    0x08017b50   0x08017b50   0x0000001b   Data   RO        14306    .conststring        lv_mbox_test.o
    0x08017b6b   0x08017b6b   0x00000001   PAD
    0x08017b6c   0x08017b6c   0x00000020   Data   RO        14701    Region$$Table       anon$$obj.o


    Execution Region RW_IRAM1 (Exec base: 0x20000000, Load base: 0x08017b8c, Size: 0x0000a7d8, Max: 0x00010000, ABSOLUTE, COMPRESSED[0x0000009c])

    Exec Addr    Load Addr    Size         Type   Attr      Idx    E Section Name        Object

    0x20000000   COMPRESSED   0x00000014   Data   RW          629    .data               stm32f10x_rcc.o
    0x20000014   COMPRESSED   0x0000000c   Data   RW         2994    .data               tftlcd.o
    0x20000020   COMPRESSED   0x0000004a   Data   RW         3181    .data               touch.o
    0x2000006a   COMPRESSED   0x00000004   Data   RW         3782    .data               systick.o
    0x2000006e   COMPRESSED   0x00000002   Data   RW         3812    .data               usart.o
    0x20000070   COMPRESSED   0x00000008   Data   RW         4276    .data               lv_indev.o
    0x20000078   COMPRESSED   0x0000000c   Data   RW         4535    .data               lv_obj.o
    0x20000084   COMPRESSED   0x00000008   Data   RW         5089    .data               lv_refr.o
    0x2000008c   COMPRESSED   0x00000024   Data   RW         5265    .data               lv_draw.o
    0x200000b0   COMPRESSED   0x00000002   Data   RW         5863    .data               lv_img_cache.o
    0x200000b2   COMPRESSED   0x00000002   PAD
    0x200000b4   COMPRESSED   0x0000002c   Data   RW         6397    .data               lv_font_roboto_16.o
    0x200000e0   COMPRESSED   0x00000004   Data   RW         6560    .data               lv_hal_disp.o
    0x200000e4   COMPRESSED   0x00000005   Data   RW         6826    .data               lv_hal_tick.o
    0x200000e9   COMPRESSED   0x00000003   PAD
    0x200000ec   COMPRESSED   0x00000005   Data   RW         6870    .data               lv_anim.o
    0x200000f1   COMPRESSED   0x00000003   PAD
    0x200000f4   COMPRESSED   0x0000000c   Data   RW         7169    .data               lv_gc.o
    0x20000100   COMPRESSED   0x00000008   Data   RW         7337    .data               lv_mem.o
    0x20000108   COMPRESSED   0x00000014   Data   RW         7406    .data               lv_task.o
    0x2000011c   COMPRESSED   0x00000020   Data   RW         7506    .data               lv_txt.o
    0x2000013c   COMPRESSED   0x00000008   Data   RW         7954    .data               lv_btn.o
    0x20000144   COMPRESSED   0x00000024   Data   RW         8093    .data               lv_btnm.o
    0x20000168   COMPRESSED   0x00000004   Data   RW         9059    .data               lv_cont.o
    0x2000016c   COMPRESSED   0x00000004   Data   RW         9772    .data               lv_label.o
    0x20000170   COMPRESSED   0x00000004   Data   RW        10426    .data               lv_mbox.o
    0x20000174   COMPRESSED   0x00000001   Data   RW        12359    .data               lv_theme.o
    0x20000175   COMPRESSED   0x00000001   PAD
    0x20000176   COMPRESSED   0x00000004   Data   RW        14280    .data               lv_port_indev.o
    0x2000017a   COMPRESSED   0x00000002   PAD
    0x2000017c   COMPRESSED   0x00000008   Data   RW        14307    .data               lv_mbox_test.o
    0x20000184   COMPRESSED   0x00000004   Data   RW        14668    .data               mc_w.l(stdout.o)
    0x20000188   COMPRESSED   0x00000004   Data   RW        14678    .data               mc_w.l(errno.o)
    0x2000018c        -       0x000000c8   Zero   RW         3811    .bss                usart.o
    0x20000254        -       0x0000030c   Zero   RW         5193    .bss                lv_style.o
    0x20000560        -       0x00000060   Zero   RW         7168    .bss                lv_gc.o
    0x200005c0        -       0x00004000   Zero   RW         7336    .bss                lv_mem.o
    0x200045c0        -       0x00001a88   Zero   RW        12358    .bss                lv_theme.o
    0x20006048        -       0x00003e9c   Zero   RW        14015    .bss                lv_port_disp.o
    0x20009ee4        -       0x000000f0   Zero   RW        14304    .bss                lv_mbox_test.o
    0x20009fd4   COMPRESSED   0x00000004   PAD
    0x20009fd8        -       0x00000800   Zero   RW          475    STACK               startup_stm32f10x_hd.o


==============================================================================

Image component sizes


      Code (inc. data)   RO Data    RW Data    ZI Data      Debug   Object Name

       262          0          0          0          0       2725   24cxx.o
       628         84          0          0          0       4545   iic.o
        60          8          0          0          0        435   key.o
        76          8          0          0          0        443   led.o
       708         50          0          5          0      15865   lv_anim.o
         0          0          0          0          0      18982   lv_arc.o
       452          0          0          0          0       5222   lv_area.o
         0          0          0          0          0      12667   lv_bar.o
      1082         60          0          8          0      13454   lv_btn.o
      4052         92         41         36          0      21809   lv_btnm.o
         0          0          0          0          0       3586   lv_calendar.o
        98          0          0          0          0       2573   lv_circ.o
      3104         24          0          4          0      18446   lv_cont.o
        66          0          0          0          0      20408   lv_disp.o
       180         20         36         36          0      18011   lv_draw.o
      1708         26          0          0          0      22407   lv_draw_basic.o
       118         16          0          0          0       9470   lv_draw_img.o
      1350         24          0          0          0      11454   lv_draw_label.o
     11568         16         17          0          0      24725   lv_draw_rect.o
        84          0          0          0          0       3317   lv_font.o
       886         16          0          0          0       8165   lv_font_fmt_txt.o
         0          0          0          0          0       1736   lv_font_roboto_12.o
         0          0      11704         44          0       1880   lv_font_roboto_16.o
         0          0          0         12         96       7770   lv_gc.o
      1128         20          0          0          0      31962   lv_group.o
       554         26          2          4          0      27995   lv_hal_disp.o
       234         12          0          0          0      22550   lv_hal_indev.o
        86         20          0          5          0       2028   lv_hal_tick.o
       236         20          0          2          0       2186   lv_img_cache.o
      1626         50          0          0          0      16511   lv_img_decoder.o
      5010         68          0          8          0      27586   lv_indev.o
      3790        100          0          4          0      28856   lv_label.o
       804          0          0          0          0       8934   lv_ll.o
      1608         78          0          4          0      25088   lv_mbox.o
       662        128         53          8        240       3821   lv_mbox_test.o
       544         32          0          8      16384       5598   lv_mem.o
      5184        112          0         12          0      47026   lv_obj.o
       124         18          0          0      16028      22682   lv_port_disp.o
       124         18          0          4          0       1377   lv_port_indev.o
      2012         48          0          8          0      10095   lv_refr.o
      1434         68         22          0        780       7738   lv_style.o
       888         90          0         20          0       7102   lv_task.o
        24         10          0          1       6792      25145   lv_theme.o
      1538         48          0         32          0      12267   lv_txt.o
        84          0          0          0          0        863   lv_utils.o
        84          4          0          0          0     262479   main.o
       172         22          0          0          0       2049   misc.o
        36          8        304          0       2048        800   startup_stm32f10x_hd.o
       282          6          0          0          0       1813   stm32f10x_fsmc.o
       282          0          0          0          0       2491   stm32f10x_gpio.o
        26          0          0          0          0       3414   stm32f10x_it.o
       308         38          0         20          0       4970   stm32f10x_rcc.o
       246         42          0          0          0       3538   stm32f10x_tim.o
       460          6          0          0          0       6687   stm32f10x_usart.o
       328         28          0          0          0       1769   system_stm32f10x.o
       212         16          0          4          0       1549   systick.o
      2194        104      18712         12          0      14040   tftlcd.o
       136         10          0          0          0      20972   time.o
      4022        260        125         74          0       9501   touch.o
       348         28          0          2        200       2124   usart.o

    ----------------------------------------------------------------------
     63394       1982      31062        388      42572     925701   Object Totals
         0          0         32          0          0          0   (incl. Generated)
        82          0         14         11          4          0   (incl. Padding)

    ----------------------------------------------------------------------

      Code (inc. data)   RO Data    RW Data    ZI Data      Debug   Library Member Name

        76          0          0          0          0         84   sqrt.o
        86          0          0          0          0          0   __dczerorl2.o
         0          0          0          0          0          0   entry.o
         0          0          0          0          0          0   entry10a.o
         0          0          0          0          0          0   entry11a.o
         4          0          0          0          0          0   entry12b.o
         8          4          0          0          0          0   entry2.o
         4          0          0          0          0          0   entry5.o
         0          0          0          0          0          0   entry7b.o
         0          0          0          0          0          0   entry8b.o
         8          4          0          0          0          0   entry9a.o
        12          6          0          4          0         68   errno.o
        30          0          0          0          0          0   handlers.o
        36          8          0          0          0         68   init.o
         0          0          0          0          0          0   iusefp.o
        30          0          0          0          0         68   llshl.o
        32          0          0          0          0         68   llushr.o
        36          0          0          0          0         68   memcpya.o
        36          0          0          0          0        108   memseta.o
       736         54          0          0          0        184   printf5.o
         0          0          0          4          0          0   stdout.o
        28          0          0          0          0         76   strcmp.o
        18          0          0          0          0         68   strcpy.o
        14          0          0          0          0         68   strlen.o
        98          0          0          0          0         92   uldiv.o
        48          0          0          0          0         68   cdcmple.o
        48          0          0          0          0         68   cdrcmple.o
       186          0          0          0          0        176   depilogue.o
        50          0          0          0          0         76   dfixui.o
        26          0          0          0          0         76   dfltui.o
       228          0          0          0          0         96   dmul.o
       162          0          0          0          0        100   dsqrt.o
        38          0          0          0          0         68   f2d.o
       176          0          0          0          0        140   fadd.o
       124          0          0          0          0         88   fdiv.o
       110          0          0          0          0        168   fepilogue.o
        50          0          0          0          0         68   ffixi.o
        40          0          0          0          0         68   ffixui.o
        18          0          0          0          0         68   fflti.o
        10          0          0          0          0         68   ffltui.o
       100          0          0          0          0         76   fmul.o

    ----------------------------------------------------------------------
      2708         76          0          8          0       2492   Library Totals
         2          0          0          0          0          0   (incl. Padding)

    ----------------------------------------------------------------------

      Code (inc. data)   RO Data    RW Data    ZI Data      Debug   Library Name

        76          0          0          0          0         84   m_ws.l
      1216         76          0          8          0        936   mc_w.l
      1414          0          0          0          0       1472   mf_w.l

    ----------------------------------------------------------------------
      2708         76          0          8          0       2492   Library Totals

    ----------------------------------------------------------------------

==============================================================================


      Code (inc. data)   RO Data    RW Data    ZI Data      Debug   

     66102       2058      31062        396      42572     904037   Grand Totals
     66102       2058      31062        156      42572     904037   ELF Image Totals (compressed)
     66102       2058      31062        156          0          0   ROM Totals

==============================================================================

    Total RO  Size (Code + RO Data)                97164 (  94.89kB)
    Total RW  Size (RW Data + ZI Data)             42968 (  41.96kB)
    Total ROM Size (Code + RO Data + RW Data)      97320 (  95.04kB)

==============================================================================

