<html>
<body>
<pre>
<h1>µVision Build Log</h1>
<h2>Tool Versions:</h2>
IDE-Version: ¦ÌVision V5.40.0.0
Copyright (C) 2024 ARM Ltd and ARM Germany GmbH. All rights reserved.
License Information: xx xx, xx, LIC=PE7DL-04QBD-X71RZ-JCE4D-7YGSF-ZGVIM
 
Tool Versions:
Toolchain:       MDK-ARM Plus  Version: 5.40.0.3
Toolchain Path:  C:\Users\admin\AppData\Local\Keil_v5\ARM\ARMCC\Bin
C Compiler:      Armcc.exe V5.06 update 7 (build 960)
Assembler:       Armasm.exe V5.06 update 7 (build 960)
Linker/Locator:  ArmLink.exe V5.06 update 7 (build 960)
Library Manager: ArmAr.exe V5.06 update 7 (build 960)
Hex Converter:   FromElf.exe V5.06 update 7 (build 960)
CPU DLL:         SARMCM3.DLL V5.40.0.3
Dialog DLL:      DCM.DLL V1.17.5.0
Target DLL:      CMSIS_AGDI.dll V1.33.18.0
Dialog DLL:      TCM.DLL V1.56.4.0
 
<h2>Project:</h2>
D:\Proj\5.26\ÎÂ¶È-·äÃùÆ÷-LEDÊµÑé\Template.uvprojx
Project File Date:  05/26/2026

<h2>Output:</h2>
*** Using Compiler 'V5.06 update 7 (build 960)', folder: 'C:\Users\admin\AppData\Local\Keil_v5\ARM\ARMCC\Bin'
Rebuild target 'Target 1'
assembling startup_stm32f10x_hd.s...
compiling stm32f10x_exti.c...
compiling stm32f10x_gpio.c...
compiling stm32f10x_it.c...
compiling misc.c...
compiling stm32f10x_rcc.c...
compiling stm32f10x_tim.c...
compiling main.c...
User\main.c(114): warning:  #186-D: pointless comparison of unsigned integer with zero
      if(g_thresholds.low < LIMIT_LOW_TEMP_CENTI)
User\main.c: 1 warning, 0 errors
compiling stm32f10x_wwdg.c...
compiling stm32f10x_bkp.c...
compiling stm32f10x_iwdg.c...
compiling stm32f10x_pwr.c...
compiling stm32f10x_usart.c...
compiling stm32f10x_adc.c...
compiling stm32f10x_flash.c...
compiling core_cm3.c...
compiling system_stm32f10x.c...
compiling beep.c...
compiling adc_temp.c...
compiling led.c...
compiling key.c...
compiling stm32f10x_fsmc.c...
compiling tftlcd.c...
APP\tftlcd\tftlcd.c(1116): warning:  #177-D: variable "g"  was declared but never referenced
   	u16 r=0,g=0,b=0;
APP\tftlcd\tftlcd.c(1116): warning:  #177-D: variable "b"  was declared but never referenced
   	u16 r=0,g=0,b=0;
APP\tftlcd\tftlcd.c(1117): warning:  #177-D: variable "r1"  was declared but never referenced
  	u16 r1,r2,r3;
APP\tftlcd\tftlcd.c(1117): warning:  #177-D: variable "r2"  was declared but never referenced
  	u16 r1,r2,r3;
APP\tftlcd\tftlcd.c(1117): warning:  #177-D: variable "r3"  was declared but never referenced
  	u16 r1,r2,r3;
APP\tftlcd\tftlcd.c(1118): warning:  #177-D: variable "value"  was declared but never referenced
  	u32 value;
APP\tftlcd\tftlcd.c(4238): warning:  #550-D: variable "num"  was set but never used
  	long tmp=0,num=0;
APP\tftlcd\tftlcd.c: 7 warnings, 0 errors
compiling system.c...
compiling SysTick.c...
compiling stm32_flash.c...
compiling usart.c...
linking...
Program Size: Code=11456 RO-data=19048 RW-data=64 ZI-data=3304  
FromELF: creating hex file...
".\Obj\Template.axf" - 0 Error(s), 8 Warning(s).

<h2>Software Packages used:</h2>

Package Vendor: Keil
                https://www.keil.com/pack/Keil.STM32F1xx_DFP.2.4.1.pack
                Keil::STM32F1xx_DFP@2.4.1
                STMicroelectronics STM32F1 Series Device Support, Drivers and Examples

<h2>Collection of Component include folders:</h2>
  C:/Users/admin/AppData/Local/Arm/Packs/Keil/STM32F1xx_DFP/2.4.1/Device/Include

<h2>Collection of Component Files used:</h2>
Build Time Elapsed:  00:00:07
</pre>
</body>
</html>
