[2026-06-05T01:27:50,604][INFO ][o.e.n.Node               ] [jetlinks-node-1] stopping ...
[2026-06-05T01:28:07,183][INFO ][o.e.x.w.WatcherService   ] [jetlinks-node-1] stopping watch service, reason [shutdown initiated]
[2026-06-05T01:28:07,378][INFO ][o.e.x.m.p.l.CppLogMessageHandler] [jetlinks-node-1] [controller/8232] [Main.cc@174] ML controller exiting
[2026-06-05T01:28:07,440][INFO ][o.e.x.m.p.NativeController] [jetlinks-node-1] Native controller process has stopped - no new native processes can be started
[2026-06-05T01:28:08,009][INFO ][o.e.x.w.WatcherLifeCycleService] [jetlinks-node-1] watcher has stopped and shutdown
[2026-06-05T01:28:15,032][WARN ][o.e.c.InternalClusterInfoService] [jetlinks-node-1] failed to retrieve stats for node [G361Qy6oTZ6ehOkmxaO0dw]: [jetlinks-node-1][127.0.0.1:9300][cluster:monitor/nodes/stats[n]]
[2026-06-05T01:28:16,533][WARN ][o.e.c.InternalClusterInfoService] [jetlinks-node-1] failed to retrieve shard stats from node [G361Qy6oTZ6ehOkmxaO0dw]: [jetlinks-node-1][127.0.0.1:9300][indices:monitor/stats[n]]
[2026-06-05T01:28:30,805][INFO ][o.e.n.Node               ] [jetlinks-node-1] stopped
[2026-06-05T01:28:30,805][INFO ][o.e.n.Node               ] [jetlinks-node-1] closing ...
[2026-06-05T01:28:33,942][INFO ][o.e.i.g.DatabaseReaderLazyLoader] [jetlinks-node-1] evicted [0] entries from cache after reloading database [C:\Users\admin\AppData\Local\Temp\elasticsearch\geoip-databases\G361Qy6oTZ6ehOkmxaO0dw\GeoLite2-Country.mmdb]
[2026-06-05T01:28:33,958][INFO ][o.e.i.g.DatabaseReaderLazyLoader] [jetlinks-node-1] evicted [0] entries from cache after reloading database [C:\Users\admin\AppData\Local\Temp\elasticsearch\geoip-databases\G361Qy6oTZ6ehOkmxaO0dw\GeoLite2-ASN.mmdb]
[2026-06-05T01:28:33,958][INFO ][o.e.i.g.DatabaseReaderLazyLoader] [jetlinks-node-1] evicted [0] entries from cache after reloading database [C:\Users\admin\AppData\Local\Temp\elasticsearch\geoip-databases\G361Qy6oTZ6ehOkmxaO0dw\GeoLite2-City.mmdb]
[2026-06-05T01:28:34,255][INFO ][o.e.n.Node               ] [jetlinks-node-1] closed
[2026-06-05T09:11:16,606][INFO ][o.e.n.Node               ] [jetlinks-node-1] version[7.17.23], pid[4564], build[default/zip/61d76462eecaf09ada684d1b5d319b5ff6865a83/2024-07-25T14:37:42.448799567Z], OS[Windows 10/10.0/amd64], JVM[Oracle Corporation/OpenJDK 64-Bit Server VM/22.0.1/22.0.1+8-16]
[2026-06-05T09:11:16,672][INFO ][o.e.n.Node               ] [jetlinks-node-1] JVM home [C:\ProgramData\chocolatey\lib\elasticsearch\tools\elasticsearch-7.17.23\jdk], using bundled JDK [true]
[2026-06-05T09:11:16,673][INFO ][o.e.n.Node               ] [jetlinks-node-1] JVM arguments [-Des.networkaddress.cache.ttl=60, -Des.networkaddress.cache.negative.ttl=10, -XX:+AlwaysPreTouch, -Djava.awt.headless=true, -Dfile.encoding=UTF-8, -Djna.nosys=true, -XX:-OmitStackTraceInFastThrow, -XX:+ShowCodeDetailsInExceptionMessages, -Dio.netty.noUnsafe=true, -Dio.netty.noKeySetOptimization=true, -Dio.netty.recycler.maxCapacityPerThread=0, -Dio.netty.allocator.numDirectArenas=0, -Dlog4j.shutdownHookEnabled=false, -Dlog4j2.disable.jmx=true, -Dlog4j2.formatMsgNoLookups=true, -Djava.locale.providers=SPI,COMPAT, --add-opens=java.base/java.io=ALL-UNNAMED, -Djava.security.manager=allow, -XX:+UseG1GC, -Djava.io.tmpdir=C:\Users\admin\AppData\Local\Temp\elasticsearch, -XX:+HeapDumpOnOutOfMemoryError, -XX:+ExitOnOutOfMemoryError, -XX:HeapDumpPath=data, -XX:ErrorFile=logs/hs_err_pid%p.log, -XX:+UnlockDiagnosticVMOptions, -XX:G1NumCollectionsKeepPinned=10000000, -XX:MaxDirectMemorySize=2069889024, -XX:G1HeapRegionSize=4m, -XX:InitiatingHeapOccupancyPercent=30, -XX:G1ReservePercent=15, -Delasticsearch, -Des.path.home=C:\ProgramData\chocolatey\lib\elasticsearch\tools\elasticsearch-7.17.23, -Des.path.conf=C:\ProgramData\chocolatey\lib\elasticsearch\tools\elasticsearch-7.17.23\config, -Des.distribution.flavor=default, -Des.distribution.type=zip, -Des.bundled_jdk=true, exit, abort, -Xms3947m, -Xmx3947m, -Xss1024k]
[2026-06-05T09:11:37,355][INFO ][o.e.p.PluginsService     ] [jetlinks-node-1] loaded module [aggs-matrix-stats]
[2026-06-05T09:11:37,369][INFO ][o.e.p.PluginsService     ] [jetlinks-node-1] loaded module [analysis-common]
[2026-06-05T09:11:37,369][INFO ][o.e.p.PluginsService     ] [jetlinks-node-1] loaded module [constant-keyword]
[2026-06-05T09:11:37,370][INFO ][o.e.p.PluginsService     ] [jetlinks-node-1] loaded module [frozen-indices]
[2026-06-05T09:11:37,371][INFO ][o.e.p.PluginsService     ] [jetlinks-node-1] loaded module [ingest-common]
[2026-06-05T09:11:37,372][INFO ][o.e.p.PluginsService     ] [jetlinks-node-1] loaded module [ingest-geoip]
[2026-06-05T09:11:37,373][INFO ][o.e.p.PluginsService     ] [jetlinks-node-1] loaded module [ingest-user-agent]
[2026-06-05T09:11:37,373][INFO ][o.e.p.PluginsService     ] [jetlinks-node-1] loaded module [kibana]
[2026-06-05T09:11:37,373][INFO ][o.e.p.PluginsService     ] [jetlinks-node-1] loaded module [lang-expression]
[2026-06-05T09:11:37,375][INFO ][o.e.p.PluginsService     ] [jetlinks-node-1] loaded module [lang-mustache]
[2026-06-05T09:11:37,375][INFO ][o.e.p.PluginsService     ] [jetlinks-node-1] loaded module [lang-painless]
[2026-06-05T09:11:37,376][INFO ][o.e.p.PluginsService     ] [jetlinks-node-1] loaded module [legacy-geo]
[2026-06-05T09:11:37,376][INFO ][o.e.p.PluginsService     ] [jetlinks-node-1] loaded module [mapper-extras]
[2026-06-05T09:11:37,377][INFO ][o.e.p.PluginsService     ] [jetlinks-node-1] loaded module [mapper-version]
[2026-06-05T09:11:37,377][INFO ][o.e.p.PluginsService     ] [jetlinks-node-1] loaded module [parent-join]
[2026-06-05T09:11:37,377][INFO ][o.e.p.PluginsService     ] [jetlinks-node-1] loaded module [percolator]
[2026-06-05T09:11:37,377][INFO ][o.e.p.PluginsService     ] [jetlinks-node-1] loaded module [rank-eval]
[2026-06-05T09:11:37,377][INFO ][o.e.p.PluginsService     ] [jetlinks-node-1] loaded module [reindex]
[2026-06-05T09:11:37,381][INFO ][o.e.p.PluginsService     ] [jetlinks-node-1] loaded module [repositories-metering-api]
[2026-06-05T09:11:37,382][INFO ][o.e.p.PluginsService     ] [jetlinks-node-1] loaded module [repository-encrypted]
[2026-06-05T09:11:37,382][INFO ][o.e.p.PluginsService     ] [jetlinks-node-1] loaded module [repository-url]
[2026-06-05T09:11:37,383][INFO ][o.e.p.PluginsService     ] [jetlinks-node-1] loaded module [runtime-fields-common]
[2026-06-05T09:11:37,383][INFO ][o.e.p.PluginsService     ] [jetlinks-node-1] loaded module [search-business-rules]
[2026-06-05T09:11:37,385][INFO ][o.e.p.PluginsService     ] [jetlinks-node-1] loaded module [searchable-snapshots]
[2026-06-05T09:11:37,386][INFO ][o.e.p.PluginsService     ] [jetlinks-node-1] loaded module [snapshot-repo-test-kit]
[2026-06-05T09:11:37,387][INFO ][o.e.p.PluginsService     ] [jetlinks-node-1] loaded module [spatial]
[2026-06-05T09:11:37,390][INFO ][o.e.p.PluginsService     ] [jetlinks-node-1] loaded module [transform]
[2026-06-05T09:11:37,391][INFO ][o.e.p.PluginsService     ] [jetlinks-node-1] loaded module [transport-netty4]
[2026-06-05T09:11:37,392][INFO ][o.e.p.PluginsService     ] [jetlinks-node-1] loaded module [unsigned-long]
[2026-06-05T09:11:37,395][INFO ][o.e.p.PluginsService     ] [jetlinks-node-1] loaded module [vector-tile]
[2026-06-05T09:11:37,396][INFO ][o.e.p.PluginsService     ] [jetlinks-node-1] loaded module [vectors]
[2026-06-05T09:11:37,397][INFO ][o.e.p.PluginsService     ] [jetlinks-node-1] loaded module [wildcard]
[2026-06-05T09:11:37,398][INFO ][o.e.p.PluginsService     ] [jetlinks-node-1] loaded module [x-pack-aggregate-metric]
[2026-06-05T09:11:37,399][INFO ][o.e.p.PluginsService     ] [jetlinks-node-1] loaded module [x-pack-analytics]
[2026-06-05T09:11:37,399][INFO ][o.e.p.PluginsService     ] [jetlinks-node-1] loaded module [x-pack-async]
[2026-06-05T09:11:37,399][INFO ][o.e.p.PluginsService     ] [jetlinks-node-1] loaded module [x-pack-async-search]
[2026-06-05T09:11:37,414][INFO ][o.e.p.PluginsService     ] [jetlinks-node-1] loaded module [x-pack-autoscaling]
[2026-06-05T09:11:37,415][INFO ][o.e.p.PluginsService     ] [jetlinks-node-1] loaded module [x-pack-ccr]
[2026-06-05T09:11:37,415][INFO ][o.e.p.PluginsService     ] [jetlinks-node-1] loaded module [x-pack-core]
[2026-06-05T09:11:37,416][INFO ][o.e.p.PluginsService     ] [jetlinks-node-1] loaded module [x-pack-data-streams]
[2026-06-05T09:11:37,419][INFO ][o.e.p.PluginsService     ] [jetlinks-node-1] loaded module [x-pack-deprecation]
[2026-06-05T09:11:37,419][INFO ][o.e.p.PluginsService     ] [jetlinks-node-1] loaded module [x-pack-enrich]
[2026-06-05T09:11:37,420][INFO ][o.e.p.PluginsService     ] [jetlinks-node-1] loaded module [x-pack-eql]
[2026-06-05T09:11:37,422][INFO ][o.e.p.PluginsService     ] [jetlinks-node-1] loaded module [x-pack-fleet]
[2026-06-05T09:11:37,422][INFO ][o.e.p.PluginsService     ] [jetlinks-node-1] loaded module [x-pack-graph]
[2026-06-05T09:11:37,422][INFO ][o.e.p.PluginsService     ] [jetlinks-node-1] loaded module [x-pack-identity-provider]
[2026-06-05T09:11:37,422][INFO ][o.e.p.PluginsService     ] [jetlinks-node-1] loaded module [x-pack-ilm]
[2026-06-05T09:11:37,422][INFO ][o.e.p.PluginsService     ] [jetlinks-node-1] loaded module [x-pack-logstash]
[2026-06-05T09:11:37,423][INFO ][o.e.p.PluginsService     ] [jetlinks-node-1] loaded module [x-pack-ml]
[2026-06-05T09:11:37,425][INFO ][o.e.p.PluginsService     ] [jetlinks-node-1] loaded module [x-pack-monitoring]
[2026-06-05T09:11:37,427][INFO ][o.e.p.PluginsService     ] [jetlinks-node-1] loaded module [x-pack-ql]
[2026-06-05T09:11:37,428][INFO ][o.e.p.PluginsService     ] [jetlinks-node-1] loaded module [x-pack-rollup]
[2026-06-05T09:11:37,431][INFO ][o.e.p.PluginsService     ] [jetlinks-node-1] loaded module [x-pack-security]
[2026-06-05T09:11:37,432][INFO ][o.e.p.PluginsService     ] [jetlinks-node-1] loaded module [x-pack-shutdown]
[2026-06-05T09:11:37,433][INFO ][o.e.p.PluginsService     ] [jetlinks-node-1] loaded module [x-pack-sql]
[2026-06-05T09:11:37,434][INFO ][o.e.p.PluginsService     ] [jetlinks-node-1] loaded module [x-pack-stack]
[2026-06-05T09:11:37,434][INFO ][o.e.p.PluginsService     ] [jetlinks-node-1] loaded module [x-pack-text-structure]
[2026-06-05T09:11:37,438][INFO ][o.e.p.PluginsService     ] [jetlinks-node-1] loaded module [x-pack-voting-only-node]
[2026-06-05T09:11:37,438][INFO ][o.e.p.PluginsService     ] [jetlinks-node-1] loaded module [x-pack-watcher]
[2026-06-05T09:11:37,440][INFO ][o.e.p.PluginsService     ] [jetlinks-node-1] no plugins loaded
[2026-06-05T09:11:40,364][INFO ][o.e.e.NodeEnvironment    ] [jetlinks-node-1] using [1] data paths, mounts [[(D:)]], net usable_space [220.5gb], net total_space [310gb], types [NTFS]
[2026-06-05T09:11:40,364][INFO ][o.e.e.NodeEnvironment    ] [jetlinks-node-1] heap size [3.8gb], compressed ordinary object pointers [true]
[2026-06-05T09:11:41,385][INFO ][o.e.n.Node               ] [jetlinks-node-1] node name [jetlinks-node-1], node ID [G361Qy6oTZ6ehOkmxaO0dw], cluster name [jetlinks-es], roles [transform, data_frozen, master, remote_cluster_client, data, ml, data_content, data_hot, data_warm, data_cold, ingest]
[2026-06-05T09:11:57,591][INFO ][o.e.x.m.p.l.CppLogMessageHandler] [jetlinks-node-1] [controller/1608] [Main.cc@122] controller (64 bit): Version 7.17.23 (Build 3e4489a02bea5d) Copyright (c) 2024 Elasticsearch BV
[2026-06-05T09:11:58,672][INFO ][o.e.i.g.ConfigDatabases  ] [jetlinks-node-1] initialized default databases [[GeoLite2-Country.mmdb, GeoLite2-City.mmdb, GeoLite2-ASN.mmdb]], config databases [[]] and watching [C:\ProgramData\chocolatey\lib\elasticsearch\tools\elasticsearch-7.17.23\config\ingest-geoip] for changes
[2026-06-05T09:11:58,672][INFO ][o.e.i.g.DatabaseNodeService] [jetlinks-node-1] deleting stale file [C:\Users\admin\AppData\Local\Temp\elasticsearch\geoip-databases\G361Qy6oTZ6ehOkmxaO0dw\GeoLite2-ASN.mmdb]
[2026-06-05T09:11:58,688][INFO ][o.e.i.g.DatabaseNodeService] [jetlinks-node-1] deleting stale file [C:\Users\admin\AppData\Local\Temp\elasticsearch\geoip-databases\G361Qy6oTZ6ehOkmxaO0dw\GeoLite2-ASN.mmdb_COPYRIGHT.txt]
[2026-06-05T09:11:58,688][INFO ][o.e.i.g.DatabaseNodeService] [jetlinks-node-1] deleting stale file [C:\Users\admin\AppData\Local\Temp\elasticsearch\geoip-databases\G361Qy6oTZ6ehOkmxaO0dw\GeoLite2-ASN.mmdb_elastic-geoip-database-service-agreement-LICENSE.txt]
[2026-06-05T09:11:58,688][INFO ][o.e.i.g.DatabaseNodeService] [jetlinks-node-1] deleting stale file [C:\Users\admin\AppData\Local\Temp\elasticsearch\geoip-databases\G361Qy6oTZ6ehOkmxaO0dw\GeoLite2-ASN.mmdb_LICENSE.txt]
[2026-06-05T09:11:58,694][INFO ][o.e.i.g.DatabaseNodeService] [jetlinks-node-1] deleting stale file [C:\Users\admin\AppData\Local\Temp\elasticsearch\geoip-databases\G361Qy6oTZ6ehOkmxaO0dw\GeoLite2-City.mmdb]
[2026-06-05T09:11:58,699][INFO ][o.e.i.g.DatabaseNodeService] [jetlinks-node-1] deleting stale file [C:\Users\admin\AppData\Local\Temp\elasticsearch\geoip-databases\G361Qy6oTZ6ehOkmxaO0dw\GeoLite2-City.mmdb_COPYRIGHT.txt]
[2026-06-05T09:11:58,703][INFO ][o.e.i.g.DatabaseNodeService] [jetlinks-node-1] deleting stale file [C:\Users\admin\AppData\Local\Temp\elasticsearch\geoip-databases\G361Qy6oTZ6ehOkmxaO0dw\GeoLite2-City.mmdb_elastic-geoip-database-service-agreement-LICENSE.txt]
[2026-06-05T09:11:58,704][INFO ][o.e.i.g.DatabaseNodeService] [jetlinks-node-1] deleting stale file [C:\Users\admin\AppData\Local\Temp\elasticsearch\geoip-databases\G361Qy6oTZ6ehOkmxaO0dw\GeoLite2-City.mmdb_LICENSE.txt]
[2026-06-05T09:11:58,704][INFO ][o.e.i.g.DatabaseNodeService] [jetlinks-node-1] deleting stale file [C:\Users\admin\AppData\Local\Temp\elasticsearch\geoip-databases\G361Qy6oTZ6ehOkmxaO0dw\GeoLite2-City.mmdb_README.txt]
[2026-06-05T09:11:58,704][INFO ][o.e.i.g.DatabaseNodeService] [jetlinks-node-1] deleting stale file [C:\Users\admin\AppData\Local\Temp\elasticsearch\geoip-databases\G361Qy6oTZ6ehOkmxaO0dw\GeoLite2-Country.mmdb]
[2026-06-05T09:11:58,704][INFO ][o.e.i.g.DatabaseNodeService] [jetlinks-node-1] deleting stale file [C:\Users\admin\AppData\Local\Temp\elasticsearch\geoip-databases\G361Qy6oTZ6ehOkmxaO0dw\GeoLite2-Country.mmdb_COPYRIGHT.txt]
[2026-06-05T09:11:58,711][INFO ][o.e.i.g.DatabaseNodeService] [jetlinks-node-1] deleting stale file [C:\Users\admin\AppData\Local\Temp\elasticsearch\geoip-databases\G361Qy6oTZ6ehOkmxaO0dw\GeoLite2-Country.mmdb_elastic-geoip-database-service-agreement-LICENSE.txt]
[2026-06-05T09:11:58,711][INFO ][o.e.i.g.DatabaseNodeService] [jetlinks-node-1] deleting stale file [C:\Users\admin\AppData\Local\Temp\elasticsearch\geoip-databases\G361Qy6oTZ6ehOkmxaO0dw\GeoLite2-Country.mmdb_LICENSE.txt]
[2026-06-05T09:11:58,715][INFO ][o.e.i.g.DatabaseNodeService] [jetlinks-node-1] initialized database registry, using geoip-databases directory [C:\Users\admin\AppData\Local\Temp\elasticsearch\geoip-databases\G361Qy6oTZ6ehOkmxaO0dw]
[2026-06-05T09:11:59,901][INFO ][o.e.t.NettyAllocator     ] [jetlinks-node-1] creating NettyAllocator with the following configs: [name=elasticsearch_configured, chunk_size=1mb, suggested_max_allocation_size=1mb, factors={es.unsafe.use_netty_default_chunk_and_page_size=false, g1gc_enabled=true, g1gc_region_size=4mb}]
[2026-06-05T09:11:59,983][INFO ][o.e.i.r.RecoverySettings ] [jetlinks-node-1] using rate limit [40mb] with [default=40mb, read=0b, write=0b, max=0b]
[2026-06-05T09:12:00,153][INFO ][o.e.d.DiscoveryModule    ] [jetlinks-node-1] using discovery type [single-node] and seed hosts providers [settings]
[2026-06-05T09:12:01,365][INFO ][o.e.g.DanglingIndicesState] [jetlinks-node-1] gateway.auto_import_dangling_indices is disabled, dangling indices will not be automatically detected or imported and must be managed manually
[2026-06-05T09:12:02,792][INFO ][o.e.n.Node               ] [jetlinks-node-1] initialized
[2026-06-05T09:12:02,792][INFO ][o.e.n.Node               ] [jetlinks-node-1] starting ...
[2026-06-05T09:12:02,851][INFO ][o.e.x.s.c.f.PersistentCache] [jetlinks-node-1] persistent cache index loaded
[2026-06-05T09:12:02,856][INFO ][o.e.x.d.l.DeprecationIndexingComponent] [jetlinks-node-1] deprecation component started
[2026-06-05T09:12:03,142][INFO ][o.e.t.TransportService   ] [jetlinks-node-1] publish_address {127.0.0.1:9300}, bound_addresses {127.0.0.1:9300}
[2026-06-05T09:12:03,907][INFO ][o.e.c.c.Coordinator      ] [jetlinks-node-1] cluster UUID [L0rPvp7eRY2QdaOoo6NtDQ]
[2026-06-05T09:12:04,076][INFO ][o.e.c.s.MasterService    ] [jetlinks-node-1] elected-as-master ([1] nodes joined)[{jetlinks-node-1}{G361Qy6oTZ6ehOkmxaO0dw}{EqKIjsTJRq2u3tbeERSpQA}{127.0.0.1}{127.0.0.1:9300}{cdfhilmrstw} elect leader, _BECOME_MASTER_TASK_, _FINISH_ELECTION_], term: 16, version: 278, delta: master node changed {previous [], current [{jetlinks-node-1}{G361Qy6oTZ6ehOkmxaO0dw}{EqKIjsTJRq2u3tbeERSpQA}{127.0.0.1}{127.0.0.1:9300}{cdfhilmrstw}]}
[2026-06-05T09:12:04,343][INFO ][o.e.c.s.ClusterApplierService] [jetlinks-node-1] master node changed {previous [], current [{jetlinks-node-1}{G361Qy6oTZ6ehOkmxaO0dw}{EqKIjsTJRq2u3tbeERSpQA}{127.0.0.1}{127.0.0.1:9300}{cdfhilmrstw}]}, term: 16, version: 278, reason: Publication{term=16, version=278}
[2026-06-05T09:12:04,413][INFO ][o.e.h.AbstractHttpServerTransport] [jetlinks-node-1] publish_address {127.0.0.1:9200}, bound_addresses {127.0.0.1:9200}
[2026-06-05T09:12:04,413][INFO ][o.e.n.Node               ] [jetlinks-node-1] started
[2026-06-05T09:12:05,373][INFO ][o.e.l.LicenseService     ] [jetlinks-node-1] license [c7b53868-c9b5-4263-8a93-22416c2af5bf] mode [basic] - valid
[2026-06-05T09:12:05,415][INFO ][o.e.g.GatewayService     ] [jetlinks-node-1] recovered [9] indices into cluster_state
[2026-06-05T09:12:07,358][ERROR][o.e.i.g.GeoIpDownloader  ] [jetlinks-node-1] exception during geoip databases update
org.elasticsearch.ElasticsearchException: not all primary shards of [.geoip_databases] index are active
	at org.elasticsearch.ingest.geoip.GeoIpDownloader.updateDatabases(GeoIpDownloader.java:137) ~[ingest-geoip-7.17.23.jar:7.17.23]
	at org.elasticsearch.ingest.geoip.GeoIpDownloader.runDownloader(GeoIpDownloader.java:284) [ingest-geoip-7.17.23.jar:7.17.23]
	at org.elasticsearch.ingest.geoip.GeoIpDownloaderTaskExecutor.nodeOperation(GeoIpDownloaderTaskExecutor.java:100) [ingest-geoip-7.17.23.jar:7.17.23]
	at org.elasticsearch.ingest.geoip.GeoIpDownloaderTaskExecutor.nodeOperation(GeoIpDownloaderTaskExecutor.java:46) [ingest-geoip-7.17.23.jar:7.17.23]
	at org.elasticsearch.persistent.NodePersistentTasksExecutor$1.doRun(NodePersistentTasksExecutor.java:42) [elasticsearch-7.17.23.jar:7.17.23]
	at org.elasticsearch.common.util.concurrent.ThreadContext$ContextPreservingAbstractRunnable.doRun(ThreadContext.java:777) [elasticsearch-7.17.23.jar:7.17.23]
	at org.elasticsearch.common.util.concurrent.AbstractRunnable.run(AbstractRunnable.java:26) [elasticsearch-7.17.23.jar:7.17.23]
	at java.util.concurrent.ThreadPoolExecutor.runWorker(ThreadPoolExecutor.java:1144) [?:?]
	at java.util.concurrent.ThreadPoolExecutor$Worker.run(ThreadPoolExecutor.java:642) [?:?]
	at java.lang.Thread.run(Thread.java:1570) [?:?]
[2026-06-05T09:12:08,236][INFO ][o.e.i.g.DatabaseNodeService] [jetlinks-node-1] retrieve geoip database [GeoLite2-Country.mmdb] from [.geoip_databases] to [C:\Users\admin\AppData\Local\Temp\elasticsearch\geoip-databases\G361Qy6oTZ6ehOkmxaO0dw\GeoLite2-Country.mmdb.tmp.gz]
[2026-06-05T09:12:08,241][INFO ][o.e.i.g.DatabaseNodeService] [jetlinks-node-1] retrieve geoip database [GeoLite2-City.mmdb] from [.geoip_databases] to [C:\Users\admin\AppData\Local\Temp\elasticsearch\geoip-databases\G361Qy6oTZ6ehOkmxaO0dw\GeoLite2-City.mmdb.tmp.gz]
[2026-06-05T09:12:08,243][INFO ][o.e.i.g.DatabaseNodeService] [jetlinks-node-1] retrieve geoip database [GeoLite2-ASN.mmdb] from [.geoip_databases] to [C:\Users\admin\AppData\Local\Temp\elasticsearch\geoip-databases\G361Qy6oTZ6ehOkmxaO0dw\GeoLite2-ASN.mmdb.tmp.gz]
[2026-06-05T09:12:09,244][INFO ][o.e.i.g.DatabaseNodeService] [jetlinks-node-1] successfully reloaded changed geoip database file [C:\Users\admin\AppData\Local\Temp\elasticsearch\geoip-databases\G361Qy6oTZ6ehOkmxaO0dw\GeoLite2-Country.mmdb]
[2026-06-05T09:12:09,791][INFO ][o.e.i.g.DatabaseNodeService] [jetlinks-node-1] successfully reloaded changed geoip database file [C:\Users\admin\AppData\Local\Temp\elasticsearch\geoip-databases\G361Qy6oTZ6ehOkmxaO0dw\GeoLite2-ASN.mmdb]
[2026-06-05T09:12:12,580][INFO ][o.e.i.g.DatabaseNodeService] [jetlinks-node-1] successfully reloaded changed geoip database file [C:\Users\admin\AppData\Local\Temp\elasticsearch\geoip-databases\G361Qy6oTZ6ehOkmxaO0dw\GeoLite2-City.mmdb]
[2026-06-05T09:12:15,387][INFO ][o.e.c.r.a.AllocationService] [jetlinks-node-1] Cluster health status changed from [RED] to [GREEN] (reason: [shards started [[jetlinks-metrics_2026-5][0]]]).
[2026-06-05T09:30:01,281][INFO ][o.e.x.s.SnapshotRetentionTask] [jetlinks-node-1] starting SLM retention snapshot cleanup task
[2026-06-05T09:30:01,612][INFO ][o.e.x.s.SnapshotRetentionTask] [jetlinks-node-1] there are no repositories to fetch, SLM retention snapshot cleanup task complete
[2026-06-05T10:33:19,594][WARN ][o.e.t.ThreadPool         ] [jetlinks-node-1] timer thread slept for [20.6s/20673ms] on absolute clock which is above the warn threshold of [5000ms]
[2026-06-05T10:33:21,818][WARN ][o.e.t.ThreadPool         ] [jetlinks-node-1] timer thread slept for [20.6s/20672748700ns] on relative clock which is above the warn threshold of [5000ms]
[2026-06-05T10:33:22,121][WARN ][o.e.m.j.JvmGcMonitorService] [jetlinks-node-1] [gc][young][4800][9] duration [20.5s], collections [1]/[1s], total [20.5s]/[20.7s], memory [1gb]->[1gb]/[3.8gb], all_pools {[young] [956mb]->[956mb]/[0b]}{[old] [8mb]->[8mb]/[3.8gb]}{[survivor] [79.5mb]->[79.5mb]/[0b]}
[2026-06-05T10:33:22,137][WARN ][o.e.m.j.JvmGcMonitorService] [jetlinks-node-1] [gc][4800] overhead, spent [20.5s] collecting in the last [1s]
[2026-06-05T10:33:22,137][WARN ][o.e.t.ThreadPool         ] [jetlinks-node-1] execution of [ReschedulingRunnable{runnable=org.elasticsearch.monitor.jvm.JvmGcMonitorService$1@3ae73f94, interval=1s}] took [20672ms] which is above the warn threshold of [5000ms]
