486:C 29 May 2026 10:17:40.079 # Fatal error, can't open config file '/redis/tools/C:\ProgramData\chocolatey\lib\redis\tools\redis.conf': No such file or directory
1662:C 29 May 2026 10:17:42.214 # Fatal error, can't open config file '/redis/tools/C:\ProgramData\chocolatey\lib\redis\tools\redis.conf': No such file or directory
1646:C 29 May 2026 10:17:46.427 # Fatal error, can't open config file '/redis/tools/C:\ProgramData\chocolatey\lib\redis\tools\redis.conf': No such file or directory
496:C 29 May 2026 10:17:54.588 # Fatal error, can't open config file '/redis/tools/C:\ProgramData\chocolatey\lib\redis\tools\redis.conf': No such file or directory
1253:C 29 May 2026 10:18:10.738 # Fatal error, can't open config file '/redis/tools/C:\ProgramData\chocolatey\lib\redis\tools\redis.conf': No such file or directory
1023:C 29 May 2026 10:18:42.897 # Fatal error, can't open config file '/redis/tools/C:\ProgramData\chocolatey\lib\redis\tools\redis.conf': No such file or directory
1394:C 29 May 2026 10:19:47.052 # Fatal error, can't open config file '/redis/tools/C:\ProgramData\chocolatey\lib\redis\tools\redis.conf': No such file or directory
1269:C 29 May 2026 10:21:55.210 # Fatal error, can't open config file '/redis/tools/C:\ProgramData\chocolatey\lib\redis\tools\redis.conf': No such file or directory
576:C 29 May 2026 10:24:03.397 # Fatal error, can't open config file '/redis/tools/C:\ProgramData\chocolatey\lib\redis\tools\redis.conf': No such file or directory
1721:C 29 May 2026 10:26:11.583 # Fatal error, can't open config file '/redis/tools/C:\ProgramData\chocolatey\lib\redis\tools\redis.conf': No such file or directory
783:C 29 May 2026 10:28:19.734 # Fatal error, can't open config file '/redis/tools/C:\ProgramData\chocolatey\lib\redis\tools\redis.conf': No such file or directory
2047:C 29 May 2026 10:30:27.895 # Fatal error, can't open config file '/redis/tools/C:\ProgramData\chocolatey\lib\redis\tools\redis.conf': No such file or directory
1467:C 29 May 2026 10:35:33.734 * oO0OoO0OoO0Oo Redis is starting oO0OoO0OoO0Oo
1467:C 29 May 2026 10:35:33.758 * Redis version=8.8.0, bits=64, commit=00000000, modified=0, pid=1467, just started
1467:C 29 May 2026 10:35:33.758 * Configuration loaded
1467:M 29 May 2026 10:35:33.762 # You requested maxclients of 10000 requiring at least 10032 max file descriptors.
1467:M 29 May 2026 10:35:33.762 # Server can't set maximum open files to 10032 because of OS error: Operation not permitted.
1467:M 29 May 2026 10:35:33.762 # Current maximum open files is 3200. maxclients has been reduced to 3168 to compensate for low ulimit. If you need higher maxclients increase 'ulimit -n'.
1467:M 29 May 2026 10:35:33.762 * monotonic clock: POSIX clock_gettime
1467:M 29 May 2026 10:35:33.769 * Running mode=standalone, port=6379.
1467:M 29 May 2026 10:35:33.775 * Server initialized
1467:M 29 May 2026 10:35:33.776 * Ready to accept connections tcp
1467:M 29 May 2026 10:35:33.776 # WARNING: Redis does not require authentication. Redis will accept connections from any local client.
1467:M 29 May 2026 11:31:18.445 * 1 changes in 900 seconds. Saving...
1467:M 29 May 2026 11:31:18.860 * Background saving started by pid 1468
1468:C 29 May 2026 11:31:18.896 * BGSAVE done, 1 keys saved, 0 keys skipped, 201 bytes written.
1468:C 29 May 2026 11:31:19.025 * DB saved on disk
1468:C 29 May 2026 11:31:19.026 * Fork CoW for RDB: current 0 MB, peak 0 MB, average 0 MB
1467:M 29 May 2026 11:31:19.196 * Background saving terminated with success
1467:M 29 May 2026 11:46:20.004 * 1 changes in 900 seconds. Saving...
1467:M 29 May 2026 11:46:20.115 * Background saving started by pid 1469
1469:C 29 May 2026 11:46:20.119 * BGSAVE done, 1 keys saved, 0 keys skipped, 201 bytes written.
1469:C 29 May 2026 11:46:20.188 * DB saved on disk
1469:C 29 May 2026 11:46:20.188 * Fork CoW for RDB: current 0 MB, peak 0 MB, average 0 MB
1467:M 29 May 2026 11:46:20.226 * Background saving terminated with success
1533:C 29 May 2026 18:26:38.381 * oO0OoO0OoO0Oo Redis is starting oO0OoO0OoO0Oo
1533:C 29 May 2026 18:26:38.396 * Redis version=8.8.0, bits=64, commit=00000000, modified=0, pid=1533, just started
1533:C 29 May 2026 18:26:38.396 * Configuration loaded
1533:M 29 May 2026 18:26:38.400 # You requested maxclients of 10000 requiring at least 10032 max file descriptors.
1533:M 29 May 2026 18:26:38.400 # Server can't set maximum open files to 10032 because of OS error: Operation not permitted.
1533:M 29 May 2026 18:26:38.400 # Current maximum open files is 3200. maxclients has been reduced to 3168 to compensate for low ulimit. If you need higher maxclients increase 'ulimit -n'.
1533:M 29 May 2026 18:26:38.400 * monotonic clock: POSIX clock_gettime
1533:M 29 May 2026 18:26:38.403 * Running mode=standalone, port=6379.
1533:M 29 May 2026 18:26:38.821 * Server initialized
1533:M 29 May 2026 18:26:38.828 * Loading RDB produced by version 8.8.0
1533:M 29 May 2026 18:26:38.828 * RDB age 24018 seconds
1533:M 29 May 2026 18:26:38.828 * RDB memory usage when created 0.87 Mb
1533:M 29 May 2026 18:26:38.828 * Done loading RDB, keys loaded: 1, keys expired: 0.
1533:M 29 May 2026 18:26:38.828 * DB loaded from disk: 0.007 seconds
1533:M 29 May 2026 18:26:38.828 * Ready to accept connections tcp
1533:M 29 May 2026 18:26:38.828 # WARNING: Redis does not require authentication. Redis will accept connections from any local client.
1533:M 29 May 2026 18:41:39.023 * 1 changes in 900 seconds. Saving...
1533:M 29 May 2026 18:41:39.382 * Background saving started by pid 1534
1534:C 29 May 2026 18:41:39.388 * BGSAVE done, 1 keys saved, 0 keys skipped, 201 bytes written.
1534:C 29 May 2026 18:41:39.447 * DB saved on disk
1534:C 29 May 2026 18:41:39.447 * Fork CoW for RDB: current 0 MB, peak 0 MB, average 0 MB
1533:M 29 May 2026 18:41:39.488 * Background saving terminated with success
1821:C 30 May 2026 10:43:52.984 * oO0OoO0OoO0Oo Redis is starting oO0OoO0OoO0Oo
1821:C 30 May 2026 10:43:53.026 * Redis version=8.8.0, bits=64, commit=00000000, modified=0, pid=1821, just started
1821:C 30 May 2026 10:43:53.026 * Configuration loaded
1821:M 30 May 2026 10:43:53.030 # You requested maxclients of 10000 requiring at least 10032 max file descriptors.
1821:M 30 May 2026 10:43:53.030 # Server can't set maximum open files to 10032 because of OS error: Operation not permitted.
1821:M 30 May 2026 10:43:53.030 # Current maximum open files is 3200. maxclients has been reduced to 3168 to compensate for low ulimit. If you need higher maxclients increase 'ulimit -n'.
1821:M 30 May 2026 10:43:53.030 * monotonic clock: POSIX clock_gettime
1821:M 30 May 2026 10:43:53.035 * Running mode=standalone, port=6379.
1821:M 30 May 2026 10:43:53.333 * Server initialized
1821:M 30 May 2026 10:43:53.361 * Loading RDB produced by version 8.8.0
1821:M 30 May 2026 10:43:53.361 * RDB age 57734 seconds
1821:M 30 May 2026 10:43:53.361 * RDB memory usage when created 0.80 Mb
1821:M 30 May 2026 10:43:53.362 * Done loading RDB, keys loaded: 1, keys expired: 0.
1821:M 30 May 2026 10:43:53.362 * DB loaded from disk: 0.029 seconds
1821:M 30 May 2026 10:43:53.362 * Ready to accept connections tcp
1821:M 30 May 2026 10:43:53.362 # WARNING: Redis does not require authentication. Redis will accept connections from any local client.
2017:C 30 May 2026 10:44:36.712 * oO0OoO0OoO0Oo Redis is starting oO0OoO0OoO0Oo
2017:C 30 May 2026 10:44:36.740 * Redis version=8.8.0, bits=64, commit=00000000, modified=0, pid=2017, just started
2017:C 30 May 2026 10:44:36.740 * Configuration loaded
2017:M 30 May 2026 10:44:36.747 # You requested maxclients of 10000 requiring at least 10032 max file descriptors.
2017:M 30 May 2026 10:44:36.747 # Server can't set maximum open files to 10032 because of OS error: Operation not permitted.
2017:M 30 May 2026 10:44:36.747 # Current maximum open files is 3200. maxclients has been reduced to 3168 to compensate for low ulimit. If you need higher maxclients increase 'ulimit -n'.
2017:M 30 May 2026 10:44:36.747 * monotonic clock: POSIX clock_gettime
2017:M 30 May 2026 10:44:36.753 * Running mode=standalone, port=6379.
2017:M 30 May 2026 10:44:36.895 * Server initialized
2017:M 30 May 2026 10:44:36.925 * Loading RDB produced by version 8.8.0
2017:M 30 May 2026 10:44:36.925 * RDB age 57777 seconds
2017:M 30 May 2026 10:44:36.925 * RDB memory usage when created 0.80 Mb
2017:M 30 May 2026 10:44:36.942 * Done loading RDB, keys loaded: 1, keys expired: 0.
2017:M 30 May 2026 10:44:36.942 * DB loaded from disk: 0.047 seconds
2017:M 30 May 2026 10:44:36.942 * Ready to accept connections tcp
2017:M 30 May 2026 10:44:36.942 # WARNING: Redis does not require authentication. Redis will accept connections from any local client.
2017:M 30 May 2026 10:59:37.154 * 1 changes in 900 seconds. Saving...
2017:M 30 May 2026 10:59:39.945 * Background saving started by pid 2018
2018:C 30 May 2026 10:59:39.954 * BGSAVE done, 1 keys saved, 0 keys skipped, 201 bytes written.
2018:C 30 May 2026 10:59:40.127 * DB saved on disk
2018:C 30 May 2026 10:59:40.127 * Fork CoW for RDB: current 0 MB, peak 0 MB, average 0 MB
2017:M 30 May 2026 10:59:40.175 * Background saving terminated with success
363:C 30 May 2026 15:00:51.980 * oO0OoO0OoO0Oo Redis is starting oO0OoO0OoO0Oo
363:C 30 May 2026 15:00:52.029 * Redis version=8.8.0, bits=64, commit=00000000, modified=0, pid=363, just started
363:C 30 May 2026 15:00:52.029 * Configuration loaded
363:M 30 May 2026 15:00:52.033 # You requested maxclients of 10000 requiring at least 10032 max file descriptors.
363:M 30 May 2026 15:00:52.033 # Server can't set maximum open files to 10032 because of OS error: Operation not permitted.
363:M 30 May 2026 15:00:52.033 # Current maximum open files is 3200. maxclients has been reduced to 3168 to compensate for low ulimit. If you need higher maxclients increase 'ulimit -n'.
363:M 30 May 2026 15:00:52.033 * monotonic clock: POSIX clock_gettime
363:M 30 May 2026 15:00:52.041 * Running mode=standalone, port=6379.
363:M 30 May 2026 15:00:52.514 * Server initialized
363:M 30 May 2026 15:00:52.529 * Loading RDB produced by version 8.8.0
363:M 30 May 2026 15:00:52.529 * RDB age 14473 seconds
363:M 30 May 2026 15:00:52.529 * RDB memory usage when created 0.80 Mb
363:M 30 May 2026 15:00:52.534 * Done loading RDB, keys loaded: 1, keys expired: 0.
363:M 30 May 2026 15:00:52.535 * DB loaded from disk: 0.020 seconds
363:M 30 May 2026 15:00:52.535 * Ready to accept connections tcp
363:M 30 May 2026 15:00:52.535 # WARNING: Redis does not require authentication. Redis will accept connections from any local client.
363:M 30 May 2026 15:15:53.142 * 1 changes in 900 seconds. Saving...
363:M 30 May 2026 15:16:04.877 * Background saving started by pid 364
364:C 30 May 2026 15:16:05.011 * BGSAVE done, 1 keys saved, 0 keys skipped, 201 bytes written.
364:C 30 May 2026 15:16:05.359 * DB saved on disk
364:C 30 May 2026 15:16:05.359 * Fork CoW for RDB: current 0 MB, peak 0 MB, average 0 MB
363:M 30 May 2026 15:16:05.430 * Background saving terminated with success
661:C 30 May 2026 15:33:42.936 * oO0OoO0OoO0Oo Redis is starting oO0OoO0OoO0Oo
661:C 30 May 2026 15:33:42.975 * Redis version=8.8.0, bits=64, commit=00000000, modified=0, pid=661, just started
661:C 30 May 2026 15:33:42.975 * Configuration loaded
661:M 30 May 2026 15:33:42.980 # You requested maxclients of 10000 requiring at least 10032 max file descriptors.
661:M 30 May 2026 15:33:42.980 # Server can't set maximum open files to 10032 because of OS error: Operation not permitted.
661:M 30 May 2026 15:33:42.980 # Current maximum open files is 3200. maxclients has been reduced to 3168 to compensate for low ulimit. If you need higher maxclients increase 'ulimit -n'.
661:M 30 May 2026 15:33:42.980 * monotonic clock: POSIX clock_gettime
661:M 30 May 2026 15:33:42.984 * Running mode=standalone, port=6379.
661:M 30 May 2026 15:33:43.219 * Server initialized
661:M 30 May 2026 15:33:43.222 * Loading RDB produced by version 8.8.0
661:M 30 May 2026 15:33:43.222 * RDB age 1058 seconds
661:M 30 May 2026 15:33:43.222 * RDB memory usage when created 0.80 Mb
661:M 30 May 2026 15:33:43.223 * Done loading RDB, keys loaded: 1, keys expired: 0.
661:M 30 May 2026 15:33:43.223 * DB loaded from disk: 0.003 seconds
661:M 30 May 2026 15:33:43.223 * Ready to accept connections tcp
661:M 30 May 2026 15:33:43.223 # WARNING: Redis does not require authentication. Redis will accept connections from any local client.
661:M 30 May 2026 15:48:43.030 * 1 changes in 900 seconds. Saving...
661:M 30 May 2026 15:48:43.479 * Background saving started by pid 662
662:C 30 May 2026 15:48:43.556 * BGSAVE done, 1 keys saved, 0 keys skipped, 201 bytes written.
662:C 30 May 2026 15:48:43.598 * DB saved on disk
662:C 30 May 2026 15:48:43.598 * Fork CoW for RDB: current 0 MB, peak 0 MB, average 0 MB
661:M 30 May 2026 15:48:43.696 * Background saving terminated with success
1874:C 01 Jun 2026 08:40:25.565 * oO0OoO0OoO0Oo Redis is starting oO0OoO0OoO0Oo
1874:C 01 Jun 2026 08:40:25.594 * Redis version=8.8.0, bits=64, commit=00000000, modified=0, pid=1874, just started
1874:C 01 Jun 2026 08:40:25.594 * Configuration loaded
1874:M 01 Jun 2026 08:40:25.603 # You requested maxclients of 10000 requiring at least 10032 max file descriptors.
1874:M 01 Jun 2026 08:40:25.603 # Server can't set maximum open files to 10032 because of OS error: Operation not permitted.
1874:M 01 Jun 2026 08:40:25.603 # Current maximum open files is 3200. maxclients has been reduced to 3168 to compensate for low ulimit. If you need higher maxclients increase 'ulimit -n'.
1874:M 01 Jun 2026 08:40:25.603 * monotonic clock: POSIX clock_gettime
1874:M 01 Jun 2026 08:40:25.608 * Running mode=standalone, port=6379.
1874:M 01 Jun 2026 08:40:25.676 * Server initialized
1874:M 01 Jun 2026 08:40:25.687 * Loading RDB produced by version 8.8.0
1874:M 01 Jun 2026 08:40:25.687 * RDB age 147102 seconds
1874:M 01 Jun 2026 08:40:25.687 * RDB memory usage when created 0.80 Mb
1874:M 01 Jun 2026 08:40:25.688 * Done loading RDB, keys loaded: 1, keys expired: 0.
1874:M 01 Jun 2026 08:40:25.688 * DB loaded from disk: 0.008 seconds
1874:M 01 Jun 2026 08:40:25.688 * Ready to accept connections tcp
1874:M 01 Jun 2026 08:40:25.688 # WARNING: Redis does not require authentication. Redis will accept connections from any local client.
1874:M 01 Jun 2026 08:55:26.096 * 1 changes in 900 seconds. Saving...
1874:M 01 Jun 2026 08:55:26.418 * Background saving started by pid 1875
1875:C 01 Jun 2026 08:55:26.453 * BGSAVE done, 1 keys saved, 0 keys skipped, 201 bytes written.
1875:C 01 Jun 2026 08:55:26.499 * DB saved on disk
1875:C 01 Jun 2026 08:55:26.499 * Fork CoW for RDB: current 0 MB, peak 0 MB, average 0 MB
1874:M 01 Jun 2026 08:55:26.529 * Background saving terminated with success
231:C 01 Jun 2026 10:34:27.398 * oO0OoO0OoO0Oo Redis is starting oO0OoO0OoO0Oo
231:C 01 Jun 2026 10:34:27.446 * Redis version=8.8.0, bits=64, commit=00000000, modified=0, pid=231, just started
231:C 01 Jun 2026 10:34:27.446 * Configuration loaded
231:M 01 Jun 2026 10:34:27.451 # You requested maxclients of 10000 requiring at least 10032 max file descriptors.
231:M 01 Jun 2026 10:34:27.451 # Server can't set maximum open files to 10032 because of OS error: Operation not permitted.
231:M 01 Jun 2026 10:34:27.451 # Current maximum open files is 3200. maxclients has been reduced to 3168 to compensate for low ulimit. If you need higher maxclients increase 'ulimit -n'.
231:M 01 Jun 2026 10:34:27.451 * monotonic clock: POSIX clock_gettime
231:M 01 Jun 2026 10:34:27.456 * Running mode=standalone, port=6379.
231:M 01 Jun 2026 10:34:27.985 * Server initialized
231:M 01 Jun 2026 10:34:27.992 * Loading RDB produced by version 8.8.0
231:M 01 Jun 2026 10:34:27.992 * RDB age 5941 seconds
231:M 01 Jun 2026 10:34:27.992 * RDB memory usage when created 0.80 Mb
231:M 01 Jun 2026 10:34:27.993 * Done loading RDB, keys loaded: 1, keys expired: 0.
231:M 01 Jun 2026 10:34:27.993 * DB loaded from disk: 0.004 seconds
231:M 01 Jun 2026 10:34:27.993 * Ready to accept connections tcp
231:M 01 Jun 2026 10:34:27.993 # WARNING: Redis does not require authentication. Redis will accept connections from any local client.
231:M 01 Jun 2026 10:49:28.827 * 1 changes in 900 seconds. Saving...
231:M 01 Jun 2026 10:50:12.856 * Background saving started by pid 232
232:C 01 Jun 2026 10:50:13.659 * BGSAVE done, 1 keys saved, 0 keys skipped, 201 bytes written.
232:C 01 Jun 2026 10:50:15.322 * DB saved on disk
232:C 01 Jun 2026 10:50:15.322 * Fork CoW for RDB: current 0 MB, peak 0 MB, average 0 MB
231:M 01 Jun 2026 10:50:15.610 * Background saving terminated with success
314:C 02 Jun 2026 08:52:11.263 * oO0OoO0OoO0Oo Redis is starting oO0OoO0OoO0Oo
314:C 02 Jun 2026 08:52:11.305 * Redis version=8.8.0, bits=64, commit=00000000, modified=0, pid=314, just started
314:C 02 Jun 2026 08:52:11.305 * Configuration loaded
314:M 02 Jun 2026 08:52:11.310 # You requested maxclients of 10000 requiring at least 10032 max file descriptors.
314:M 02 Jun 2026 08:52:11.311 # Server can't set maximum open files to 10032 because of OS error: Operation not permitted.
314:M 02 Jun 2026 08:52:11.311 # Current maximum open files is 3200. maxclients has been reduced to 3168 to compensate for low ulimit. If you need higher maxclients increase 'ulimit -n'.
314:M 02 Jun 2026 08:52:11.311 * monotonic clock: POSIX clock_gettime
314:M 02 Jun 2026 08:52:11.331 * Running mode=standalone, port=6379.
314:M 02 Jun 2026 08:52:11.515 * Server initialized
314:M 02 Jun 2026 08:52:11.539 * Loading RDB produced by version 8.8.0
314:M 02 Jun 2026 08:52:11.539 * RDB age 79318 seconds
314:M 02 Jun 2026 08:52:11.539 * RDB memory usage when created 0.80 Mb
314:M 02 Jun 2026 08:52:11.540 * Done loading RDB, keys loaded: 1, keys expired: 0.
314:M 02 Jun 2026 08:52:11.540 * DB loaded from disk: 0.025 seconds
314:M 02 Jun 2026 08:52:11.540 * Ready to accept connections tcp
314:M 02 Jun 2026 08:52:11.540 # WARNING: Redis does not require authentication. Redis will accept connections from any local client.
314:M 02 Jun 2026 09:07:12.136 * 1 changes in 900 seconds. Saving...
314:M 02 Jun 2026 09:07:12.931 * Background saving started by pid 315
315:C 02 Jun 2026 09:07:13.009 * BGSAVE done, 1 keys saved, 0 keys skipped, 201 bytes written.
315:C 02 Jun 2026 09:07:13.146 * DB saved on disk
315:C 02 Jun 2026 09:07:13.146 * Fork CoW for RDB: current 0 MB, peak 0 MB, average 0 MB
314:M 02 Jun 2026 09:07:13.251 * Background saving terminated with success
1492:C 02 Jun 2026 11:14:52.842 * oO0OoO0OoO0Oo Redis is starting oO0OoO0OoO0Oo
1492:C 02 Jun 2026 11:14:52.873 * Redis version=8.8.0, bits=64, commit=00000000, modified=0, pid=1492, just started
1492:C 02 Jun 2026 11:14:52.873 * Configuration loaded
1492:M 02 Jun 2026 11:14:52.877 # You requested maxclients of 10000 requiring at least 10032 max file descriptors.
1492:M 02 Jun 2026 11:14:52.877 # Server can't set maximum open files to 10032 because of OS error: Operation not permitted.
1492:M 02 Jun 2026 11:14:52.877 # Current maximum open files is 3200. maxclients has been reduced to 3168 to compensate for low ulimit. If you need higher maxclients increase 'ulimit -n'.
1492:M 02 Jun 2026 11:14:52.877 * monotonic clock: POSIX clock_gettime
1492:M 02 Jun 2026 11:14:52.885 * Running mode=standalone, port=6379.
1492:M 02 Jun 2026 11:14:53.033 * Server initialized
1492:M 02 Jun 2026 11:14:53.076 * Loading RDB produced by version 8.8.0
1492:M 02 Jun 2026 11:14:53.077 * RDB age 7660 seconds
1492:M 02 Jun 2026 11:14:53.077 * RDB memory usage when created 0.80 Mb
1492:M 02 Jun 2026 11:14:53.077 * Done loading RDB, keys loaded: 1, keys expired: 0.
1492:M 02 Jun 2026 11:14:53.078 * DB loaded from disk: 0.044 seconds
1492:M 02 Jun 2026 11:14:53.078 * Ready to accept connections tcp
1492:M 02 Jun 2026 11:14:53.078 # WARNING: Redis does not require authentication. Redis will accept connections from any local client.
1492:M 02 Jun 2026 11:29:53.071 * 1 changes in 900 seconds. Saving...
1492:M 02 Jun 2026 11:29:53.469 * Background saving started by pid 1493
1493:C 02 Jun 2026 11:29:53.492 * BGSAVE done, 1 keys saved, 0 keys skipped, 201 bytes written.
1493:C 02 Jun 2026 11:29:53.530 * DB saved on disk
1493:C 02 Jun 2026 11:29:53.530 * Fork CoW for RDB: current 0 MB, peak 0 MB, average 0 MB
1492:M 02 Jun 2026 11:29:53.576 * Background saving terminated with success
1833:C 02 Jun 2026 11:35:15.893 * oO0OoO0OoO0Oo Redis is starting oO0OoO0OoO0Oo
1833:C 02 Jun 2026 11:35:15.949 * Redis version=8.8.0, bits=64, commit=00000000, modified=0, pid=1833, just started
1833:C 02 Jun 2026 11:35:15.949 * Configuration loaded
1833:M 02 Jun 2026 11:35:15.956 # You requested maxclients of 10000 requiring at least 10032 max file descriptors.
1833:M 02 Jun 2026 11:35:15.956 # Server can't set maximum open files to 10032 because of OS error: Operation not permitted.
1833:M 02 Jun 2026 11:35:15.956 # Current maximum open files is 3200. maxclients has been reduced to 3168 to compensate for low ulimit. If you need higher maxclients increase 'ulimit -n'.
1833:M 02 Jun 2026 11:35:15.956 * monotonic clock: POSIX clock_gettime
1833:M 02 Jun 2026 11:35:15.961 * Running mode=standalone, port=6379.
1833:M 02 Jun 2026 11:35:16.111 * Server initialized
1833:M 02 Jun 2026 11:35:16.125 * Loading RDB produced by version 8.8.0
1833:M 02 Jun 2026 11:35:16.125 * RDB age 323 seconds
1833:M 02 Jun 2026 11:35:16.125 * RDB memory usage when created 0.80 Mb
1833:M 02 Jun 2026 11:35:16.125 * Done loading RDB, keys loaded: 1, keys expired: 0.
1833:M 02 Jun 2026 11:35:16.125 * DB loaded from disk: 0.014 seconds
1833:M 02 Jun 2026 11:35:16.125 * Ready to accept connections tcp
1833:M 02 Jun 2026 11:35:16.126 # WARNING: Redis does not require authentication. Redis will accept connections from any local client.
202:C 02 Jun 2026 11:45:36.010 * oO0OoO0OoO0Oo Redis is starting oO0OoO0OoO0Oo
202:C 02 Jun 2026 11:45:36.092 * Redis version=8.8.0, bits=64, commit=00000000, modified=0, pid=202, just started
202:C 02 Jun 2026 11:45:36.092 * Configuration loaded
202:M 02 Jun 2026 11:45:36.105 # You requested maxclients of 10000 requiring at least 10032 max file descriptors.
202:M 02 Jun 2026 11:45:36.105 # Server can't set maximum open files to 10032 because of OS error: Operation not permitted.
202:M 02 Jun 2026 11:45:36.105 # Current maximum open files is 3200. maxclients has been reduced to 3168 to compensate for low ulimit. If you need higher maxclients increase 'ulimit -n'.
202:M 02 Jun 2026 11:45:36.105 * monotonic clock: POSIX clock_gettime
202:M 02 Jun 2026 11:45:36.119 * Running mode=standalone, port=6379.
202:M 02 Jun 2026 11:45:36.153 * Server initialized
202:M 02 Jun 2026 11:45:36.158 * Loading RDB produced by version 8.8.0
202:M 02 Jun 2026 11:45:36.158 * RDB age 943 seconds
202:M 02 Jun 2026 11:45:36.158 * RDB memory usage when created 0.80 Mb
202:M 02 Jun 2026 11:45:36.159 * Done loading RDB, keys loaded: 1, keys expired: 0.
202:M 02 Jun 2026 11:45:36.159 * DB loaded from disk: 0.005 seconds
202:M 02 Jun 2026 11:45:36.159 * Ready to accept connections tcp
202:M 02 Jun 2026 11:45:36.159 # WARNING: Redis does not require authentication. Redis will accept connections from any local client.
1965:C 02 Jun 2026 11:50:34.396 * oO0OoO0OoO0Oo Redis is starting oO0OoO0OoO0Oo
1965:C 02 Jun 2026 11:50:34.449 * Redis version=8.8.0, bits=64, commit=00000000, modified=0, pid=1965, just started
1965:C 02 Jun 2026 11:50:34.449 * Configuration loaded
1965:M 02 Jun 2026 11:50:34.454 # You requested maxclients of 10000 requiring at least 10032 max file descriptors.
1965:M 02 Jun 2026 11:50:34.454 # Server can't set maximum open files to 10032 because of OS error: Operation not permitted.
1965:M 02 Jun 2026 11:50:34.454 # Current maximum open files is 3200. maxclients has been reduced to 3168 to compensate for low ulimit. If you need higher maxclients increase 'ulimit -n'.
1965:M 02 Jun 2026 11:50:34.454 * monotonic clock: POSIX clock_gettime
1965:M 02 Jun 2026 11:50:34.458 * Running mode=standalone, port=6379.
1965:M 02 Jun 2026 11:50:34.792 * Server initialized
1965:M 02 Jun 2026 11:50:34.862 * Loading RDB produced by version 8.8.0
1965:M 02 Jun 2026 11:50:34.862 * RDB age 1241 seconds
1965:M 02 Jun 2026 11:50:34.862 * RDB memory usage when created 0.80 Mb
1965:M 02 Jun 2026 11:50:34.862 * Done loading RDB, keys loaded: 1, keys expired: 0.
1965:M 02 Jun 2026 11:50:34.863 * DB loaded from disk: 0.070 seconds
1965:M 02 Jun 2026 11:50:34.863 * Ready to accept connections tcp
1965:M 02 Jun 2026 11:50:34.863 # WARNING: Redis does not require authentication. Redis will accept connections from any local client.
1965:M 02 Jun 2026 14:17:24.726 * 1 changes in 900 seconds. Saving...
1965:M 02 Jun 2026 14:17:30.896 * Background saving started by pid 1966
1966:C 02 Jun 2026 14:17:31.892 * BGSAVE done, 1 keys saved, 0 keys skipped, 201 bytes written.
1966:C 02 Jun 2026 14:17:32.331 * DB saved on disk
1966:C 02 Jun 2026 14:17:32.331 * Fork CoW for RDB: current 0 MB, peak 0 MB, average 0 MB
1965:M 02 Jun 2026 14:17:32.334 * Background saving terminated with success
