[2026-06-17T00:05:14,644][INFO ][o.e.m.j.JvmGcMonitorService] [jetlinks-node-1] [gc][38804] overhead, spent [512ms] collecting in the last [1.5s]
[2026-06-17T00:05:27,971][WARN ][o.e.t.ThreadPool         ] [jetlinks-node-1] execution of [ReschedulingRunnable{runnable=org.elasticsearch.monitor.jvm.JvmGcMonitorService$1@103a951a, interval=1s}] took [13914ms] which is above the warn threshold of [5000ms]
[2026-06-17T01:30:00,365][INFO ][o.e.x.m.MlDailyMaintenanceService] [jetlinks-node-1] triggering scheduled [ML] maintenance tasks
[2026-06-17T01:30:12,805][INFO ][o.e.x.m.a.TransportDeleteExpiredDataAction] [jetlinks-node-1] Deleting expired data
[2026-06-17T01:30:35,660][INFO ][o.e.x.m.j.r.UnusedStatsRemover] [jetlinks-node-1] Successfully deleted [0] unused stats documents
[2026-06-17T01:30:35,807][INFO ][o.e.x.m.a.TransportDeleteExpiredDataAction] [jetlinks-node-1] Completed deletion of expired ML data
[2026-06-17T01:30:35,838][INFO ][o.e.x.m.MlDailyMaintenanceService] [jetlinks-node-1] Successfully completed [ML] maintenance task: triggerDeleteExpiredDataTask
[2026-06-17T01:44:08,828][INFO ][o.e.n.Node               ] [jetlinks-node-1] stopping ...
[2026-06-17T01:44:17,644][INFO ][o.e.x.m.p.l.CppLogMessageHandler] [jetlinks-node-1] [controller/8504] [Main.cc@174] ML controller exiting
[2026-06-17T01:44:18,026][INFO ][o.e.x.m.p.NativeController] [jetlinks-node-1] Native controller process has stopped - no new native processes can be started
[2026-06-17T01:44:20,585][INFO ][o.e.x.w.WatcherService   ] [jetlinks-node-1] stopping watch service, reason [shutdown initiated]
[2026-06-17T01:44:24,377][INFO ][o.e.x.w.WatcherLifeCycleService] [jetlinks-node-1] watcher has stopped and shutdown
[2026-06-17T01:44:50,960][WARN ][o.e.c.InternalClusterInfoService] [jetlinks-node-1] failed to retrieve stats for node [G361Qy6oTZ6ehOkmxaO0dw]: [jetlinks-node-1][127.0.0.1:9300][cluster:monitor/nodes/stats[n]]
[2026-06-17T01:44:51,450][WARN ][o.e.c.InternalClusterInfoService] [jetlinks-node-1] failed to retrieve shard stats from node [G361Qy6oTZ6ehOkmxaO0dw]: [jetlinks-node-1][127.0.0.1:9300][indices:monitor/stats[n]]
[2026-06-17T09:03:01,941][INFO ][o.e.n.Node               ] [jetlinks-node-1] version[7.17.23], pid[4556], build[default/zip/61d76462eecaf09ada684d1b5d319b5ff6865a83/2024-07-25T14:37:42.448799567Z], OS[Windows 10/10.0/amd64], JVM[Oracle Corporation/OpenJDK 64-Bit Server VM/22.0.1/22.0.1+8-16]
[2026-06-17T09:03:01,972][INFO ][o.e.n.Node               ] [jetlinks-node-1] JVM home [C:\ProgramData\chocolatey\lib\elasticsearch\tools\elasticsearch-7.17.23\jdk], using bundled JDK [true]
[2026-06-17T09:03:01,974][INFO ][o.e.n.Node               ] [jetlinks-node-1] JVM arguments [-Des.networkaddress.cache.ttl=60, -Des.networkaddress.cache.negative.ttl=10, -XX:+AlwaysPreTouch, -Djava.awt.headless=true, -Dfile.encoding=UTF-8, -Djna.nosys=true, -XX:-OmitStackTraceInFastThrow, -XX:+ShowCodeDetailsInExceptionMessages, -Dio.netty.noUnsafe=true, -Dio.netty.noKeySetOptimization=true, -Dio.netty.recycler.maxCapacityPerThread=0, -Dio.netty.allocator.numDirectArenas=0, -Dlog4j.shutdownHookEnabled=false, -Dlog4j2.disable.jmx=true, -Dlog4j2.formatMsgNoLookups=true, -Djava.locale.providers=SPI,COMPAT, --add-opens=java.base/java.io=ALL-UNNAMED, -Djava.security.manager=allow, -XX:+UseG1GC, -Djava.io.tmpdir=C:\Users\admin\AppData\Local\Temp\elasticsearch, -XX:+HeapDumpOnOutOfMemoryError, -XX:+ExitOnOutOfMemoryError, -XX:HeapDumpPath=data, -XX:ErrorFile=logs/hs_err_pid%p.log, -XX:+UnlockDiagnosticVMOptions, -XX:G1NumCollectionsKeepPinned=10000000, -XX:MaxDirectMemorySize=2069889024, -XX:G1HeapRegionSize=4m, -XX:InitiatingHeapOccupancyPercent=30, -XX:G1ReservePercent=15, -Delasticsearch, -Des.path.home=C:\ProgramData\chocolatey\lib\elasticsearch\tools\elasticsearch-7.17.23, -Des.path.conf=C:\ProgramData\chocolatey\lib\elasticsearch\tools\elasticsearch-7.17.23\config, -Des.distribution.flavor=default, -Des.distribution.type=zip, -Des.bundled_jdk=true, exit, abort, -Xms3947m, -Xmx3947m, -Xss1024k]
[2026-06-17T09:03:12,063][INFO ][o.e.p.PluginsService     ] [jetlinks-node-1] loaded module [aggs-matrix-stats]
[2026-06-17T09:03:12,080][INFO ][o.e.p.PluginsService     ] [jetlinks-node-1] loaded module [analysis-common]
[2026-06-17T09:03:12,080][INFO ][o.e.p.PluginsService     ] [jetlinks-node-1] loaded module [constant-keyword]
[2026-06-17T09:03:12,081][INFO ][o.e.p.PluginsService     ] [jetlinks-node-1] loaded module [frozen-indices]
[2026-06-17T09:03:12,081][INFO ][o.e.p.PluginsService     ] [jetlinks-node-1] loaded module [ingest-common]
[2026-06-17T09:03:12,084][INFO ][o.e.p.PluginsService     ] [jetlinks-node-1] loaded module [ingest-geoip]
[2026-06-17T09:03:12,084][INFO ][o.e.p.PluginsService     ] [jetlinks-node-1] loaded module [ingest-user-agent]
[2026-06-17T09:03:12,085][INFO ][o.e.p.PluginsService     ] [jetlinks-node-1] loaded module [kibana]
[2026-06-17T09:03:12,085][INFO ][o.e.p.PluginsService     ] [jetlinks-node-1] loaded module [lang-expression]
[2026-06-17T09:03:12,086][INFO ][o.e.p.PluginsService     ] [jetlinks-node-1] loaded module [lang-mustache]
[2026-06-17T09:03:12,087][INFO ][o.e.p.PluginsService     ] [jetlinks-node-1] loaded module [lang-painless]
[2026-06-17T09:03:12,087][INFO ][o.e.p.PluginsService     ] [jetlinks-node-1] loaded module [legacy-geo]
[2026-06-17T09:03:12,087][INFO ][o.e.p.PluginsService     ] [jetlinks-node-1] loaded module [mapper-extras]
[2026-06-17T09:03:12,088][INFO ][o.e.p.PluginsService     ] [jetlinks-node-1] loaded module [mapper-version]
[2026-06-17T09:03:12,088][INFO ][o.e.p.PluginsService     ] [jetlinks-node-1] loaded module [parent-join]
[2026-06-17T09:03:12,089][INFO ][o.e.p.PluginsService     ] [jetlinks-node-1] loaded module [percolator]
[2026-06-17T09:03:12,089][INFO ][o.e.p.PluginsService     ] [jetlinks-node-1] loaded module [rank-eval]
[2026-06-17T09:03:12,090][INFO ][o.e.p.PluginsService     ] [jetlinks-node-1] loaded module [reindex]
[2026-06-17T09:03:12,090][INFO ][o.e.p.PluginsService     ] [jetlinks-node-1] loaded module [repositories-metering-api]
[2026-06-17T09:03:12,091][INFO ][o.e.p.PluginsService     ] [jetlinks-node-1] loaded module [repository-encrypted]
[2026-06-17T09:03:12,091][INFO ][o.e.p.PluginsService     ] [jetlinks-node-1] loaded module [repository-url]
[2026-06-17T09:03:12,092][INFO ][o.e.p.PluginsService     ] [jetlinks-node-1] loaded module [runtime-fields-common]
[2026-06-17T09:03:12,092][INFO ][o.e.p.PluginsService     ] [jetlinks-node-1] loaded module [search-business-rules]
[2026-06-17T09:03:12,093][INFO ][o.e.p.PluginsService     ] [jetlinks-node-1] loaded module [searchable-snapshots]
[2026-06-17T09:03:12,093][INFO ][o.e.p.PluginsService     ] [jetlinks-node-1] loaded module [snapshot-repo-test-kit]
[2026-06-17T09:03:12,093][INFO ][o.e.p.PluginsService     ] [jetlinks-node-1] loaded module [spatial]
[2026-06-17T09:03:12,093][INFO ][o.e.p.PluginsService     ] [jetlinks-node-1] loaded module [transform]
[2026-06-17T09:03:12,095][INFO ][o.e.p.PluginsService     ] [jetlinks-node-1] loaded module [transport-netty4]
[2026-06-17T09:03:12,095][INFO ][o.e.p.PluginsService     ] [jetlinks-node-1] loaded module [unsigned-long]
[2026-06-17T09:03:12,096][INFO ][o.e.p.PluginsService     ] [jetlinks-node-1] loaded module [vector-tile]
[2026-06-17T09:03:12,096][INFO ][o.e.p.PluginsService     ] [jetlinks-node-1] loaded module [vectors]
[2026-06-17T09:03:12,096][INFO ][o.e.p.PluginsService     ] [jetlinks-node-1] loaded module [wildcard]
[2026-06-17T09:03:12,096][INFO ][o.e.p.PluginsService     ] [jetlinks-node-1] loaded module [x-pack-aggregate-metric]
[2026-06-17T09:03:12,097][INFO ][o.e.p.PluginsService     ] [jetlinks-node-1] loaded module [x-pack-analytics]
[2026-06-17T09:03:12,098][INFO ][o.e.p.PluginsService     ] [jetlinks-node-1] loaded module [x-pack-async]
[2026-06-17T09:03:12,098][INFO ][o.e.p.PluginsService     ] [jetlinks-node-1] loaded module [x-pack-async-search]
[2026-06-17T09:03:12,098][INFO ][o.e.p.PluginsService     ] [jetlinks-node-1] loaded module [x-pack-autoscaling]
[2026-06-17T09:03:12,098][INFO ][o.e.p.PluginsService     ] [jetlinks-node-1] loaded module [x-pack-ccr]
[2026-06-17T09:03:12,099][INFO ][o.e.p.PluginsService     ] [jetlinks-node-1] loaded module [x-pack-core]
[2026-06-17T09:03:12,099][INFO ][o.e.p.PluginsService     ] [jetlinks-node-1] loaded module [x-pack-data-streams]
[2026-06-17T09:03:12,100][INFO ][o.e.p.PluginsService     ] [jetlinks-node-1] loaded module [x-pack-deprecation]
[2026-06-17T09:03:12,101][INFO ][o.e.p.PluginsService     ] [jetlinks-node-1] loaded module [x-pack-enrich]
[2026-06-17T09:03:12,101][INFO ][o.e.p.PluginsService     ] [jetlinks-node-1] loaded module [x-pack-eql]
[2026-06-17T09:03:12,101][INFO ][o.e.p.PluginsService     ] [jetlinks-node-1] loaded module [x-pack-fleet]
[2026-06-17T09:03:12,101][INFO ][o.e.p.PluginsService     ] [jetlinks-node-1] loaded module [x-pack-graph]
[2026-06-17T09:03:12,101][INFO ][o.e.p.PluginsService     ] [jetlinks-node-1] loaded module [x-pack-identity-provider]
[2026-06-17T09:03:12,101][INFO ][o.e.p.PluginsService     ] [jetlinks-node-1] loaded module [x-pack-ilm]
[2026-06-17T09:03:12,101][INFO ][o.e.p.PluginsService     ] [jetlinks-node-1] loaded module [x-pack-logstash]
[2026-06-17T09:03:12,101][INFO ][o.e.p.PluginsService     ] [jetlinks-node-1] loaded module [x-pack-ml]
[2026-06-17T09:03:12,101][INFO ][o.e.p.PluginsService     ] [jetlinks-node-1] loaded module [x-pack-monitoring]
[2026-06-17T09:03:12,101][INFO ][o.e.p.PluginsService     ] [jetlinks-node-1] loaded module [x-pack-ql]
[2026-06-17T09:03:12,101][INFO ][o.e.p.PluginsService     ] [jetlinks-node-1] loaded module [x-pack-rollup]
[2026-06-17T09:03:12,101][INFO ][o.e.p.PluginsService     ] [jetlinks-node-1] loaded module [x-pack-security]
[2026-06-17T09:03:12,101][INFO ][o.e.p.PluginsService     ] [jetlinks-node-1] loaded module [x-pack-shutdown]
[2026-06-17T09:03:12,104][INFO ][o.e.p.PluginsService     ] [jetlinks-node-1] loaded module [x-pack-sql]
[2026-06-17T09:03:12,104][INFO ][o.e.p.PluginsService     ] [jetlinks-node-1] loaded module [x-pack-stack]
[2026-06-17T09:03:12,105][INFO ][o.e.p.PluginsService     ] [jetlinks-node-1] loaded module [x-pack-text-structure]
[2026-06-17T09:03:12,105][INFO ][o.e.p.PluginsService     ] [jetlinks-node-1] loaded module [x-pack-voting-only-node]
[2026-06-17T09:03:12,106][INFO ][o.e.p.PluginsService     ] [jetlinks-node-1] loaded module [x-pack-watcher]
[2026-06-17T09:03:12,107][INFO ][o.e.p.PluginsService     ] [jetlinks-node-1] no plugins loaded
[2026-06-17T09:03:13,297][INFO ][o.e.e.NodeEnvironment    ] [jetlinks-node-1] using [1] data paths, mounts [[(D:)]], net usable_space [205.7gb], net total_space [310gb], types [NTFS]
[2026-06-17T09:03:13,299][INFO ][o.e.e.NodeEnvironment    ] [jetlinks-node-1] heap size [3.8gb], compressed ordinary object pointers [true]
[2026-06-17T09:03:14,338][INFO ][o.e.n.Node               ] [jetlinks-node-1] node name [jetlinks-node-1], node ID [G361Qy6oTZ6ehOkmxaO0dw], cluster name [jetlinks-es], roles [transform, data_frozen, master, remote_cluster_client, data, ml, data_content, data_hot, data_warm, data_cold, ingest]
[2026-06-17T09:03:30,559][INFO ][o.e.x.m.p.l.CppLogMessageHandler] [jetlinks-node-1] [controller/3856] [Main.cc@122] controller (64 bit): Version 7.17.23 (Build 3e4489a02bea5d) Copyright (c) 2024 Elasticsearch BV
[2026-06-17T09:03:33,372][INFO ][o.e.i.g.ConfigDatabases  ] [jetlinks-node-1] initialized default databases [[GeoLite2-Country.mmdb, GeoLite2-City.mmdb, GeoLite2-ASN.mmdb]], config databases [[]] and watching [C:\ProgramData\chocolatey\lib\elasticsearch\tools\elasticsearch-7.17.23\config\ingest-geoip] for changes
[2026-06-17T09:03:33,402][INFO ][o.e.i.g.DatabaseNodeService] [jetlinks-node-1] deleting stale file [C:\Users\admin\AppData\Local\Temp\elasticsearch\geoip-databases\G361Qy6oTZ6ehOkmxaO0dw\GeoLite2-ASN.mmdb]
[2026-06-17T09:03:33,408][INFO ][o.e.i.g.DatabaseNodeService] [jetlinks-node-1] deleting stale file [C:\Users\admin\AppData\Local\Temp\elasticsearch\geoip-databases\G361Qy6oTZ6ehOkmxaO0dw\GeoLite2-ASN.mmdb_COPYRIGHT.txt]
[2026-06-17T09:03:33,410][INFO ][o.e.i.g.DatabaseNodeService] [jetlinks-node-1] deleting stale file [C:\Users\admin\AppData\Local\Temp\elasticsearch\geoip-databases\G361Qy6oTZ6ehOkmxaO0dw\GeoLite2-ASN.mmdb_elastic-geoip-database-service-agreement-LICENSE.txt]
[2026-06-17T09:03:33,412][INFO ][o.e.i.g.DatabaseNodeService] [jetlinks-node-1] deleting stale file [C:\Users\admin\AppData\Local\Temp\elasticsearch\geoip-databases\G361Qy6oTZ6ehOkmxaO0dw\GeoLite2-ASN.mmdb_LICENSE.txt]
[2026-06-17T09:03:33,414][INFO ][o.e.i.g.DatabaseNodeService] [jetlinks-node-1] deleting stale file [C:\Users\admin\AppData\Local\Temp\elasticsearch\geoip-databases\G361Qy6oTZ6ehOkmxaO0dw\GeoLite2-City.mmdb]
[2026-06-17T09:03:33,418][INFO ][o.e.i.g.DatabaseNodeService] [jetlinks-node-1] deleting stale file [C:\Users\admin\AppData\Local\Temp\elasticsearch\geoip-databases\G361Qy6oTZ6ehOkmxaO0dw\GeoLite2-City.mmdb_COPYRIGHT.txt]
[2026-06-17T09:03:33,422][INFO ][o.e.i.g.DatabaseNodeService] [jetlinks-node-1] deleting stale file [C:\Users\admin\AppData\Local\Temp\elasticsearch\geoip-databases\G361Qy6oTZ6ehOkmxaO0dw\GeoLite2-City.mmdb_elastic-geoip-database-service-agreement-LICENSE.txt]
[2026-06-17T09:03:33,426][INFO ][o.e.i.g.DatabaseNodeService] [jetlinks-node-1] deleting stale file [C:\Users\admin\AppData\Local\Temp\elasticsearch\geoip-databases\G361Qy6oTZ6ehOkmxaO0dw\GeoLite2-City.mmdb_LICENSE.txt]
[2026-06-17T09:03:33,429][INFO ][o.e.i.g.DatabaseNodeService] [jetlinks-node-1] deleting stale file [C:\Users\admin\AppData\Local\Temp\elasticsearch\geoip-databases\G361Qy6oTZ6ehOkmxaO0dw\GeoLite2-City.mmdb_README.txt]
[2026-06-17T09:03:33,431][INFO ][o.e.i.g.DatabaseNodeService] [jetlinks-node-1] deleting stale file [C:\Users\admin\AppData\Local\Temp\elasticsearch\geoip-databases\G361Qy6oTZ6ehOkmxaO0dw\GeoLite2-Country.mmdb]
[2026-06-17T09:03:33,454][INFO ][o.e.i.g.DatabaseNodeService] [jetlinks-node-1] deleting stale file [C:\Users\admin\AppData\Local\Temp\elasticsearch\geoip-databases\G361Qy6oTZ6ehOkmxaO0dw\GeoLite2-Country.mmdb_COPYRIGHT.txt]
[2026-06-17T09:03:33,460][INFO ][o.e.i.g.DatabaseNodeService] [jetlinks-node-1] deleting stale file [C:\Users\admin\AppData\Local\Temp\elasticsearch\geoip-databases\G361Qy6oTZ6ehOkmxaO0dw\GeoLite2-Country.mmdb_elastic-geoip-database-service-agreement-LICENSE.txt]
[2026-06-17T09:03:33,475][INFO ][o.e.i.g.DatabaseNodeService] [jetlinks-node-1] deleting stale file [C:\Users\admin\AppData\Local\Temp\elasticsearch\geoip-databases\G361Qy6oTZ6ehOkmxaO0dw\GeoLite2-Country.mmdb_LICENSE.txt]
[2026-06-17T09:03:33,477][INFO ][o.e.i.g.DatabaseNodeService] [jetlinks-node-1] initialized database registry, using geoip-databases directory [C:\Users\admin\AppData\Local\Temp\elasticsearch\geoip-databases\G361Qy6oTZ6ehOkmxaO0dw]
[2026-06-17T09:03:36,138][INFO ][o.e.t.NettyAllocator     ] [jetlinks-node-1] creating NettyAllocator with the following configs: [name=elasticsearch_configured, chunk_size=1mb, suggested_max_allocation_size=1mb, factors={es.unsafe.use_netty_default_chunk_and_page_size=false, g1gc_enabled=true, g1gc_region_size=4mb}]
[2026-06-17T09:03:36,226][INFO ][o.e.i.r.RecoverySettings ] [jetlinks-node-1] using rate limit [40mb] with [default=40mb, read=0b, write=0b, max=0b]
[2026-06-17T09:03:36,371][INFO ][o.e.d.DiscoveryModule    ] [jetlinks-node-1] using discovery type [single-node] and seed hosts providers [settings]
[2026-06-17T09:03:39,870][INFO ][o.e.g.DanglingIndicesState] [jetlinks-node-1] gateway.auto_import_dangling_indices is disabled, dangling indices will not be automatically detected or imported and must be managed manually
[2026-06-17T09:03:41,389][INFO ][o.e.n.Node               ] [jetlinks-node-1] initialized
[2026-06-17T09:03:41,389][INFO ][o.e.n.Node               ] [jetlinks-node-1] starting ...
[2026-06-17T09:03:41,497][INFO ][o.e.x.s.c.f.PersistentCache] [jetlinks-node-1] persistent cache index loaded
[2026-06-17T09:03:41,499][INFO ][o.e.x.d.l.DeprecationIndexingComponent] [jetlinks-node-1] deprecation component started
[2026-06-17T09:03:41,951][INFO ][o.e.t.TransportService   ] [jetlinks-node-1] publish_address {127.0.0.1:9300}, bound_addresses {127.0.0.1:9300}
[2026-06-17T09:03:43,874][INFO ][o.e.c.c.Coordinator      ] [jetlinks-node-1] cluster UUID [L0rPvp7eRY2QdaOoo6NtDQ]
[2026-06-17T09:03:44,192][INFO ][o.e.c.s.MasterService    ] [jetlinks-node-1] elected-as-master ([1] nodes joined)[{jetlinks-node-1}{G361Qy6oTZ6ehOkmxaO0dw}{81cWhLrpSd--ss36Q1arAg}{127.0.0.1}{127.0.0.1:9300}{cdfhilmrstw} elect leader, _BECOME_MASTER_TASK_, _FINISH_ELECTION_], term: 34, version: 522, delta: master node changed {previous [], current [{jetlinks-node-1}{G361Qy6oTZ6ehOkmxaO0dw}{81cWhLrpSd--ss36Q1arAg}{127.0.0.1}{127.0.0.1:9300}{cdfhilmrstw}]}
[2026-06-17T09:03:44,682][INFO ][o.e.c.s.ClusterApplierService] [jetlinks-node-1] master node changed {previous [], current [{jetlinks-node-1}{G361Qy6oTZ6ehOkmxaO0dw}{81cWhLrpSd--ss36Q1arAg}{127.0.0.1}{127.0.0.1:9300}{cdfhilmrstw}]}, term: 34, version: 522, reason: Publication{term=34, version=522}
[2026-06-17T09:03:44,919][INFO ][o.e.h.AbstractHttpServerTransport] [jetlinks-node-1] publish_address {127.0.0.1:9200}, bound_addresses {127.0.0.1:9200}
[2026-06-17T09:03:44,920][INFO ][o.e.n.Node               ] [jetlinks-node-1] started
[2026-06-17T09:03:46,375][INFO ][o.e.l.LicenseService     ] [jetlinks-node-1] license [c7b53868-c9b5-4263-8a93-22416c2af5bf] mode [basic] - valid
[2026-06-17T09:03:46,380][INFO ][o.e.g.GatewayService     ] [jetlinks-node-1] recovered [9] indices into cluster_state
[2026-06-17T09:03:47,562][ERROR][o.e.i.g.GeoIpDownloader  ] [jetlinks-node-1] exception during geoip databases update
org.elasticsearch.ElasticsearchException: not all primary shards of [.geoip_databases] index are active
	at org.elasticsearch.ingest.geoip.GeoIpDownloader.updateDatabases(GeoIpDownloader.java:137) ~[ingest-geoip-7.17.23.jar:7.17.23]
	at org.elasticsearch.ingest.geoip.GeoIpDownloader.runDownloader(GeoIpDownloader.java:284) [ingest-geoip-7.17.23.jar:7.17.23]
	at org.elasticsearch.ingest.geoip.GeoIpDownloaderTaskExecutor.nodeOperation(GeoIpDownloaderTaskExecutor.java:100) [ingest-geoip-7.17.23.jar:7.17.23]
	at org.elasticsearch.ingest.geoip.GeoIpDownloaderTaskExecutor.nodeOperation(GeoIpDownloaderTaskExecutor.java:46) [ingest-geoip-7.17.23.jar:7.17.23]
	at org.elasticsearch.persistent.NodePersistentTasksExecutor$1.doRun(NodePersistentTasksExecutor.java:42) [elasticsearch-7.17.23.jar:7.17.23]
	at org.elasticsearch.common.util.concurrent.ThreadContext$ContextPreservingAbstractRunnable.doRun(ThreadContext.java:777) [elasticsearch-7.17.23.jar:7.17.23]
	at org.elasticsearch.common.util.concurrent.AbstractRunnable.run(AbstractRunnable.java:26) [elasticsearch-7.17.23.jar:7.17.23]
	at java.util.concurrent.ThreadPoolExecutor.runWorker(ThreadPoolExecutor.java:1144) [?:?]
	at java.util.concurrent.ThreadPoolExecutor$Worker.run(ThreadPoolExecutor.java:642) [?:?]
	at java.lang.Thread.run(Thread.java:1570) [?:?]
[2026-06-17T09:03:54,190][INFO ][o.e.i.g.DatabaseNodeService] [jetlinks-node-1] retrieve geoip database [GeoLite2-Country.mmdb] from [.geoip_databases] to [C:\Users\admin\AppData\Local\Temp\elasticsearch\geoip-databases\G361Qy6oTZ6ehOkmxaO0dw\GeoLite2-Country.mmdb.tmp.gz]
[2026-06-17T09:03:54,197][INFO ][o.e.i.g.DatabaseNodeService] [jetlinks-node-1] retrieve geoip database [GeoLite2-City.mmdb] from [.geoip_databases] to [C:\Users\admin\AppData\Local\Temp\elasticsearch\geoip-databases\G361Qy6oTZ6ehOkmxaO0dw\GeoLite2-City.mmdb.tmp.gz]
[2026-06-17T09:03:54,199][INFO ][o.e.i.g.DatabaseNodeService] [jetlinks-node-1] retrieve geoip database [GeoLite2-ASN.mmdb] from [.geoip_databases] to [C:\Users\admin\AppData\Local\Temp\elasticsearch\geoip-databases\G361Qy6oTZ6ehOkmxaO0dw\GeoLite2-ASN.mmdb.tmp.gz]
[2026-06-17T09:03:58,242][INFO ][o.e.i.g.DatabaseNodeService] [jetlinks-node-1] successfully reloaded changed geoip database file [C:\Users\admin\AppData\Local\Temp\elasticsearch\geoip-databases\G361Qy6oTZ6ehOkmxaO0dw\GeoLite2-Country.mmdb]
[2026-06-17T09:03:58,532][INFO ][o.e.i.g.DatabaseNodeService] [jetlinks-node-1] successfully reloaded changed geoip database file [C:\Users\admin\AppData\Local\Temp\elasticsearch\geoip-databases\G361Qy6oTZ6ehOkmxaO0dw\GeoLite2-ASN.mmdb]
[2026-06-17T09:04:06,070][INFO ][o.e.i.g.DatabaseNodeService] [jetlinks-node-1] successfully reloaded changed geoip database file [C:\Users\admin\AppData\Local\Temp\elasticsearch\geoip-databases\G361Qy6oTZ6ehOkmxaO0dw\GeoLite2-City.mmdb]
[2026-06-17T09:04:41,744][INFO ][o.e.c.r.a.AllocationService] [jetlinks-node-1] Cluster health status changed from [RED] to [GREEN] (reason: [shards started [[jetlinks-metrics_2026-6][0]]]).
[2026-06-17T09:16:06,914][WARN ][o.e.t.ThreadPool         ] [jetlinks-node-1] timer thread slept for [5.7s/5748ms] on absolute clock which is above the warn threshold of [5000ms]
[2026-06-17T09:16:07,220][WARN ][o.e.t.ThreadPool         ] [jetlinks-node-1] timer thread slept for [5.7s/5761906400ns] on relative clock which is above the warn threshold of [5000ms]
[2026-06-17T09:16:07,422][WARN ][o.e.m.j.JvmGcMonitorService] [jetlinks-node-1] [gc][young][734][9] duration [5.7s], collections [1]/[6.2s], total [5.7s]/[5.9s], memory [1.6gb]->[102mb]/[3.8gb], all_pools {[young] [1.5gb]->[12mb]/[0b]}{[old] [54mb]->[54mb]/[3.8gb]}{[survivor] [32.7mb]->[40mb]/[0b]}
[2026-06-17T09:16:07,424][WARN ][o.e.m.j.JvmGcMonitorService] [jetlinks-node-1] [gc][734] overhead, spent [5.7s] collecting in the last [6.2s]
[2026-06-17T09:28:49,443][INFO ][o.e.m.j.JvmGcMonitorService] [jetlinks-node-1] [gc][young][1486][10] duration [814ms], collections [1]/[1.6s], total [814ms]/[6.7s], memory [242mb]->[98.3mb]/[3.8gb], all_pools {[young] [148mb]->[0b]/[0b]}{[old] [54mb]->[80.7mb]/[3.8gb]}{[survivor] [40mb]->[17.6mb]/[0b]}
[2026-06-17T09:28:49,444][INFO ][o.e.m.j.JvmGcMonitorService] [jetlinks-node-1] [gc][1486] overhead, spent [814ms] collecting in the last [1.6s]
[2026-06-17T09:30:02,576][INFO ][o.e.x.s.SnapshotRetentionTask] [jetlinks-node-1] starting SLM retention snapshot cleanup task
[2026-06-17T09:30:02,682][INFO ][o.e.x.s.SnapshotRetentionTask] [jetlinks-node-1] there are no repositories to fetch, SLM retention snapshot cleanup task complete
[2026-06-17T09:48:31,865][INFO ][o.e.m.j.JvmGcMonitorService] [jetlinks-node-1] [gc][young][2656][11] duration [768ms], collections [1]/[1.3s], total [768ms]/[7.5s], memory [270.3mb]->[99.9mb]/[3.8gb], all_pools {[young] [171.9mb]->[0b]/[0b]}{[old] [80.7mb]->[80.7mb]/[3.8gb]}{[survivor] [17.6mb]->[19.1mb]/[0b]}
[2026-06-17T09:48:31,866][WARN ][o.e.m.j.JvmGcMonitorService] [jetlinks-node-1] [gc][2656] overhead, spent [768ms] collecting in the last [1.3s]
[2026-06-17T10:50:23,989][INFO ][o.e.m.j.JvmGcMonitorService] [jetlinks-node-1] [gc][6332] overhead, spent [498ms] collecting in the last [1.4s]
[2026-06-17T11:12:04,209][INFO ][o.e.m.j.JvmGcMonitorService] [jetlinks-node-1] [gc][young][7617][15] duration [765ms], collections [1]/[1.6s], total [765ms]/[9.1s], memory [279.8mb]->[100.5mb]/[3.8gb], all_pools {[young] [180mb]->[0b]/[0b]}{[old] [93mb]->[93mb]/[3.8gb]}{[survivor] [6.7mb]->[7.4mb]/[0b]}
[2026-06-17T11:12:04,318][INFO ][o.e.m.j.JvmGcMonitorService] [jetlinks-node-1] [gc][7617] overhead, spent [765ms] collecting in the last [1.6s]
[2026-06-17T11:33:35,710][INFO ][o.e.m.j.JvmGcMonitorService] [jetlinks-node-1] [gc][8894] overhead, spent [468ms] collecting in the last [1.2s]
[2026-06-17T11:54:45,790][WARN ][o.e.m.j.JvmGcMonitorService] [jetlinks-node-1] [gc][young][10149][17] duration [2s], collections [1]/[2.4s], total [2s]/[11.6s], memory [281.8mb]->[103.5mb]/[3.8gb], all_pools {[young] [180mb]->[0b]/[0b]}{[old] [93mb]->[93mb]/[3.8gb]}{[survivor] [8.8mb]->[10.4mb]/[0b]}
[2026-06-17T11:54:46,079][WARN ][o.e.m.j.JvmGcMonitorService] [jetlinks-node-1] [gc][10149] overhead, spent [2s] collecting in the last [2.4s]
[2026-06-17T12:06:10,813][WARN ][o.e.t.ThreadPool         ] [jetlinks-node-1] timer thread slept for [6.4s/6442ms] on absolute clock which is above the warn threshold of [5000ms]
[2026-06-17T12:06:12,532][WARN ][o.e.h.AbstractHttpServerTransport] [jetlinks-node-1] handling request [null][POST][/_bulk?timeout=9s][Netty4HttpChannel{localAddress=/127.0.0.1:9200, remoteAddress=/127.0.0.1:57559}] took [9089ms] which is above the warn threshold of [5000ms]
[2026-06-17T12:06:12,532][WARN ][o.e.h.AbstractHttpServerTransport] [jetlinks-node-1] handling request [null][POST][/_bulk?timeout=9s][Netty4HttpChannel{localAddress=/127.0.0.1:9200, remoteAddress=/127.0.0.1:57558}] took [9710ms] which is above the warn threshold of [5000ms]
[2026-06-17T12:06:12,532][WARN ][o.e.h.AbstractHttpServerTransport] [jetlinks-node-1] handling request [null][POST][/_bulk?timeout=9s][Netty4HttpChannel{localAddress=/127.0.0.1:9200, remoteAddress=/127.0.0.1:57574}] took [9089ms] which is above the warn threshold of [5000ms]
[2026-06-17T12:06:17,609][WARN ][o.e.t.ThreadPool         ] [jetlinks-node-1] timer thread slept for [6.4s/6442693700ns] on relative clock which is above the warn threshold of [5000ms]
[2026-06-17T12:06:18,575][WARN ][o.e.t.ThreadPool         ] [jetlinks-node-1] timer thread slept for [10s/10074ms] on absolute clock which is above the warn threshold of [5000ms]
[2026-06-17T12:06:18,575][WARN ][o.e.t.ThreadPool         ] [jetlinks-node-1] timer thread slept for [10s/10073462700ns] on relative clock which is above the warn threshold of [5000ms]
[2026-06-17T12:06:59,540][WARN ][o.e.t.ThreadPool         ] [jetlinks-node-1] timer thread slept for [9.8s/9872ms] on absolute clock which is above the warn threshold of [5000ms]
[2026-06-17T12:06:59,541][WARN ][o.e.t.ThreadPool         ] [jetlinks-node-1] timer thread slept for [9.8s/9872628000ns] on relative clock which is above the warn threshold of [5000ms]
[2026-06-17T12:07:00,437][WARN ][o.e.t.ThreadPool         ] [jetlinks-node-1] execution of [ReschedulingRunnable{runnable=org.elasticsearch.monitor.jvm.JvmGcMonitorService$1@5601630b, interval=1s}] took [9872ms] which is above the warn threshold of [5000ms]
[2026-06-17T12:07:28,430][WARN ][o.e.h.AbstractHttpServerTransport] [jetlinks-node-1] caught exception while handling client http traffic, closing connection Netty4HttpChannel{localAddress=/127.0.0.1:9200, remoteAddress=/127.0.0.1:57558}
java.io.IOException: 你的主机中的软件中止了一个已建立的连接。
	at sun.nio.ch.SocketDispatcher.read0(Native Method) ~[?:?]
	at sun.nio.ch.SocketDispatcher.read(SocketDispatcher.java:46) ~[?:?]
	at sun.nio.ch.IOUtil.readIntoNativeBuffer(IOUtil.java:340) ~[?:?]
	at sun.nio.ch.IOUtil.read(IOUtil.java:294) ~[?:?]
	at sun.nio.ch.IOUtil.read(IOUtil.java:269) ~[?:?]
	at sun.nio.ch.SocketChannelImpl.implRead(SocketChannelImpl.java:426) ~[?:?]
	at sun.nio.ch.SocketChannelImpl.read(SocketChannelImpl.java:493) ~[?:?]
	at org.elasticsearch.transport.CopyBytesSocketChannel.readFromSocketChannel(CopyBytesSocketChannel.java:131) ~[transport-netty4-client-7.17.23.jar:7.17.23]
	at org.elasticsearch.transport.CopyBytesSocketChannel.doReadBytes(CopyBytesSocketChannel.java:116) ~[transport-netty4-client-7.17.23.jar:7.17.23]
	at io.netty.channel.nio.AbstractNioByteChannel$NioByteUnsafe.read(AbstractNioByteChannel.java:151) [netty-transport-4.1.94.Final.jar:4.1.94.Final]
	at io.netty.channel.nio.NioEventLoop.processSelectedKey(NioEventLoop.java:788) [netty-transport-4.1.94.Final.jar:4.1.94.Final]
	at io.netty.channel.nio.NioEventLoop.processSelectedKeysPlain(NioEventLoop.java:689) [netty-transport-4.1.94.Final.jar:4.1.94.Final]
	at io.netty.channel.nio.NioEventLoop.processSelectedKeys(NioEventLoop.java:652) [netty-transport-4.1.94.Final.jar:4.1.94.Final]
	at io.netty.channel.nio.NioEventLoop.run(NioEventLoop.java:562) [netty-transport-4.1.94.Final.jar:4.1.94.Final]
	at io.netty.util.concurrent.SingleThreadEventExecutor$4.run(SingleThreadEventExecutor.java:997) [netty-common-4.1.94.Final.jar:4.1.94.Final]
	at io.netty.util.internal.ThreadExecutorMap$2.run(ThreadExecutorMap.java:74) [netty-common-4.1.94.Final.jar:4.1.94.Final]
	at java.lang.Thread.run(Thread.java:1570) [?:?]
[2026-06-17T12:16:04,117][WARN ][o.e.t.ThreadPool         ] [jetlinks-node-1] timer thread slept for [6.9s/6948ms] on absolute clock which is above the warn threshold of [5000ms]
[2026-06-17T12:16:04,575][WARN ][o.e.t.ThreadPool         ] [jetlinks-node-1] timer thread slept for [6.9s/6947435400ns] on relative clock which is above the warn threshold of [5000ms]
[2026-06-17T12:16:04,351][WARN ][o.e.m.f.FsHealthService  ] [jetlinks-node-1] health check of [D:\Proj\5.29\deploy\runtime\elasticsearch\data\nodes\0] took [7149ms] which is above the warn threshold of [5s]
[2026-06-17T12:16:05,197][WARN ][o.e.m.j.JvmGcMonitorService] [jetlinks-node-1] [gc][young][11345][18] duration [6.8s], collections [1]/[7.4s], total [6.8s]/[18.5s], memory [279.5mb]->[115.8mb]/[3.8gb], all_pools {[young] [176mb]->[0b]/[0b]}{[old] [93mb]->[93mb]/[3.8gb]}{[survivor] [10.4mb]->[22.8mb]/[0b]}
[2026-06-17T12:16:05,198][WARN ][o.e.m.j.JvmGcMonitorService] [jetlinks-node-1] [gc][11345] overhead, spent [6.8s] collecting in the last [7.4s]
[2026-06-17T12:16:05,218][WARN ][o.e.t.ThreadPool         ] [jetlinks-node-1] execution of [ReschedulingRunnable{runnable=org.elasticsearch.monitor.jvm.JvmGcMonitorService$1@5601630b, interval=1s}] took [8026ms] which is above the warn threshold of [5000ms]
[2026-06-17T12:30:05,256][WARN ][o.e.m.j.JvmGcMonitorService] [jetlinks-node-1] [gc][young][12173][19] duration [1.8s], collections [1]/[2s], total [1.8s]/[20.3s], memory [239.8mb]->[117.1mb]/[3.8gb], all_pools {[young] [124mb]->[0b]/[0b]}{[old] [93mb]->[98.7mb]/[3.8gb]}{[survivor] [22.8mb]->[18.4mb]/[0b]}
[2026-06-17T12:30:05,508][WARN ][o.e.m.j.JvmGcMonitorService] [jetlinks-node-1] [gc][12173] overhead, spent [1.8s] collecting in the last [2s]
[2026-06-17T12:31:10,212][WARN ][o.e.t.ThreadPool         ] [jetlinks-node-1] timer thread slept for [56.4s/56476ms] on absolute clock which is above the warn threshold of [5000ms]
[2026-06-17T12:31:10,213][WARN ][o.e.t.ThreadPool         ] [jetlinks-node-1] timer thread slept for [56.4s/56476464800ns] on relative clock which is above the warn threshold of [5000ms]
[2026-06-17T12:31:10,722][WARN ][o.e.m.j.JvmGcMonitorService] [jetlinks-node-1] [gc][G1 Concurrent GC][12182][9] duration [56.2s], collections [1]/[56.6s], total [56.2s]/[56.3s], memory [117.1mb]->[117.1mb]/[3.8gb], all_pools {[young] [0b]->[0b]/[0b]}{[old] [98.7mb]->[98.7mb]/[3.8gb]}{[survivor] [18.4mb]->[18.4mb]/[0b]}
[2026-06-17T12:31:10,723][WARN ][o.e.m.j.JvmGcMonitorService] [jetlinks-node-1] [gc][12182] overhead, spent [56.2s] collecting in the last [56.6s]
