Component: ARM Compiler 5.06 update 7 (build 960) Tool: armlink [4d3601]

==============================================================================

Section Cross References

    main.o(i.GatewayCommand_Handle) refers to strcmp.o(.text) for strcmp
    main.o(i.GatewayCommand_Handle) refers to board_adapter.o(i.BoardAdapter_SetLed) for BoardAdapter_SetLed
    main.o(i.GatewayCommand_Handle) refers to printfa.o(i.__0printf) for __2printf
    main.o(i.GatewayCommand_Handle) refers to board_adapter.o(i.BoardAdapter_PrintStatusLine) for BoardAdapter_PrintStatusLine
    main.o(i.GatewayCommand_Handle) refers to board_adapter.o(i.BoardAdapter_SetBuzzer) for BoardAdapter_SetBuzzer
    main.o(i.GatewayCommand_Process) refers to main.o(i.GatewayCommand_ProcessUsart1) for GatewayCommand_ProcessUsart1
    main.o(i.GatewayCommand_Process) refers to main.o(i.GatewayCommand_ProcessUsart3) for GatewayCommand_ProcessUsart3
    main.o(i.GatewayCommand_ProcessUsart1) refers to usart.o(i.USART1_PollReceive) for USART1_PollReceive
    main.o(i.GatewayCommand_ProcessUsart1) refers to usart.o(i.USART1_GetRxDebugCount) for USART1_GetRxDebugCount
    main.o(i.GatewayCommand_ProcessUsart1) refers to usart.o(i.USART1_GetRxDebugLastByte) for USART1_GetRxDebugLastByte
    main.o(i.GatewayCommand_ProcessUsart1) refers to printfa.o(i.__0printf) for __2printf
    main.o(i.GatewayCommand_ProcessUsart1) refers to system.o(i.INTX_DISABLE) for INTX_DISABLE
    main.o(i.GatewayCommand_ProcessUsart1) refers to memcpya.o(.text) for __aeabi_memcpy
    main.o(i.GatewayCommand_ProcessUsart1) refers to system.o(i.INTX_ENABLE) for INTX_ENABLE
    main.o(i.GatewayCommand_ProcessUsart1) refers to main.o(i.GatewayCommand_Run) for GatewayCommand_Run
    main.o(i.GatewayCommand_ProcessUsart1) refers to main.o(.data) for last_rx_debug_count
    main.o(i.GatewayCommand_ProcessUsart1) refers to usart.o(.data) for USART1_RX_STA
    main.o(i.GatewayCommand_ProcessUsart1) refers to usart.o(.bss) for USART1_RX_BUF
    main.o(i.GatewayCommand_ProcessUsart3) refers to gateway_uart.o(i.GatewayUart_PollReceive) for GatewayUart_PollReceive
    main.o(i.GatewayCommand_ProcessUsart3) refers to gateway_uart.o(i.GatewayUart_GetRxDebugCount) for GatewayUart_GetRxDebugCount
    main.o(i.GatewayCommand_ProcessUsart3) refers to gateway_uart.o(i.GatewayUart_GetRxDebugLastByte) for GatewayUart_GetRxDebugLastByte
    main.o(i.GatewayCommand_ProcessUsart3) refers to printfa.o(i.__0printf) for __2printf
    main.o(i.GatewayCommand_ProcessUsart3) refers to gateway_uart.o(i.GatewayUart_GetCommand) for GatewayUart_GetCommand
    main.o(i.GatewayCommand_ProcessUsart3) refers to main.o(i.GatewayCommand_Run) for GatewayCommand_Run
    main.o(i.GatewayCommand_ProcessUsart3) refers to main.o(.data) for last_rx_debug_count
    main.o(i.GatewayCommand_Run) refers to printfa.o(i.__0printf) for __2printf
    main.o(i.GatewayCommand_Run) refers to main.o(i.GatewayCommand_Handle) for GatewayCommand_Handle
    main.o(i.GatewayCommand_Run) refers to lcd_status.o(i.LCD_Status_SetLastCommand) for LCD_Status_SetLastCommand
    main.o(i.main) refers to systick.o(i.SysTick_Init) for SysTick_Init
    main.o(i.main) refers to misc.o(i.NVIC_PriorityGroupConfig) for NVIC_PriorityGroupConfig
    main.o(i.main) refers to usart.o(i.USART1_Init) for USART1_Init
    main.o(i.main) refers to gateway_uart.o(i.GatewayUart_Init) for GatewayUart_Init
    main.o(i.main) refers to led.o(i.LED_Init) for LED_Init
    main.o(i.main) refers to board_adapter.o(i.BoardAdapter_Init) for BoardAdapter_Init
    main.o(i.main) refers to lcd_status.o(i.LCD_Status_Init) for LCD_Status_Init
    main.o(i.main) refers to printfa.o(i.__0printf) for __2printf
    main.o(i.main) refers to board_adapter.o(i.BoardAdapter_Process) for BoardAdapter_Process
    main.o(i.main) refers to lcd_status.o(i.LCD_Status_Process) for LCD_Status_Process
    main.o(i.main) refers to main.o(i.GatewayCommand_Process) for GatewayCommand_Process
    main.o(i.main) refers to systick.o(i.delay_ms) for delay_ms
    main.o(i.main) refers to main.o(.conststring) for .conststring
    startup_stm32f10x_hd.o(RESET) refers to startup_stm32f10x_hd.o(STACK) for __initial_sp
    startup_stm32f10x_hd.o(RESET) refers to startup_stm32f10x_hd.o(.text) for Reset_Handler
    startup_stm32f10x_hd.o(RESET) refers to stm32f10x_it.o(i.NMI_Handler) for NMI_Handler
    startup_stm32f10x_hd.o(RESET) refers to stm32f10x_it.o(i.HardFault_Handler) for HardFault_Handler
    startup_stm32f10x_hd.o(RESET) refers to stm32f10x_it.o(i.MemManage_Handler) for MemManage_Handler
    startup_stm32f10x_hd.o(RESET) refers to stm32f10x_it.o(i.BusFault_Handler) for BusFault_Handler
    startup_stm32f10x_hd.o(RESET) refers to stm32f10x_it.o(i.UsageFault_Handler) for UsageFault_Handler
    startup_stm32f10x_hd.o(RESET) refers to stm32f10x_it.o(i.SVC_Handler) for SVC_Handler
    startup_stm32f10x_hd.o(RESET) refers to stm32f10x_it.o(i.DebugMon_Handler) for DebugMon_Handler
[...]
    Removing wifi_function.o(i.ESP8266_ClearRxBuffer), (16 bytes).
    Removing wifi_function.o(i.ESP8266_CloseTCP), (64 bytes).
    Removing wifi_function.o(i.ESP8266_Cmd), (88 bytes).
    Removing wifi_function.o(i.ESP8266_Enable_MultipleId), (96 bytes).
    Removing wifi_function.o(i.ESP8266_GetSelectedBaud), (12 bytes).
    Removing wifi_function.o(i.ESP8266_Init), (276 bytes).
    Removing wifi_function.o(i.ESP8266_IsConnected), (40 bytes).
    Removing wifi_function.o(i.ESP8266_Is_MQTT_Ready), (12 bytes).
    Removing wifi_function.o(i.ESP8266_JoinAP), (240 bytes).
    Removing wifi_function.o(i.ESP8266_Link_MQTT), (236 bytes).
    Removing wifi_function.o(i.ESP8266_MQTT_ParseSubFrame), (300 bytes).
    Removing wifi_function.o(i.ESP8266_MQTT_PollMessage), (96 bytes).
    Removing wifi_function.o(i.ESP8266_MQTT_Publish), (200 bytes).
    Removing wifi_function.o(i.ESP8266_MQTT_Subscribe), (116 bytes).
    Removing wifi_function.o(i.ESP8266_Net_Mode_Choose), (120 bytes).
    Removing wifi_function.o(i.ESP8266_OpenTCP), (160 bytes).
    Removing wifi_function.o(i.ESP8266_Ping), (164 bytes).
    Removing wifi_function.o(i.ESP8266_Process), (188 bytes).
    Removing wifi_function.o(i.ESP8266_Rst), (56 bytes).
    Removing wifi_function.o(i.ESP8266_Send), (724 bytes).
    Removing wifi_function.o(i.ESP8266_SetMqttReady), (20 bytes).
    Removing wifi_function.o(i.ESP8266_SetTcpConnected), (20 bytes).
    Removing wifi_function.o(i.ESP8266_Set_MQTT_ConnCfg), (88 bytes).
    Removing wifi_function.o(i.ESP8266_Set_MQTT_UserCfg), (140 bytes).
    Removing wifi_function.o(i.ESP8266_TCP_PollPacket), (272 bytes).
    Removing wifi_function.o(i.esp_ascii_upper), (22 bytes).
    Removing wifi_function.o(i.esp_copy_current_frame), (56 bytes).
    Removing wifi_function.o(i.esp_has_text), (16 bytes).
    Removing wifi_function.o(i.esp_is_async_payload_text), (64 bytes).
    Removing wifi_function.o(i.esp_is_sensitive_command), (76 bytes).
    Removing wifi_function.o(i.esp_log_command), (220 bytes).
    Removing wifi_function.o(i.esp_log_last_reply), (96 bytes).
    Removing wifi_function.o(i.esp_mark_disconnected), (28 bytes).
    Removing wifi_function.o(i.esp_probe_baud), (36 bytes).
    Removing wifi_function.o(i.esp_query_link_diag), (156 bytes).
    Removing wifi_function.o(i.esp_send_raw_bytes), (56 bytes).
    Removing wifi_function.o(i.esp_send_raw_line), (92 bytes).
    Removing wifi_function.o(i.esp_store_async_frame_from_rx), (172 bytes).
    Removing wifi_function.o(i.esp_store_async_frame_from_text), (172 bytes).
    Removing wifi_function.o(i.esp_str_contains_icase), (94 bytes).
    Removing wifi_function.o(i.esp_wait_reply), (552 bytes).
    Removing wifi_function.o(.bss), (3072 bytes).
    Removing wifi_function.o(.constdata), (16 bytes).
    Removing wifi_function.o(.conststring), (75 bytes).
    Removing wifi_function.o(.data), (20 bytes).
    Removing dfltui.o(.text), (26 bytes).
    Removing dfixui.o(.text), (50 bytes).

431 unused section(s) (total 34042 bytes) removed from the image.

==============================================================================

Image Symbol Table

    Local Symbols

    Symbol Name                              Value     Ov Type        Size  Object(Section)

    ../clib/microlib/division.c              0x00000000   Number         0  uidiv.o ABSOLUTE
    ../clib/microlib/division.c              0x00000000   Number         0  uldiv.o ABSOLUTE
    ../clib/microlib/init/entry.s            0x00000000   Number         0  entry8b.o ABSOLUTE
    ../clib/microlib/init/entry.s            0x00000000   Number         0  entry10a.o ABSOLUTE
    ../clib/microlib/init/entry.s            0x00000000   Number         0  entry9b.o ABSOLUTE
    ../clib/microlib/init/entry.s            0x00000000   Number         0  entry10b.o ABSOLUTE
    ../clib/microlib/init/entry.s            0x00000000   Number         0  entry11a.o ABSOLUTE
    ../clib/microlib/init/entry.s            0x00000000   Number         0  entry.o ABSOLUTE
    ../clib/microlib/init/entry.s            0x00000000   Number         0  entry11b.o ABSOLUTE
    ../clib/microlib/init/entry.s            0x00000000   Number         0  entry12a.o ABSOLUTE
    ../clib/microlib/init/entry.s            0x00000000   Number         0  entry12b.o ABSOLUTE
    ../clib/microlib/init/entry.s            0x00000000   Number         0  entry5.o ABSOLUTE
    ../clib/microlib/init/entry.s            0x00000000   Number         0  entry2.o ABSOLUTE
    ../clib/microlib/init/entry.s            0x00000000   Number         0  entry7a.o ABSOLUTE
    ../clib/microlib/init/entry.s            0x00000000   Number         0  entry7b.o ABSOLUTE
    ../clib/microlib/init/entry.s            0x00000000   Number         0  entry8a.o ABSOLUTE
    ../clib/microlib/init/entry.s            0x00000000   Number         0  entry9a.o ABSOLUTE
    ../clib/microlib/longlong.c              0x00000000   Number         0  llshl.o ABSOLUTE
    ../clib/microlib/longlong.c              0x00000000   Number         0  llushr.o ABSOLUTE
    ../clib/microlib/longlong.c              0x00000000   Number         0  llsshr.o ABSOLUTE
    ../clib/microlib/printf/printf.c         0x00000000   Number         0  printf4.o ABSOLUTE
    ../clib/microlib/printf/printf.c         0x00000000   Number         0  printf3.o ABSOLUTE
    ../clib/microlib/printf/printf.c         0x00000000   Number         0  printf2.o ABSOLUTE
    ../clib/microlib/printf/printf.c         0x00000000   Number         0  printf8.o ABSOLUTE
    ../clib/microlib/printf/printf.c         0x00000000   Number         0  printf1.o ABSOLUTE
    ../clib/microlib/printf/printf.c         0x00000000   Number         0  printf0.o ABSOLUTE
    ../clib/microlib/printf/printf.c         0x00000000   Number         0  printfb.o ABSOLUTE
    ../clib/microlib/printf/printf.c         0x00000000   Number         0  printf7.o ABSOLUTE
    ../clib/microlib/printf/printf.c         0x00000000   Number         0  printf6.o ABSOLUTE
    ../clib/microlib/printf/printf.c         0x00000000   Number         0  printfa.o ABSOLUTE
    ../clib/microlib/printf/printf.c         0x00000000   Number         0  printf5.o ABSOLUTE
    ../clib/microlib/printf/stubs.s          0x00000000   Number         0  stubs.o ABSOLUTE
    ../clib/microlib/stdio/streams.c         0x00000000   Number         0  stdout.o ABSOLUTE
    ../clib/microlib/string/memcmp.c         0x00000000   Number         0  memcmp.o ABSOLUTE
    ../clib/microlib/string/memcpy.c         0x00000000   Number         0  memcpyb.o ABSOLUTE
    ../clib/microlib/string/memcpy.c         0x00000000   Number         0  memcpya.o ABSOLUTE
    ../clib/microlib/string/strchr.c         0x00000000   Number         0  strchr.o ABSOLUTE
    ../clib/microlib/string/strcmp.c         0x00000000   Number         0  strcmp.o ABSOLUTE
    ../clib/microlib/string/strcpy.c         0x00000000   Number         0  strcpy.o ABSOLUTE
    ../clib/microlib/string/strlen.c         0x00000000   Number         0  strlen.o ABSOLUTE
    ../clib/microlib/string/strncmp.c        0x00000000   Number         0  strncmp.o ABSOLUTE
    ../clib/microlib/string/strncpy.c        0x00000000   Number         0  strncpy.o ABSOLUTE
    ../clib/microlib/string/strstr.c         0x00000000   Number         0  strstr.o ABSOLUTE
    ../clib/microlib/stubs.s                 0x00000000   Number         0  iusefp.o ABSOLUTE
    ../fplib/microlib/f2d.c                  0x00000000   Number         0  f2d.o ABSOLUTE
    ../fplib/microlib/fpadd.c                0x00000000   Number         0  dadd.o ABSOLUTE
    ../fplib/microlib/fpadd.c                0x00000000   Number         0  fadd.o ABSOLUTE
    ../fplib/microlib/fpdiv.c                0x00000000   Number         0  ddiv.o ABSOLUTE
    ../fplib/microlib/fpdiv.c                0x00000000   Number         0  fdiv.o ABSOLUTE
    ../fplib/microlib/fpepilogue.c           0x00000000   Number         0  depilogue.o ABSOLUTE
    ../fplib/microlib/fpepilogue.c           0x00000000   Number         0  fepilogue.o ABSOLUTE
    ../fplib/microlib/fpfix.c                0x00000000   Number         0  dfixi.o ABSOLUTE
    ../fplib/microlib/fpfix.c                0x00000000   Number         0  dfixui.o ABSOLUTE
    ../fplib/microlib/fpfix.c                0x00000000   Number         0  dfixul.o ABSOLUTE
    ../fplib/microlib/fpfix.c                0x00000000   Number         0  ffixi.o ABSOLUTE
    ../fplib/microlib/fpflt.c                0x00000000   Number         0  ffltui.o ABSOLUTE
    ../fplib/microlib/fpflt.c                0x00000000   Number         0  fflti.o ABSOLUTE
    ../fplib/microlib/fpflt.c                0x00000000   Number         0  dfltui.o ABSOLUTE
    ../fplib/microlib/fpmul.c                0x00000000   Number         0  fmul.o ABSOLUTE
    ../fplib/microlib/fpmul.c                0x00000000   Number         0  dmul.o ABSOLUTE
    APP\adc_temp\adc_temp.c                  0x00000000   Number         0  adc_temp.o ABSOLUTE
    APP\esp8266\wifi_config.c                0x00000000   Number         0  wifi_config.o ABSOLUTE
    APP\esp8266\wifi_function.c              0x00000000   Number         0  wifi_function.o ABSOLUTE
    APP\gateway_uart\gateway_uart.c          0x00000000   Number         0  gateway_uart.o ABSOLUTE
    APP\lcd_status\lcd_status.c              0x00000000   Number         0  lcd_status.o ABSOLUTE
    APP\led\led.c                            0x00000000   Number         0  led.o ABSOLUTE
    APP\mqtt_app\board_adapter.c             0x00000000   Number         0  board_adapter.o ABSOLUTE
    APP\mqtt_app\mqtt_service.c              0x00000000   Number         0  mqtt_service.o ABSOLUTE
    APP\tftlcd\tftlcd.c                      0x00000000   Number         0  tftlcd.o ABSOLUTE
    Libraries\CMSIS\core_cm3.c               0x00000000   Number         0  core_cm3.o ABSOLUTE
    Libraries\CMSIS\startup_stm32f10x_hd.s   0x00000000   Number         0  startup_stm32f10x_hd.o ABSOLUTE
    Libraries\CMSIS\system_stm32f10x.c       0x00000000   Number         0  system_stm32f10x.o ABSOLUTE
    Libraries\STM32F10x_StdPeriph_Driver\src\misc.c 0x00000000   Number         0  misc.o ABSOLUTE
    Libraries\STM32F10x_StdPeriph_Driver\src\stm32f10x_adc.c 0x00000000   Number         0  stm32f10x_adc.o ABSOLUTE
    Libraries\STM32F10x_StdPeriph_Driver\src\stm32f10x_bkp.c 0x00000000   Number         0  stm32f10x_bkp.o ABSOLUTE
    Libraries\STM32F10x_StdPeriph_Driver\src\stm32f10x_can.c 0x00000000   Number         0  stm32f10x_can.o ABSOLUTE
    Libraries\STM32F10x_StdPeriph_Driver\src\stm32f10x_dac.c 0x00000000   Number         0  stm32f10x_dac.o ABSOLUTE
    Libraries\STM32F10x_StdPeriph_Driver\src\stm32f10x_dma.c 0x00000000   Number         0  stm32f10x_dma.o ABSOLUTE
    Libraries\STM32F10x_StdPeriph_Driver\src\stm32f10x_exti.c 0x00000000   Number         0  stm32f10x_exti.o ABSOLUTE
    Libraries\STM32F10x_StdPeriph_Driver\src\stm32f10x_fsmc.c 0x00000000   Number         0  stm32f10x_fsmc.o ABSOLUTE
    Libraries\STM32F10x_StdPeriph_Driver\src\stm32f10x_gpio.c 0x00000000   Number         0  stm32f10x_gpio.o ABSOLUTE
    Libraries\STM32F10x_StdPeriph_Driver\src\stm32f10x_iwdg.c 0x00000000   Number         0  stm32f10x_iwdg.o ABSOLUTE
    Libraries\STM32F10x_StdPeriph_Driver\src\stm32f10x_pwr.c 0x00000000   Number         0  stm32f10x_pwr.o ABSOLUTE
    Libraries\STM32F10x_StdPeriph_Driver\src\stm32f10x_rcc.c 0x00000000   Number         0  stm32f10x_rcc.o ABSOLUTE
    Libraries\STM32F10x_StdPeriph_Driver\src\stm32f10x_rtc.c 0x00000000   Number         0  stm32f10x_rtc.o ABSOLUTE
    Libraries\STM32F10x_StdPeriph_Driver\src\stm32f10x_spi.c 0x00000000   Number         0  stm32f10x_spi.o ABSOLUTE
    Libraries\STM32F10x_StdPeriph_Driver\src\stm32f10x_tim.c 0x00000000   Number         0  stm32f10x_tim.o ABSOLUTE
    Libraries\STM32F10x_StdPeriph_Driver\src\stm32f10x_usart.c 0x00000000   Number         0  stm32f10x_usart.o ABSOLUTE
    Libraries\STM32F10x_StdPeriph_Driver\src\stm32f10x_wwdg.c 0x00000000   Number         0  stm32f10x_wwdg.o ABSOLUTE
    Libraries\\CMSIS\\core_cm3.c             0x00000000   Number         0  core_cm3.o ABSOLUTE
    Public\SysTick.c                         0x00000000   Number         0  systick.o ABSOLUTE
    Public\system.c                          0x00000000   Number         0  system.o ABSOLUTE
    Public\usart.c                           0x00000000   Number         0  usart.o ABSOLUTE
    User\main.c                              0x00000000   Number         0  main.o ABSOLUTE
    User\stm32f10x_it.c                      0x00000000   Number         0  stm32f10x_it.o ABSOLUTE
    cdrcmple.s                               0x00000000   Number         0  cdrcmple.o ABSOLUTE
    cfcmple.s                                0x00000000   Number         0  cfcmple.o ABSOLUTE
    cfrcmple.s                               0x00000000   Number         0  cfrcmple.o ABSOLUTE
    dc.s                                     0x00000000   Number         0  dc.o ABSOLUTE
    handlers.s                               0x00000000   Number         0  handlers.o ABSOLUTE
    init.s                                   0x00000000   Number         0  init.o ABSOLUTE
    RESET                                    0x08000000   Section      304  startup_stm32f10x_hd.o(RESET)
    .ARM.Collect$$$$00000000                 0x08000130   Section        0  entry.o(.ARM.Collect$$$$00000000)
    .ARM.Collect$$$$00000001                 0x08000130   Section        4  entry2.o(.ARM.Collect$$$$00000001)
    .ARM.Collect$$$$00000004                 0x08000134   Section        4  entry5.o(.ARM.Collect$$$$00000004)
    .ARM.Collect$$$$00000008                 0x08000138   Section        0  entry7b.o(.ARM.Collect$$$$00000008)
    .ARM.Collect$$$$0000000A                 0x08000138   Section        0  entry8b.o(.ARM.Collect$$$$0000000A)
    .ARM.Collect$$$$0000000B                 0x08000138   Section        8  entry9a.o(.ARM.Collect$$$$0000000B)
    .ARM.Collect$$$$0000000E                 0x08000140   Section        4  entry12b.o(.ARM.Collect$$$$0000000E)
    .ARM.Collect$$$$0000000F                 0x08000144   Section        0  entry10a.o(.ARM.Collect$$$$0000000F)
    .ARM.Collect$$$$00000011                 0x08000144   Section        0  entry11a.o(.ARM.Collect$$$$00000011)
    .ARM.Collect$$$$00002712                 0x08000144   Section        4  entry2.o(.ARM.Collect$$$$00002712)
    __lit__00000000                          0x08000144   Data           4  entry2.o(.ARM.Collect$$$$00002712)
    .text                                    0x08000148   Section       36  startup_stm32f10x_hd.o(.text)
    .text                                    0x0800016c   Section        0  memcpya.o(.text)
    .text                                    0x08000190   Section        0  strncpy.o(.text)
    .text                                    0x080001a8   Section        0  strcmp.o(.text)
    .text                                    0x080001c4   Section        0  strcpy.o(.text)
    .text                                    0x080001d6   Section        0  fadd.o(.text)
    .text                                    0x08000286   Section        0  fmul.o(.text)
    .text                                    0x080002ea   Section        0  fdiv.o(.text)
    .text                                    0x08000366   Section        0  dadd.o(.text)
    .text                                    0x080004b4   Section        0  dmul.o(.text)
    .text                                    0x08000598   Section        0  ddiv.o(.text)
    .text                                    0x08000676   Section        0  fflti.o(.text)
    .text                                    0x08000688   Section        0  ffltui.o(.text)
    .text                                    0x08000692   Section        0  ffixi.o(.text)
    .text                                    0x080006c4   Section        0  dfixi.o(.text)
    .text                                    0x08000702   Section        0  f2d.o(.text)
    .text                                    0x08000728   Section       20  cfcmple.o(.text)
    .text                                    0x0800073c   Section       20  cfrcmple.o(.text)
    .text                                    0x08000750   Section        0  uidiv.o(.text)
    .text                                    0x0800077c   Section        0  uldiv.o(.text)
    .text                                    0x080007de   Section        0  llshl.o(.text)
    .text                                    0x080007fc   Section        0  llushr.o(.text)
    .text                                    0x0800081c   Section        0  llsshr.o(.text)
    .text                                    0x08000840   Section        0  iusefp.o(.text)
    .text                                    0x08000840   Section        0  fepilogue.o(.text)
    .text                                    0x080008ae   Section        0  depilogue.o(.text)
    .text                                    0x08000968   Section        0  dfixul.o(.text)
    .text                                    0x08000998   Section       48  cdrcmple.o(.text)
    .text                                    0x080009c8   Section       36  init.o(.text)
    i.ADC_Cmd                                0x080009ec   Section        0  stm32f10x_adc.o(i.ADC_Cmd)
    i.ADC_GetCalibrationStatus               0x08000a02   Section        0  stm32f10x_adc.o(i.ADC_GetCalibrationStatus)
    i.ADC_GetConversionValue                 0x08000a16   Section        0  stm32f10x_adc.o(i.ADC_GetConversionValue)
    i.ADC_GetFlagStatus                      0x08000a1e   Section        0  stm32f10x_adc.o(i.ADC_GetFlagStatus)
    i.ADC_GetResetCalibrationStatus          0x08000a30   Section        0  stm32f10x_adc.o(i.ADC_GetResetCalibrationStatus)
    i.ADC_Init                               0x08000a44   Section        0  stm32f10x_adc.o(i.ADC_Init)
    i.ADC_Light_Init                         0x08000a94   Section        0  adc_temp.o(i.ADC_Light_Init)
    i.ADC_RegularChannelConfig               0x08000b24   Section        0  stm32f10x_adc.o(i.ADC_RegularChannelConfig)
    i.ADC_ResetCalibration                   0x08000bdc   Section        0  stm32f10x_adc.o(i.ADC_ResetCalibration)
    i.ADC_SoftwareStartConvCmd               0x08000be6   Section        0  stm32f10x_adc.o(i.ADC_SoftwareStartConvCmd)
    i.ADC_StartCalibration                   0x08000bfc   Section        0  stm32f10x_adc.o(i.ADC_StartCalibration)
    i.ADC_TempSensorVrefintCmd               0x08000c08   Section        0  stm32f10x_adc.o(i.ADC_TempSensorVrefintCmd)
    i.ADC_Temp_Init                          0x08000c2c   Section        0  adc_temp.o(i.ADC_Temp_Init)
    i.BoardAdapter_ForceSample               0x08000ca8   Section        0  board_adapter.o(i.BoardAdapter_ForceSample)
    i.BoardAdapter_GetBuzzer                 0x08000cc4   Section        0  board_adapter.o(i.BoardAdapter_GetBuzzer)
    i.BoardAdapter_GetData                   0x08000ce0   Section        0  board_adapter.o(i.BoardAdapter_GetData)
    i.BoardAdapter_GetLed                    0x08000d08   Section        0  board_adapter.o(i.BoardAdapter_GetLed)
    i.BoardAdapter_Init                      0x08000d1c   Section        0  board_adapter.o(i.BoardAdapter_Init)
    i.BoardAdapter_PrintStatusLine           0x08000dcc   Section        0  board_adapter.o(i.BoardAdapter_PrintStatusLine)
    i.BoardAdapter_Process                   0x08000e50   Section        0  board_adapter.o(i.BoardAdapter_Process)
    i.BoardAdapter_SetBuzzer                 0x08000e7c   Section        0  board_adapter.o(i.BoardAdapter_SetBuzzer)
    i.BoardAdapter_SetLed                    0x08000ea0   Section        0  board_adapter.o(i.BoardAdapter_SetLed)
    i.BusFault_Handler                       0x08000ec4   Section        0  stm32f10x_it.o(i.BusFault_Handler)
    i.DebugMon_Handler                       0x08000ec8   Section        0  stm32f10x_it.o(i.DebugMon_Handler)
    i.FSMC_NORSRAMCmd                        0x08000ecc   Section        0  stm32f10x_fsmc.o(i.FSMC_NORSRAMCmd)
    i.FSMC_NORSRAMInit                       0x08000f00   Section        0  stm32f10x_fsmc.o(i.FSMC_NORSRAMInit)
    i.GPIO_Init                              0x08000fe6   Section        0  stm32f10x_gpio.o(i.GPIO_Init)
    i.GPIO_ReadOutputDataBit                 0x080010fc   Section        0  stm32f10x_gpio.o(i.GPIO_ReadOutputDataBit)
    i.GPIO_ResetBits                         0x0800110e   Section        0  stm32f10x_gpio.o(i.GPIO_ResetBits)
    i.GPIO_SetBits                           0x08001112   Section        0  stm32f10x_gpio.o(i.GPIO_SetBits)
    i.GatewayCommand_Handle                  0x08001118   Section        0  main.o(i.GatewayCommand_Handle)
    GatewayCommand_Handle                    0x08001119   Thumb Code   136  main.o(i.GatewayCommand_Handle)
    i.GatewayCommand_Process                 0x0800121c   Section        0  main.o(i.GatewayCommand_Process)
    GatewayCommand_Process                   0x0800121d   Thumb Code    12  main.o(i.GatewayCommand_Process)
    i.GatewayCommand_ProcessUsart1           0x08001228   Section        0  main.o(i.GatewayCommand_ProcessUsart1)
    GatewayCommand_ProcessUsart1             0x08001229   Thumb Code   114  main.o(i.GatewayCommand_ProcessUsart1)
    i.GatewayCommand_ProcessUsart3           0x080012d4   Section        0  main.o(i.GatewayCommand_ProcessUsart3)
    GatewayCommand_ProcessUsart3             0x080012d5   Thumb Code    68  main.o(i.GatewayCommand_ProcessUsart3)
    i.GatewayCommand_Run                     0x08001348   Section        0  main.o(i.GatewayCommand_Run)
    GatewayCommand_Run                       0x08001349   Thumb Code    34  main.o(i.GatewayCommand_Run)
    i.GatewayUart_GetCommand                 0x08001380   Section        0  gateway_uart.o(i.GatewayUart_GetCommand)
    i.GatewayUart_GetRxDebugCount            0x080013e8   Section        0  gateway_uart.o(i.GatewayUart_GetRxDebugCount)
    i.GatewayUart_GetRxDebugLastByte         0x080013f4   Section        0  gateway_uart.o(i.GatewayUart_GetRxDebugLastByte)
    i.GatewayUart_Init                       0x08001400   Section        0  gateway_uart.o(i.GatewayUart_Init)
    i.GatewayUart_PollReceive                0x080014b0   Section        0  gateway_uart.o(i.GatewayUart_PollReceive)
    i.GatewayUart_ReceiveByte                0x080014d4   Section        0  gateway_uart.o(i.GatewayUart_ReceiveByte)
    GatewayUart_ReceiveByte                  0x080014d5   Thumb Code    82  gateway_uart.o(i.GatewayUart_ReceiveByte)
    i.Get_ADC_Light_Value                    0x08001538   Section        0  adc_temp.o(i.Get_ADC_Light_Value)
    i.Get_ADC_Temp_Value                     0x0800158c   Section        0  adc_temp.o(i.Get_ADC_Temp_Value)
    i.Get_Light_Percent                      0x080015e0   Section        0  adc_temp.o(i.Get_Light_Percent)
    i.Get_Temperture                         0x08001604   Section        0  adc_temp.o(i.Get_Temperture)
    i.HardFault_Handler                      0x08001688   Section        0  stm32f10x_it.o(i.HardFault_Handler)
    i.INTX_DISABLE                           0x0800168c   Section        0  system.o(i.INTX_DISABLE)
    i.INTX_ENABLE                            0x08001690   Section        0  system.o(i.INTX_ENABLE)
    i.LCD_Clear                              0x08001694   Section        0  tftlcd.o(i.LCD_Clear)
    i.LCD_Display_Dir                        0x080016dc   Section        0  tftlcd.o(i.LCD_Display_Dir)
    i.LCD_DrawFRONT_COLOR                    0x08001724   Section        0  tftlcd.o(i.LCD_DrawFRONT_COLOR)
    i.LCD_DrawLine_Color                     0x08001740   Section        0  tftlcd.o(i.LCD_DrawLine_Color)
    i.LCD_Fill                               0x080017ec   Section        0  tftlcd.o(i.LCD_Fill)
    i.LCD_ReadData                           0x08001848   Section        0  tftlcd.o(i.LCD_ReadData)
    i.LCD_Set_Window                         0x08001854   Section        0  tftlcd.o(i.LCD_Set_Window)
    i.LCD_ShowChar                           0x080018a0   Section        0  tftlcd.o(i.LCD_ShowChar)
    i.LCD_ShowString                         0x080019c8   Section        0  tftlcd.o(i.LCD_ShowString)
    i.LCD_Status_Init                        0x08001a30   Section        0  lcd_status.o(i.LCD_Status_Init)
    i.LCD_Status_Process                     0x08001a7c   Section        0  lcd_status.o(i.LCD_Status_Process)
    i.LCD_Status_RefreshNow                  0x08001ab8   Section        0  lcd_status.o(i.LCD_Status_RefreshNow)
    i.LCD_Status_SetLastCommand              0x08001bbc   Section        0  lcd_status.o(i.LCD_Status_SetLastCommand)
    i.LCD_WriteCmd                           0x08001c04   Section        0  tftlcd.o(i.LCD_WriteCmd)
    i.LCD_WriteData                          0x08001c10   Section        0  tftlcd.o(i.LCD_WriteData)
    i.LCD_WriteData_Color                    0x08001c1c   Section        0  tftlcd.o(i.LCD_WriteData_Color)
    i.LED_Init                               0x08001c2c   Section        0  led.o(i.LED_Init)
    i.MemManage_Handler                      0x08001c78   Section        0  stm32f10x_it.o(i.MemManage_Handler)
    i.NMI_Handler                            0x08001c7c   Section        0  stm32f10x_it.o(i.NMI_Handler)
    i.NVIC_Init                              0x08001c80   Section        0  misc.o(i.NVIC_Init)
    i.NVIC_PriorityGroupConfig               0x08001cf0   Section        0  misc.o(i.NVIC_PriorityGroupConfig)
    i.PendSV_Handler                         0x08001d04   Section        0  stm32f10x_it.o(i.PendSV_Handler)
    i.RCC_ADCCLKConfig                       0x08001d08   Section        0  stm32f10x_rcc.o(i.RCC_ADCCLKConfig)
    i.RCC_AHBPeriphClockCmd                  0x08001d20   Section        0  stm32f10x_rcc.o(i.RCC_AHBPeriphClockCmd)
    i.RCC_APB1PeriphClockCmd                 0x08001d40   Section        0  stm32f10x_rcc.o(i.RCC_APB1PeriphClockCmd)
    i.RCC_APB2PeriphClockCmd                 0x08001d60   Section        0  stm32f10x_rcc.o(i.RCC_APB2PeriphClockCmd)
    i.RCC_GetClocksFreq                      0x08001d80   Section        0  stm32f10x_rcc.o(i.RCC_GetClocksFreq)
    i.SVC_Handler                            0x08001e54   Section        0  stm32f10x_it.o(i.SVC_Handler)
    i.SetSysClock                            0x08001e56   Section        0  system_stm32f10x.o(i.SetSysClock)
    SetSysClock                              0x08001e57   Thumb Code     8  system_stm32f10x.o(i.SetSysClock)
    i.SetSysClockTo72                        0x08001e60   Section        0  system_stm32f10x.o(i.SetSysClockTo72)
    SetSysClockTo72                          0x08001e61   Thumb Code   214  system_stm32f10x.o(i.SetSysClockTo72)
    i.SysTick_CLKSourceConfig                0x08001f40   Section        0  misc.o(i.SysTick_CLKSourceConfig)
    i.SysTick_GetMs                          0x08001f68   Section        0  systick.o(i.SysTick_GetMs)
    i.SysTick_Handler                        0x08001f74   Section        0  stm32f10x_it.o(i.SysTick_Handler)
    i.SysTick_Init                           0x08001f78   Section        0  systick.o(i.SysTick_Init)
    i.SystemInit                             0x08001fb8   Section        0  system_stm32f10x.o(i.SystemInit)
    i.TFTLCD_FSMC_Init                       0x08002018   Section        0  tftlcd.o(i.TFTLCD_FSMC_Init)
    i.TFTLCD_GPIO_Init                       0x08002098   Section        0  tftlcd.o(i.TFTLCD_GPIO_Init)
    i.TFTLCD_Init                            0x08002130   Section        0  tftlcd.o(i.TFTLCD_Init)
    i.USART1_GetRxDebugCount                 0x08002384   Section        0  usart.o(i.USART1_GetRxDebugCount)
    i.USART1_GetRxDebugLastByte              0x08002390   Section        0  usart.o(i.USART1_GetRxDebugLastByte)
    i.USART1_IRQHandler                      0x0800239c   Section        0  usart.o(i.USART1_IRQHandler)
    i.USART1_Init                            0x080023c8   Section        0  usart.o(i.USART1_Init)
    i.USART1_PollReceive                     0x08002478   Section        0  usart.o(i.USART1_PollReceive)
    i.USART1_ReceiveByte                     0x0800249c   Section        0  usart.o(i.USART1_ReceiveByte)
    USART1_ReceiveByte                       0x0800249d   Thumb Code    82  usart.o(i.USART1_ReceiveByte)
    i.USART3_IRQHandler                      0x08002500   Section        0  gateway_uart.o(i.USART3_IRQHandler)
    i.USART_ClearFlag                        0x0800252c   Section        0  stm32f10x_usart.o(i.USART_ClearFlag)
    i.USART_ClearITPendingBit                0x0800253e   Section        0  stm32f10x_usart.o(i.USART_ClearITPendingBit)
    i.USART_Cmd                              0x0800255c   Section        0  stm32f10x_usart.o(i.USART_Cmd)
    i.USART_GetFlagStatus                    0x08002574   Section        0  stm32f10x_usart.o(i.USART_GetFlagStatus)
    i.USART_GetITStatus                      0x0800258e   Section        0  stm32f10x_usart.o(i.USART_GetITStatus)
    i.USART_ITConfig                         0x080025e2   Section        0  stm32f10x_usart.o(i.USART_ITConfig)
    i.USART_Init                             0x0800262c   Section        0  stm32f10x_usart.o(i.USART_Init)
    i.USART_ReceiveData                      0x08002704   Section        0  stm32f10x_usart.o(i.USART_ReceiveData)
    i.USART_SendData                         0x0800270e   Section        0  stm32f10x_usart.o(i.USART_SendData)
    i.UsageFault_Handler                     0x08002716   Section        0  stm32f10x_it.o(i.UsageFault_Handler)
    i.__0printf                              0x0800271c   Section        0  printfa.o(i.__0printf)
    i.__0sprintf                             0x0800273c   Section        0  printfa.o(i.__0sprintf)
    i.__scatterload_copy                     0x08002764   Section       14  handlers.o(i.__scatterload_copy)
    i.__scatterload_null                     0x08002772   Section        2  handlers.o(i.__scatterload_null)
    i.__scatterload_zeroinit                 0x08002774   Section       14  handlers.o(i.__scatterload_zeroinit)
    i._fp_digits                             0x08002784   Section        0  printfa.o(i._fp_digits)
    _fp_digits                               0x08002785   Thumb Code   366  printfa.o(i._fp_digits)
    i._printf_core                           0x08002908   Section        0  printfa.o(i._printf_core)
    _printf_core                             0x08002909   Thumb Code  1704  printfa.o(i._printf_core)
    i._printf_post_padding                   0x08002fbc   Section        0  printfa.o(i._printf_post_padding)
    _printf_post_padding                     0x08002fbd   Thumb Code    36  printfa.o(i._printf_post_padding)
    i._printf_pre_padding                    0x08002fe0   Section        0  printfa.o(i._printf_pre_padding)
    _printf_pre_padding                      0x08002fe1   Thumb Code    46  printfa.o(i._printf_pre_padding)
    i._sputc                                 0x0800300e   Section        0  printfa.o(i._sputc)
    _sputc                                   0x0800300f   Thumb Code    10  printfa.o(i._sputc)
    i.board_apply_buzzer                     0x08003018   Section        0  board_adapter.o(i.board_apply_buzzer)
    board_apply_buzzer                       0x08003019   Thumb Code    30  board_adapter.o(i.board_apply_buzzer)
    i.board_apply_led                        0x0800303c   Section        0  board_adapter.o(i.board_apply_led)
    board_apply_led                          0x0800303d   Thumb Code    18  board_adapter.o(i.board_apply_led)
    i.board_buzzer_gpio_init                 0x08003054   Section        0  board_adapter.o(i.board_buzzer_gpio_init)
    board_buzzer_gpio_init                   0x08003055   Thumb Code    40  board_adapter.o(i.board_buzzer_gpio_init)
    i.board_generate_mock_humidity           0x08003080   Section        0  board_adapter.o(i.board_generate_mock_humidity)
    board_generate_mock_humidity             0x08003081   Thumb Code   148  board_adapter.o(i.board_generate_mock_humidity)
    i.board_sample_sensor                    0x08003138   Section        0  board_adapter.o(i.board_sample_sensor)
    board_sample_sensor                      0x08003139   Thumb Code   138  board_adapter.o(i.board_sample_sensor)
    i.delay_ms                               0x0800320c   Section        0  systick.o(i.delay_ms)
    i.delay_nms                              0x08003244   Section        0  systick.o(i.delay_nms)
    delay_nms                                0x08003245   Thumb Code    82  systick.o(i.delay_nms)
    i.fputc                                  0x080032a0   Section        0  usart.o(i.fputc)
    i.lcd_status_clear_value_line            0x080032c4   Section        0  lcd_status.o(i.lcd_status_clear_value_line)
    lcd_status_clear_value_line              0x080032c5   Thumb Code    66  lcd_status.o(i.lcd_status_clear_value_line)
    i.lcd_status_draw_static                 0x0800330c   Section        0  lcd_status.o(i.lcd_status_draw_static)
    lcd_status_draw_static                   0x0800330d   Thumb Code   204  lcd_status.o(i.lcd_status_draw_static)
    i.lcd_status_format_light                0x08003438   Section        0  lcd_status.o(i.lcd_status_format_light)
    lcd_status_format_light                  0x08003439   Thumb Code    60  lcd_status.o(i.lcd_status_format_light)
    i.lcd_status_format_temperature          0x0800347c   Section        0  lcd_status.o(i.lcd_status_format_temperature)
    lcd_status_format_temperature            0x0800347d   Thumb Code   136  lcd_status.o(i.lcd_status_format_temperature)
    i.lcd_status_show_text                   0x0800351c   Section        0  lcd_status.o(i.lcd_status_show_text)
    lcd_status_show_text                     0x0800351d   Thumb Code    80  lcd_status.o(i.lcd_status_show_text)
    i.lcd_status_show_value                  0x08003578   Section        0  lcd_status.o(i.lcd_status_show_value)
    lcd_status_show_value                    0x08003579   Thumb Code    28  lcd_status.o(i.lcd_status_show_value)
    i.main                                   0x08003594   Section        0  main.o(i.main)
    .constdata                               0x0800374c   Section    18712  tftlcd.o(.constdata)
    .conststring                             0x08008064   Section       68  main.o(.conststring)
    .data                                    0x20000000   Section        8  main.o(.data)
    last_rx_debug_count                      0x20000000   Data           4  main.o(.data)
    last_rx_debug_count                      0x20000004   Data           4  main.o(.data)
    .data                                    0x20000008   Section       20  stm32f10x_rcc.o(.data)
    APBAHBPrescTable                         0x20000008   Data          16  stm32f10x_rcc.o(.data)
    ADCPrescTable                            0x20000018   Data           4  stm32f10x_rcc.o(.data)
    .data                                    0x2000001c   Section       12  tftlcd.o(.data)
    .data                                    0x20000028   Section       40  lcd_status.o(.data)
    s_lcd_ready                              0x20000028   Data           1  lcd_status.o(.data)
    s_next_refresh_ms                        0x2000002c   Data           4  lcd_status.o(.data)
    s_last_command                           0x20000030   Data          24  lcd_status.o(.data)
    s_command_state                          0x20000048   Data           8  lcd_status.o(.data)
    .data                                    0x20000050   Section        9  gateway_uart.o(.data)
    s_gateway_uart_rx_sta                    0x20000050   Data           2  gateway_uart.o(.data)
    s_gateway_uart_rx_debug_count            0x20000054   Data           4  gateway_uart.o(.data)
    s_gateway_uart_rx_debug_last_byte        0x20000058   Data           1  gateway_uart.o(.data)
    .data                                    0x2000005c   Section        9  board_adapter.o(.data)
    s_has_valid_sample                       0x2000005c   Data           1  board_adapter.o(.data)
    s_next_sample_ms                         0x20000060   Data           4  board_adapter.o(.data)
    phase                                    0x20000064   Data           1  board_adapter.o(.data)
    .data                                    0x20000068   Section        8  systick.o(.data)
    fac_us                                   0x20000068   Data           1  systick.o(.data)
    fac_ms                                   0x2000006a   Data           2  systick.o(.data)
    g_systick_uptime_ms                      0x2000006c   Data           4  systick.o(.data)
    .data                                    0x20000070   Section        9  usart.o(.data)
    s_usart1_rx_debug_count                  0x20000074   Data           4  usart.o(.data)
    s_usart1_rx_debug_last_byte              0x20000078   Data           1  usart.o(.data)
    .data                                    0x2000007c   Section        4  stdout.o(.data)
    .bss                                     0x20000080   Section       64  gateway_uart.o(.bss)
    s_gateway_uart_rx_buf                    0x20000080   Data          64  gateway_uart.o(.bss)
    .bss                                     0x200000c0   Section       16  board_adapter.o(.bss)
    s_env_cache                              0x200000c0   Data          16  board_adapter.o(.bss)
    .bss                                     0x200000d0   Section      200  usart.o(.bss)
    STACK                                    0x20000198   Section     1024  startup_stm32f10x_hd.o(STACK)

    Global Symbols

    Symbol Name                              Value     Ov Type        Size  Object(Section)

    BuildAttributes$$THM_ISAv4$P$D$K$B$S$PE$A:L22UL41UL21$X:L11$S22US41US21$IEEE1$IW$USESV6$~STKCKD$USESV7$~SHL$OTIME$ROPI$EBA8$MICROLIB$REQ8$PRES8$EABIv2 0x00000000   Number         0  anon$$obj.o ABSOLUTE
    __ARM_use_no_argv                        0x00000000   Number         0  main.o ABSOLUTE
    _printf_a                                0x00000000   Number         0  stubs.o ABSOLUTE
    _printf_c                                0x00000000   Number         0  stubs.o ABSOLUTE
    _printf_charcount                        0x00000000   Number         0  stubs.o ABSOLUTE
    _printf_d                                0x00000000   Number         0  stubs.o ABSOLUTE
    _printf_e                                0x00000000   Number         0  stubs.o ABSOLUTE
    _printf_f                                0x00000000   Number         0  stubs.o ABSOLUTE
    _printf_flags                            0x00000000   Number         0  stubs.o ABSOLUTE
    _printf_fp_dec                           0x00000000   Number         0  stubs.o ABSOLUTE
    _printf_fp_hex                           0x00000000   Number         0  stubs.o ABSOLUTE
    _printf_g                                0x00000000   Number         0  stubs.o ABSOLUTE
    _printf_i                                0x00000000   Number         0  stubs.o ABSOLUTE
    _printf_int_dec                          0x00000000   Number         0  stubs.o ABSOLUTE
    _printf_l                                0x00000000   Number         0  stubs.o ABSOLUTE
    _printf_lc                               0x00000000   Number         0  stubs.o ABSOLUTE
    _printf_ll                               0x00000000   Number         0  stubs.o ABSOLUTE
    _printf_lld                              0x00000000   Number         0  stubs.o ABSOLUTE
    _printf_lli                              0x00000000   Number         0  stubs.o ABSOLUTE
    _printf_llo                              0x00000000   Number         0  stubs.o ABSOLUTE
    _printf_llu                              0x00000000   Number         0  stubs.o ABSOLUTE
    _printf_llx                              0x00000000   Number         0  stubs.o ABSOLUTE
    _printf_longlong_dec                     0x00000000   Number         0  stubs.o ABSOLUTE
    _printf_longlong_hex                     0x00000000   Number         0  stubs.o ABSOLUTE
    _printf_longlong_oct                     0x00000000   Number         0  stubs.o ABSOLUTE
    _printf_ls                               0x00000000   Number         0  stubs.o ABSOLUTE
    _printf_mbtowc                           0x00000000   Number         0  stubs.o ABSOLUTE
    _printf_n                                0x00000000   Number         0  stubs.o ABSOLUTE
    _printf_o                                0x00000000   Number         0  stubs.o ABSOLUTE
    _printf_p                                0x00000000   Number         0  stubs.o ABSOLUTE
    _printf_percent                          0x00000000   Number         0  stubs.o ABSOLUTE
    _printf_pre_padding                      0x00000000   Number         0  stubs.o ABSOLUTE
    _printf_return_value                     0x00000000   Number         0  stubs.o ABSOLUTE
    _printf_s                                0x00000000   Number         0  stubs.o ABSOLUTE
    _printf_sizespec                         0x00000000   Number         0  stubs.o ABSOLUTE
    _printf_str                              0x00000000   Number         0  stubs.o ABSOLUTE
    _printf_truncate_signed                  0x00000000   Number         0  stubs.o ABSOLUTE
    _printf_truncate_unsigned                0x00000000   Number         0  stubs.o ABSOLUTE
    _printf_u                                0x00000000   Number         0  stubs.o ABSOLUTE
    _printf_wc                               0x00000000   Number         0  stubs.o ABSOLUTE
    _printf_wctomb                           0x00000000   Number         0  stubs.o ABSOLUTE
    _printf_widthprec                        0x00000000   Number         0  stubs.o ABSOLUTE
    _printf_x                                0x00000000   Number         0  stubs.o ABSOLUTE
    __arm_fini_                               - Undefined Weak Reference
    __cpp_initialize__aeabi_                  - Undefined Weak Reference
    __cxa_finalize                            - Undefined Weak Reference
    __decompress                              - Undefined Weak Reference
    _clock_init                               - Undefined Weak Reference
    _microlib_exit                            - Undefined Weak Reference
    __Vectors_Size                           0x00000130   Number         0  startup_stm32f10x_hd.o ABSOLUTE
    __Vectors                                0x08000000   Data           4  startup_stm32f10x_hd.o(RESET)
    __Vectors_End                            0x08000130   Data           0  startup_stm32f10x_hd.o(RESET)
    __main                                   0x08000131   Thumb Code     0  entry.o(.ARM.Collect$$$$00000000)
    _main_stk                                0x08000131   Thumb Code     0  entry2.o(.ARM.Collect$$$$00000001)
    _main_scatterload                        0x08000135   Thumb Code     0  entry5.o(.ARM.Collect$$$$00000004)
    __main_after_scatterload                 0x08000139   Thumb Code     0  entry5.o(.ARM.Collect$$$$00000004)
    _main_clock                              0x08000139   Thumb Code     0  entry7b.o(.ARM.Collect$$$$00000008)
    _main_cpp_init                           0x08000139   Thumb Code     0  entry8b.o(.ARM.Collect$$$$0000000A)
    _main_init                               0x08000139   Thumb Code     0  entry9a.o(.ARM.Collect$$$$0000000B)
    __rt_lib_shutdown_fini                   0x08000141   Thumb Code     0  entry12b.o(.ARM.Collect$$$$0000000E)
    __rt_final_cpp                           0x08000145   Thumb Code     0  entry10a.o(.ARM.Collect$$$$0000000F)
    __rt_final_exit                          0x08000145   Thumb Code     0  entry11a.o(.ARM.Collect$$$$00000011)
    Reset_Handler                            0x08000149   Thumb Code     8  startup_stm32f10x_hd.o(.text)
    ADC1_2_IRQHandler                        0x08000163   Thumb Code     0  startup_stm32f10x_hd.o(.text)
    ADC3_IRQHandler                          0x08000163   Thumb Code     0  startup_stm32f10x_hd.o(.text)
    CAN1_RX1_IRQHandler                      0x08000163   Thumb Code     0  startup_stm32f10x_hd.o(.text)
    CAN1_SCE_IRQHandler                      0x08000163   Thumb Code     0  startup_stm32f10x_hd.o(.text)
    DMA1_Channel1_IRQHandler                 0x08000163   Thumb Code     0  startup_stm32f10x_hd.o(.text)
    DMA1_Channel2_IRQHandler                 0x08000163   Thumb Code     0  startup_stm32f10x_hd.o(.text)
    DMA1_Channel3_IRQHandler                 0x08000163   Thumb Code     0  startup_stm32f10x_hd.o(.text)
    DMA1_Channel4_IRQHandler                 0x08000163   Thumb Code     0  startup_stm32f10x_hd.o(.text)
    DMA1_Channel5_IRQHandler                 0x08000163   Thumb Code     0  startup_stm32f10x_hd.o(.text)
    DMA1_Channel6_IRQHandler                 0x08000163   Thumb Code     0  startup_stm32f10x_hd.o(.text)
    DMA1_Channel7_IRQHandler                 0x08000163   Thumb Code     0  startup_stm32f10x_hd.o(.text)
    DMA2_Channel1_IRQHandler                 0x08000163   Thumb Code     0  startup_stm32f10x_hd.o(.text)
    DMA2_Channel2_IRQHandler                 0x08000163   Thumb Code     0  startup_stm32f10x_hd.o(.text)
    DMA2_Channel3_IRQHandler                 0x08000163   Thumb Code     0  startup_stm32f10x_hd.o(.text)
    DMA2_Channel4_5_IRQHandler               0x08000163   Thumb Code     0  startup_stm32f10x_hd.o(.text)
    EXTI0_IRQHandler                         0x08000163   Thumb Code     0  startup_stm32f10x_hd.o(.text)
    EXTI15_10_IRQHandler                     0x08000163   Thumb Code     0  startup_stm32f10x_hd.o(.text)
    EXTI1_IRQHandler                         0x08000163   Thumb Code     0  startup_stm32f10x_hd.o(.text)
    EXTI2_IRQHandler                         0x08000163   Thumb Code     0  startup_stm32f10x_hd.o(.text)
    EXTI3_IRQHandler                         0x08000163   Thumb Code     0  startup_stm32f10x_hd.o(.text)
    EXTI4_IRQHandler                         0x08000163   Thumb Code     0  startup_stm32f10x_hd.o(.text)
    EXTI9_5_IRQHandler                       0x08000163   Thumb Code     0  startup_stm32f10x_hd.o(.text)
    FLASH_IRQHandler                         0x08000163   Thumb Code     0  startup_stm32f10x_hd.o(.text)
    FSMC_IRQHandler                          0x08000163   Thumb Code     0  startup_stm32f10x_hd.o(.text)
    I2C1_ER_IRQHandler                       0x08000163   Thumb Code     0  startup_stm32f10x_hd.o(.text)
    I2C1_EV_IRQHandler                       0x08000163   Thumb Code     0  startup_stm32f10x_hd.o(.text)
    I2C2_ER_IRQHandler                       0x08000163   Thumb Code     0  startup_stm32f10x_hd.o(.text)
    I2C2_EV_IRQHandler                       0x08000163   Thumb Code     0  startup_stm32f10x_hd.o(.text)
    PVD_IRQHandler                           0x08000163   Thumb Code     0  startup_stm32f10x_hd.o(.text)
    RCC_IRQHandler                           0x08000163   Thumb Code     0  startup_stm32f10x_hd.o(.text)
    RTCAlarm_IRQHandler                      0x08000163   Thumb Code     0  startup_stm32f10x_hd.o(.text)
    RTC_IRQHandler                           0x08000163   Thumb Code     0  startup_stm32f10x_hd.o(.text)
    SDIO_IRQHandler                          0x08000163   Thumb Code     0  startup_stm32f10x_hd.o(.text)
    SPI1_IRQHandler                          0x08000163   Thumb Code     0  startup_stm32f10x_hd.o(.text)
    SPI2_IRQHandler                          0x08000163   Thumb Code     0  startup_stm32f10x_hd.o(.text)
    SPI3_IRQHandler                          0x08000163   Thumb Code     0  startup_stm32f10x_hd.o(.text)
    TAMPER_IRQHandler                        0x08000163   Thumb Code     0  startup_stm32f10x_hd.o(.text)
    TIM1_BRK_IRQHandler                      0x08000163   Thumb Code     0  startup_stm32f10x_hd.o(.text)
    TIM1_CC_IRQHandler                       0x08000163   Thumb Code     0  startup_stm32f10x_hd.o(.text)
    TIM1_TRG_COM_IRQHandler                  0x08000163   Thumb Code     0  startup_stm32f10x_hd.o(.text)
    TIM1_UP_IRQHandler                       0x08000163   Thumb Code     0  startup_stm32f10x_hd.o(.text)
    TIM2_IRQHandler                          0x08000163   Thumb Code     0  startup_stm32f10x_hd.o(.text)
    TIM3_IRQHandler                          0x08000163   Thumb Code     0  startup_stm32f10x_hd.o(.text)
    TIM4_IRQHandler                          0x08000163   Thumb Code     0  startup_stm32f10x_hd.o(.text)
    TIM5_IRQHandler                          0x08000163   Thumb Code     0  startup_stm32f10x_hd.o(.text)
    TIM6_IRQHandler                          0x08000163   Thumb Code     0  startup_stm32f10x_hd.o(.text)
    TIM7_IRQHandler                          0x08000163   Thumb Code     0  startup_stm32f10x_hd.o(.text)
    TIM8_BRK_IRQHandler                      0x08000163   Thumb Code     0  startup_stm32f10x_hd.o(.text)
    TIM8_CC_IRQHandler                       0x08000163   Thumb Code     0  startup_stm32f10x_hd.o(.text)
    TIM8_TRG_COM_IRQHandler                  0x08000163   Thumb Code     0  startup_stm32f10x_hd.o(.text)
    TIM8_UP_IRQHandler                       0x08000163   Thumb Code     0  startup_stm32f10x_hd.o(.text)
    UART4_IRQHandler                         0x08000163   Thumb Code     0  startup_stm32f10x_hd.o(.text)
    UART5_IRQHandler                         0x08000163   Thumb Code     0  startup_stm32f10x_hd.o(.text)
    USART2_IRQHandler                        0x08000163   Thumb Code     0  startup_stm32f10x_hd.o(.text)
    USBWakeUp_IRQHandler                     0x08000163   Thumb Code     0  startup_stm32f10x_hd.o(.text)
    USB_HP_CAN1_TX_IRQHandler                0x08000163   Thumb Code     0  startup_stm32f10x_hd.o(.text)
    USB_LP_CAN1_RX0_IRQHandler               0x08000163   Thumb Code     0  startup_stm32f10x_hd.o(.text)
    WWDG_IRQHandler                          0x08000163   Thumb Code     0  startup_stm32f10x_hd.o(.text)
    __aeabi_memcpy                           0x0800016d   Thumb Code    36  memcpya.o(.text)
    __aeabi_memcpy4                          0x0800016d   Thumb Code     0  memcpya.o(.text)
    __aeabi_memcpy8                          0x0800016d   Thumb Code     0  memcpya.o(.text)
    strncpy                                  0x08000191   Thumb Code    24  strncpy.o(.text)
    strcmp                                   0x080001a9   Thumb Code    28  strcmp.o(.text)
    strcpy                                   0x080001c5   Thumb Code    18  strcpy.o(.text)
    __aeabi_fadd                             0x080001d7   Thumb Code   164  fadd.o(.text)
    __aeabi_fsub                             0x0800027b   Thumb Code     6  fadd.o(.text)
    __aeabi_frsub                            0x08000281   Thumb Code     6  fadd.o(.text)
    __aeabi_fmul                             0x08000287   Thumb Code   100  fmul.o(.text)
    __aeabi_fdiv                             0x080002eb   Thumb Code   124  fdiv.o(.text)
    __aeabi_dadd                             0x08000367   Thumb Code   322  dadd.o(.text)
    __aeabi_dsub                             0x080004a9   Thumb Code     6  dadd.o(.text)
    __aeabi_drsub                            0x080004af   Thumb Code     6  dadd.o(.text)
    __aeabi_dmul                             0x080004b5   Thumb Code   228  dmul.o(.text)
    __aeabi_ddiv                             0x08000599   Thumb Code   222  ddiv.o(.text)
    __aeabi_i2f                              0x08000677   Thumb Code    18  fflti.o(.text)
    __aeabi_ui2f                             0x08000689   Thumb Code    10  ffltui.o(.text)
    __aeabi_f2iz                             0x08000693   Thumb Code    50  ffixi.o(.text)
    __aeabi_d2iz                             0x080006c5   Thumb Code    62  dfixi.o(.text)
    __aeabi_f2d                              0x08000703   Thumb Code    38  f2d.o(.text)
    __aeabi_cfcmpeq                          0x08000729   Thumb Code     0  cfcmple.o(.text)
    __aeabi_cfcmple                          0x08000729   Thumb Code    20  cfcmple.o(.text)
    __aeabi_cfrcmple                         0x0800073d   Thumb Code    20  cfrcmple.o(.text)
    __aeabi_uidiv                            0x08000751   Thumb Code     0  uidiv.o(.text)
    __aeabi_uidivmod                         0x08000751   Thumb Code    44  uidiv.o(.text)
    __aeabi_uldivmod                         0x0800077d   Thumb Code    98  uldiv.o(.text)
    __aeabi_llsl                             0x080007df   Thumb Code    30  llshl.o(.text)
    _ll_shift_l                              0x080007df   Thumb Code     0  llshl.o(.text)
    __aeabi_llsr                             0x080007fd   Thumb Code    32  llushr.o(.text)
    _ll_ushift_r                             0x080007fd   Thumb Code     0  llushr.o(.text)
    __aeabi_lasr                             0x0800081d   Thumb Code    36  llsshr.o(.text)
    _ll_sshift_r                             0x0800081d   Thumb Code     0  llsshr.o(.text)
    __I$use$fp                               0x08000841   Thumb Code     0  iusefp.o(.text)
    _float_round                             0x08000841   Thumb Code    18  fepilogue.o(.text)
    _float_epilogue                          0x08000853   Thumb Code    92  fepilogue.o(.text)
    _double_round                            0x080008af   Thumb Code    30  depilogue.o(.text)
    _double_epilogue                         0x080008cd   Thumb Code   156  depilogue.o(.text)
    __aeabi_d2ulz                            0x08000969   Thumb Code    48  dfixul.o(.text)
    __aeabi_cdrcmple                         0x08000999   Thumb Code    48  cdrcmple.o(.text)
    __scatterload                            0x080009c9   Thumb Code    28  init.o(.text)
    __scatterload_rt2                        0x080009c9   Thumb Code     0  init.o(.text)
    ADC_Cmd                                  0x080009ed   Thumb Code    22  stm32f10x_adc.o(i.ADC_Cmd)
    ADC_GetCalibrationStatus                 0x08000a03   Thumb Code    20  stm32f10x_adc.o(i.ADC_GetCalibrationStatus)
    ADC_GetConversionValue                   0x08000a17   Thumb Code     8  stm32f10x_adc.o(i.ADC_GetConversionValue)
    ADC_GetFlagStatus                        0x08000a1f   Thumb Code    18  stm32f10x_adc.o(i.ADC_GetFlagStatus)
    ADC_GetResetCalibrationStatus            0x08000a31   Thumb Code    20  stm32f10x_adc.o(i.ADC_GetResetCalibrationStatus)
    ADC_Init                                 0x08000a45   Thumb Code    70  stm32f10x_adc.o(i.ADC_Init)
    ADC_Light_Init                           0x08000a95   Thumb Code   136  adc_temp.o(i.ADC_Light_Init)
    ADC_RegularChannelConfig                 0x08000b25   Thumb Code   184  stm32f10x_adc.o(i.ADC_RegularChannelConfig)
    ADC_ResetCalibration                     0x08000bdd   Thumb Code    10  stm32f10x_adc.o(i.ADC_ResetCalibration)
    ADC_SoftwareStartConvCmd                 0x08000be7   Thumb Code    22  stm32f10x_adc.o(i.ADC_SoftwareStartConvCmd)
    ADC_StartCalibration                     0x08000bfd   Thumb Code    10  stm32f10x_adc.o(i.ADC_StartCalibration)
    ADC_TempSensorVrefintCmd                 0x08000c09   Thumb Code    30  stm32f10x_adc.o(i.ADC_TempSensorVrefintCmd)
    ADC_Temp_Init                            0x08000c2d   Thumb Code   118  adc_temp.o(i.ADC_Temp_Init)
    BoardAdapter_ForceSample                 0x08000ca9   Thumb Code    24  board_adapter.o(i.BoardAdapter_ForceSample)
    BoardAdapter_GetBuzzer                   0x08000cc5   Thumb Code    22  board_adapter.o(i.BoardAdapter_GetBuzzer)
    BoardAdapter_GetData                     0x08000ce1   Thumb Code    36  board_adapter.o(i.BoardAdapter_GetData)
    BoardAdapter_GetLed                      0x08000d09   Thumb Code    14  board_adapter.o(i.BoardAdapter_GetLed)
    BoardAdapter_Init                        0x08000d1d   Thumb Code    78  board_adapter.o(i.BoardAdapter_Init)
    BoardAdapter_PrintStatusLine             0x08000dcd   Thumb Code    82  board_adapter.o(i.BoardAdapter_PrintStatusLine)
    BoardAdapter_Process                     0x08000e51   Thumb Code    40  board_adapter.o(i.BoardAdapter_Process)
    BoardAdapter_SetBuzzer                   0x08000e7d   Thumb Code    32  board_adapter.o(i.BoardAdapter_SetBuzzer)
    BoardAdapter_SetLed                      0x08000ea1   Thumb Code    32  board_adapter.o(i.BoardAdapter_SetLed)
    BusFault_Handler                         0x08000ec5   Thumb Code     4  stm32f10x_it.o(i.BusFault_Handler)
    DebugMon_Handler                         0x08000ec9   Thumb Code     2  stm32f10x_it.o(i.DebugMon_Handler)
    FSMC_NORSRAMCmd                          0x08000ecd   Thumb Code    46  stm32f10x_fsmc.o(i.FSMC_NORSRAMCmd)
    FSMC_NORSRAMInit                         0x08000f01   Thumb Code   230  stm32f10x_fsmc.o(i.FSMC_NORSRAMInit)
    GPIO_Init                                0x08000fe7   Thumb Code   278  stm32f10x_gpio.o(i.GPIO_Init)
    GPIO_ReadOutputDataBit                   0x080010fd   Thumb Code    18  stm32f10x_gpio.o(i.GPIO_ReadOutputDataBit)
    GPIO_ResetBits                           0x0800110f   Thumb Code     4  stm32f10x_gpio.o(i.GPIO_ResetBits)
    GPIO_SetBits                             0x08001113   Thumb Code     4  stm32f10x_gpio.o(i.GPIO_SetBits)
    GatewayUart_GetCommand                   0x08001381   Thumb Code    94  gateway_uart.o(i.GatewayUart_GetCommand)
    GatewayUart_GetRxDebugCount              0x080013e9   Thumb Code     6  gateway_uart.o(i.GatewayUart_GetRxDebugCount)
    GatewayUart_GetRxDebugLastByte           0x080013f5   Thumb Code     6  gateway_uart.o(i.GatewayUart_GetRxDebugLastByte)
    GatewayUart_Init                         0x08001401   Thumb Code   168  gateway_uart.o(i.GatewayUart_Init)
    GatewayUart_PollReceive                  0x080014b1   Thumb Code    32  gateway_uart.o(i.GatewayUart_PollReceive)
    Get_ADC_Light_Value                      0x08001539   Thumb Code    80  adc_temp.o(i.Get_ADC_Light_Value)
    Get_ADC_Temp_Value                       0x0800158d   Thumb Code    80  adc_temp.o(i.Get_ADC_Temp_Value)
    Get_Light_Percent                        0x080015e1   Thumb Code    36  adc_temp.o(i.Get_Light_Percent)
    Get_Temperture                           0x08001605   Thumb Code   104  adc_temp.o(i.Get_Temperture)
    HardFault_Handler                        0x08001689   Thumb Code     4  stm32f10x_it.o(i.HardFault_Handler)
    INTX_DISABLE                             0x0800168d   Thumb Code     4  system.o(i.INTX_DISABLE)
    INTX_ENABLE                              0x08001691   Thumb Code     4  system.o(i.INTX_ENABLE)
    LCD_Clear                                0x08001695   Thumb Code    68  tftlcd.o(i.LCD_Clear)
    LCD_Display_Dir                          0x080016dd   Thumb Code    66  tftlcd.o(i.LCD_Display_Dir)
    LCD_DrawFRONT_COLOR                      0x08001725   Thumb Code    28  tftlcd.o(i.LCD_DrawFRONT_COLOR)
    LCD_DrawLine_Color                       0x08001741   Thumb Code   172  tftlcd.o(i.LCD_DrawLine_Color)
    LCD_Fill                                 0x080017ed   Thumb Code    92  tftlcd.o(i.LCD_Fill)
    LCD_ReadData                             0x08001849   Thumb Code     6  tftlcd.o(i.LCD_ReadData)
    LCD_Set_Window                           0x08001855   Thumb Code    74  tftlcd.o(i.LCD_Set_Window)
    LCD_ShowChar                             0x080018a1   Thumb Code   272  tftlcd.o(i.LCD_ShowChar)
    LCD_ShowString                           0x080019c9   Thumb Code   102  tftlcd.o(i.LCD_ShowString)
    LCD_Status_Init                          0x08001a31   Thumb Code    44  lcd_status.o(i.LCD_Status_Init)
    LCD_Status_Process                       0x08001a7d   Thumb Code    50  lcd_status.o(i.LCD_Status_Process)
    LCD_Status_RefreshNow                    0x08001ab9   Thumb Code   214  lcd_status.o(i.LCD_Status_RefreshNow)
    LCD_Status_SetLastCommand                0x08001bbd   Thumb Code    54  lcd_status.o(i.LCD_Status_SetLastCommand)
    LCD_WriteCmd                             0x08001c05   Thumb Code     6  tftlcd.o(i.LCD_WriteCmd)
    LCD_WriteData                            0x08001c11   Thumb Code     6  tftlcd.o(i.LCD_WriteData)
    LCD_WriteData_Color                      0x08001c1d   Thumb Code    12  tftlcd.o(i.LCD_WriteData_Color)
    LED_Init                                 0x08001c2d   Thumb Code    68  led.o(i.LED_Init)
    MemManage_Handler                        0x08001c79   Thumb Code     4  stm32f10x_it.o(i.MemManage_Handler)
    NMI_Handler                              0x08001c7d   Thumb Code     2  stm32f10x_it.o(i.NMI_Handler)
    NVIC_Init                                0x08001c81   Thumb Code   100  misc.o(i.NVIC_Init)
    NVIC_PriorityGroupConfig                 0x08001cf1   Thumb Code    10  misc.o(i.NVIC_PriorityGroupConfig)
    PendSV_Handler                           0x08001d05   Thumb Code     2  stm32f10x_it.o(i.PendSV_Handler)
    RCC_ADCCLKConfig                         0x08001d09   Thumb Code    18  stm32f10x_rcc.o(i.RCC_ADCCLKConfig)
    RCC_AHBPeriphClockCmd                    0x08001d21   Thumb Code    26  stm32f10x_rcc.o(i.RCC_AHBPeriphClockCmd)
    RCC_APB1PeriphClockCmd                   0x08001d41   Thumb Code    26  stm32f10x_rcc.o(i.RCC_APB1PeriphClockCmd)
    RCC_APB2PeriphClockCmd                   0x08001d61   Thumb Code    26  stm32f10x_rcc.o(i.RCC_APB2PeriphClockCmd)
    RCC_GetClocksFreq                        0x08001d81   Thumb Code   192  stm32f10x_rcc.o(i.RCC_GetClocksFreq)
    SVC_Handler                              0x08001e55   Thumb Code     2  stm32f10x_it.o(i.SVC_Handler)
    SysTick_CLKSourceConfig                  0x08001f41   Thumb Code    40  misc.o(i.SysTick_CLKSourceConfig)
    SysTick_GetMs                            0x08001f69   Thumb Code     6  systick.o(i.SysTick_GetMs)
    SysTick_Handler                          0x08001f75   Thumb Code     2  stm32f10x_it.o(i.SysTick_Handler)
    SysTick_Init                             0x08001f79   Thumb Code    50  systick.o(i.SysTick_Init)
    SystemInit                               0x08001fb9   Thumb Code    78  system_stm32f10x.o(i.SystemInit)
    TFTLCD_FSMC_Init                         0x08002019   Thumb Code   126  tftlcd.o(i.TFTLCD_FSMC_Init)
    TFTLCD_GPIO_Init                         0x08002099   Thumb Code   130  tftlcd.o(i.TFTLCD_GPIO_Init)
    TFTLCD_Init                              0x08002131   Thumb Code   574  tftlcd.o(i.TFTLCD_Init)
    USART1_GetRxDebugCount                   0x08002385   Thumb Code     6  usart.o(i.USART1_GetRxDebugCount)
    USART1_GetRxDebugLastByte                0x08002391   Thumb Code     6  usart.o(i.USART1_GetRxDebugLastByte)
    USART1_IRQHandler                        0x0800239d   Thumb Code    40  usart.o(i.USART1_IRQHandler)
    USART1_Init                              0x080023c9   Thumb Code   166  usart.o(i.USART1_Init)
    USART1_PollReceive                       0x08002479   Thumb Code    32  usart.o(i.USART1_PollReceive)
    USART3_IRQHandler                        0x08002501   Thumb Code    40  gateway_uart.o(i.USART3_IRQHandler)
    USART_ClearFlag                          0x0800252d   Thumb Code    18  stm32f10x_usart.o(i.USART_ClearFlag)
    USART_ClearITPendingBit                  0x0800253f   Thumb Code    30  stm32f10x_usart.o(i.USART_ClearITPendingBit)
    USART_Cmd                                0x0800255d   Thumb Code    24  stm32f10x_usart.o(i.USART_Cmd)
    USART_GetFlagStatus                      0x08002575   Thumb Code    26  stm32f10x_usart.o(i.USART_GetFlagStatus)
    USART_GetITStatus                        0x0800258f   Thumb Code    84  stm32f10x_usart.o(i.USART_GetITStatus)
    USART_ITConfig                           0x080025e3   Thumb Code    74  stm32f10x_usart.o(i.USART_ITConfig)
    USART_Init                               0x0800262d   Thumb Code   210  stm32f10x_usart.o(i.USART_Init)
    USART_ReceiveData                        0x08002705   Thumb Code    10  stm32f10x_usart.o(i.USART_ReceiveData)
    USART_SendData                           0x0800270f   Thumb Code     8  stm32f10x_usart.o(i.USART_SendData)
    UsageFault_Handler                       0x08002717   Thumb Code     4  stm32f10x_it.o(i.UsageFault_Handler)
    __0printf                                0x0800271d   Thumb Code    22  printfa.o(i.__0printf)
    __1printf                                0x0800271d   Thumb Code     0  printfa.o(i.__0printf)
    __2printf                                0x0800271d   Thumb Code     0  printfa.o(i.__0printf)
    __c89printf                              0x0800271d   Thumb Code     0  printfa.o(i.__0printf)
    printf                                   0x0800271d   Thumb Code     0  printfa.o(i.__0printf)
    __0sprintf                               0x0800273d   Thumb Code    34  printfa.o(i.__0sprintf)
    __1sprintf                               0x0800273d   Thumb Code     0  printfa.o(i.__0sprintf)
    __2sprintf                               0x0800273d   Thumb Code     0  printfa.o(i.__0sprintf)
    __c89sprintf                             0x0800273d   Thumb Code     0  printfa.o(i.__0sprintf)
    sprintf                                  0x0800273d   Thumb Code     0  printfa.o(i.__0sprintf)
    __scatterload_copy                       0x08002765   Thumb Code    14  handlers.o(i.__scatterload_copy)
    __scatterload_null                       0x08002773   Thumb Code     2  handlers.o(i.__scatterload_null)
    __scatterload_zeroinit                   0x08002775   Thumb Code    14  handlers.o(i.__scatterload_zeroinit)
    delay_ms                                 0x0800320d   Thumb Code    54  systick.o(i.delay_ms)
    fputc                                    0x080032a1   Thumb Code    32  usart.o(i.fputc)
    main                                     0x08003595   Thumb Code   132  main.o(i.main)
    ascii_1206                               0x0800374c   Data        1140  tftlcd.o(.constdata)
    ascii_1608                               0x08003bc0   Data        1520  tftlcd.o(.constdata)
    ascii_2412                               0x080041b0   Data        3420  tftlcd.o(.constdata)
    ascii_3216                               0x08004f0c   Data       12160  tftlcd.o(.constdata)
    CnChar32x29                              0x08007e8c   Data         472  tftlcd.o(.constdata)
    Region$$Table$$Base                      0x080080a8   Number         0  anon$$obj.o(Region$$Table)
    Region$$Table$$Limit                     0x080080c8   Number         0  anon$$obj.o(Region$$Table)
    FRONT_COLOR                              0x2000001c   Data           2  tftlcd.o(.data)
    BACK_COLOR                               0x2000001e   Data           2  tftlcd.o(.data)
    tftlcd_data                              0x20000020   Data           8  tftlcd.o(.data)
    USART1_RX_STA                            0x20000070   Data           2  usart.o(.data)
    __stdout                                 0x2000007c   Data           4  stdout.o(.data)
    USART1_RX_BUF                            0x200000d0   Data         200  usart.o(.bss)
    __initial_sp                             0x20000598   Data           0  startup_stm32f10x_hd.o(STACK)



==============================================================================

Memory Map of the image

  Image Entry point : 0x08000131

  Load Region LR_IROM1 (Base: 0x08000000, Size: 0x00008148, Max: 0x00080000, ABSOLUTE)

    Execution Region ER_IROM1 (Exec base: 0x08000000, Load base: 0x08000000, Size: 0x000080c8, Max: 0x00080000, ABSOLUTE)

    Exec Addr    Load Addr    Size         Type   Attr      Idx    E Section Name        Object

    0x08000000   0x08000000   0x00000130   Data   RO          263    RESET               startup_stm32f10x_hd.o
    0x08000130   0x08000130   0x00000000   Code   RO         3629  * .ARM.Collect$$$$00000000  mc_w.l(entry.o)
    0x08000130   0x08000130   0x00000004   Code   RO         3943    .ARM.Collect$$$$00000001  mc_w.l(entry2.o)
    0x08000134   0x08000134   0x00000004   Code   RO         3946    .ARM.Collect$$$$00000004  mc_w.l(entry5.o)
    0x08000138   0x08000138   0x00000000   Code   RO         3948    .ARM.Collect$$$$00000008  mc_w.l(entry7b.o)
    0x08000138   0x08000138   0x00000000   Code   RO         3950    .ARM.Collect$$$$0000000A  mc_w.l(entry8b.o)
    0x08000138   0x08000138   0x00000008   Code   RO         3951    .ARM.Collect$$$$0000000B  mc_w.l(entry9a.o)
    0x08000140   0x08000140   0x00000004   Code   RO         3958    .ARM.Collect$$$$0000000E  mc_w.l(entry12b.o)
    0x08000144   0x08000144   0x00000000   Code   RO         3953    .ARM.Collect$$$$0000000F  mc_w.l(entry10a.o)
    0x08000144   0x08000144   0x00000000   Code   RO         3955    .ARM.Collect$$$$00000011  mc_w.l(entry11a.o)
    0x08000144   0x08000144   0x00000004   Code   RO         3944    .ARM.Collect$$$$00002712  mc_w.l(entry2.o)
    0x08000148   0x08000148   0x00000024   Code   RO          264    .text               startup_stm32f10x_hd.o
    0x0800016c   0x0800016c   0x00000024   Code   RO         3632    .text               mc_w.l(memcpya.o)
    0x08000190   0x08000190   0x00000018   Code   RO         3636    .text               mc_w.l(strncpy.o)
    0x080001a8   0x080001a8   0x0000001c   Code   RO         3642    .text               mc_w.l(strcmp.o)
    0x080001c4   0x080001c4   0x00000012   Code   RO         3646    .text               mc_w.l(strcpy.o)
    0x080001d6   0x080001d6   0x000000b0   Code   RO         3913    .text               mf_w.l(fadd.o)
    0x08000286   0x08000286   0x00000064   Code   RO         3915    .text               mf_w.l(fmul.o)
    0x080002ea   0x080002ea   0x0000007c   Code   RO         3917    .text               mf_w.l(fdiv.o)
    0x08000366   0x08000366   0x0000014e   Code   RO         3919    .text               mf_w.l(dadd.o)
    0x080004b4   0x080004b4   0x000000e4   Code   RO         3921    .text               mf_w.l(dmul.o)
    0x08000598   0x08000598   0x000000de   Code   RO         3923    .text               mf_w.l(ddiv.o)
    0x08000676   0x08000676   0x00000012   Code   RO         3925    .text               mf_w.l(fflti.o)
    0x08000688   0x08000688   0x0000000a   Code   RO         3927    .text               mf_w.l(ffltui.o)
    0x08000692   0x08000692   0x00000032   Code   RO         3931    .text               mf_w.l(ffixi.o)
    0x080006c4   0x080006c4   0x0000003e   Code   RO         3933    .text               mf_w.l(dfixi.o)
    0x08000702   0x08000702   0x00000026   Code   RO         3937    .text               mf_w.l(f2d.o)
    0x08000728   0x08000728   0x00000014   Code   RO         3939    .text               mf_w.l(cfcmple.o)
    0x0800073c   0x0800073c   0x00000014   Code   RO         3941    .text               mf_w.l(cfrcmple.o)
    0x08000750   0x08000750   0x0000002c   Code   RO         3960    .text               mc_w.l(uidiv.o)
    0x0800077c   0x0800077c   0x00000062   Code   RO         3962    .text               mc_w.l(uldiv.o)
    0x080007de   0x080007de   0x0000001e   Code   RO         3964    .text               mc_w.l(llshl.o)
    0x080007fc   0x080007fc   0x00000020   Code   RO         3966    .text               mc_w.l(llushr.o)
    0x0800081c   0x0800081c   0x00000024   Code   RO         3968    .text               mc_w.l(llsshr.o)
    0x08000840   0x08000840   0x00000000   Code   RO         3970    .text               mc_w.l(iusefp.o)
    0x08000840   0x08000840   0x0000006e   Code   RO         3971    .text               mf_w.l(fepilogue.o)
    0x080008ae   0x080008ae   0x000000ba   Code   RO         3973    .text               mf_w.l(depilogue.o)
    0x08000968   0x08000968   0x00000030   Code   RO         3975    .text               mf_w.l(dfixul.o)
    0x08000998   0x08000998   0x00000030   Code   RO         3977    .text               mf_w.l(cdrcmple.o)
    0x080009c8   0x080009c8   0x00000024   Code   RO         3979    .text               mc_w.l(init.o)
    0x080009ec   0x080009ec   0x00000016   Code   RO         1641    i.ADC_Cmd           stm32f10x_adc.o
    0x08000a02   0x08000a02   0x00000014   Code   RO         1649    i.ADC_GetCalibrationStatus  stm32f10x_adc.o
    0x08000a16   0x08000a16   0x00000008   Code   RO         1650    i.ADC_GetConversionValue  stm32f10x_adc.o
    0x08000a1e   0x08000a1e   0x00000012   Code   RO         1652    i.ADC_GetFlagStatus  stm32f10x_adc.o
    0x08000a30   0x08000a30   0x00000014   Code   RO         1655    i.ADC_GetResetCalibrationStatus  stm32f10x_adc.o
    0x08000a44   0x08000a44   0x00000050   Code   RO         1659    i.ADC_Init          stm32f10x_adc.o
    0x08000a94   0x08000a94   0x00000090   Code   RO         2575    i.ADC_Light_Init    adc_temp.o
    0x08000b24   0x08000b24   0x000000b8   Code   RO         1663    i.ADC_RegularChannelConfig  stm32f10x_adc.o
    0x08000bdc   0x08000bdc   0x0000000a   Code   RO         1664    i.ADC_ResetCalibration  stm32f10x_adc.o
    0x08000be6   0x08000be6   0x00000016   Code   RO         1666    i.ADC_SoftwareStartConvCmd  stm32f10x_adc.o
    0x08000bfc   0x08000bfc   0x0000000a   Code   RO         1668    i.ADC_StartCalibration  stm32f10x_adc.o
    0x08000c06   0x08000c06   0x00000002   PAD
    0x08000c08   0x08000c08   0x00000024   Code   RO         1670    i.ADC_TempSensorVrefintCmd  stm32f10x_adc.o
    0x08000c2c   0x08000c2c   0x0000007c   Code   RO         2576    i.ADC_Temp_Init     adc_temp.o
    0x08000ca8   0x08000ca8   0x0000001c   Code   RO         2945    i.BoardAdapter_ForceSample  board_adapter.o
    0x08000cc4   0x08000cc4   0x0000001c   Code   RO         2946    i.BoardAdapter_GetBuzzer  board_adapter.o
    0x08000ce0   0x08000ce0   0x00000028   Code   RO         2947    i.BoardAdapter_GetData  board_adapter.o
    0x08000d08   0x08000d08   0x00000014   Code   RO         2948    i.BoardAdapter_GetLed  board_adapter.o
    0x08000d1c   0x08000d1c   0x000000b0   Code   RO         2949    i.BoardAdapter_Init  board_adapter.o
    0x08000dcc   0x08000dcc   0x00000084   Code   RO         2950    i.BoardAdapter_PrintStatusLine  board_adapter.o
    0x08000e50   0x08000e50   0x0000002c   Code   RO         2951    i.BoardAdapter_Process  board_adapter.o
    0x08000e7c   0x08000e7c   0x00000024   Code   RO         2952    i.BoardAdapter_SetBuzzer  board_adapter.o
    0x08000ea0   0x08000ea0   0x00000024   Code   RO         2953    i.BoardAdapter_SetLed  board_adapter.o
    0x08000ec4   0x08000ec4   0x00000004   Code   RO          176    i.BusFault_Handler  stm32f10x_it.o
    0x08000ec8   0x08000ec8   0x00000002   Code   RO          177    i.DebugMon_Handler  stm32f10x_it.o
    0x08000eca   0x08000eca   0x00000002   PAD
    0x08000ecc   0x08000ecc   0x00000034   Code   RO         2263    i.FSMC_NORSRAMCmd   stm32f10x_fsmc.o
    0x08000f00   0x08000f00   0x000000e6   Code   RO         2265    i.FSMC_NORSRAMInit  stm32f10x_fsmc.o
    0x08000fe6   0x08000fe6   0x00000116   Code   RO          275    i.GPIO_Init         stm32f10x_gpio.o
    0x080010fc   0x080010fc   0x00000012   Code   RO          281    i.GPIO_ReadOutputDataBit  stm32f10x_gpio.o
    0x0800110e   0x0800110e   0x00000004   Code   RO          282    i.GPIO_ResetBits    stm32f10x_gpio.o
    0x08001112   0x08001112   0x00000004   Code   RO          283    i.GPIO_SetBits      stm32f10x_gpio.o
    0x08001116   0x08001116   0x00000002   PAD
    0x08001118   0x08001118   0x00000104   Code   RO            1    i.GatewayCommand_Handle  main.o
    0x0800121c   0x0800121c   0x0000000c   Code   RO            2    i.GatewayCommand_Process  main.o
    0x08001228   0x08001228   0x000000ac   Code   RO            3    i.GatewayCommand_ProcessUsart1  main.o
    0x080012d4   0x080012d4   0x00000074   Code   RO            4    i.GatewayCommand_ProcessUsart3  main.o
    0x08001348   0x08001348   0x00000038   Code   RO            5    i.GatewayCommand_Run  main.o
    0x08001380   0x08001380   0x00000068   Code   RO         2892    i.GatewayUart_GetCommand  gateway_uart.o
    0x080013e8   0x080013e8   0x0000000c   Code   RO         2893    i.GatewayUart_GetRxDebugCount  gateway_uart.o
    0x080013f4   0x080013f4   0x0000000c   Code   RO         2894    i.GatewayUart_GetRxDebugLastByte  gateway_uart.o
    0x08001400   0x08001400   0x000000b0   Code   RO         2895    i.GatewayUart_Init  gateway_uart.o
    0x080014b0   0x080014b0   0x00000024   Code   RO         2896    i.GatewayUart_PollReceive  gateway_uart.o
    0x080014d4   0x080014d4   0x00000064   Code   RO         2897    i.GatewayUart_ReceiveByte  gateway_uart.o
    0x08001538   0x08001538   0x00000054   Code   RO         2577    i.Get_ADC_Light_Value  adc_temp.o
    0x0800158c   0x0800158c   0x00000054   Code   RO         2578    i.Get_ADC_Temp_Value  adc_temp.o
    0x080015e0   0x080015e0   0x00000024   Code   RO         2579    i.Get_Light_Percent  adc_temp.o
    0x08001604   0x08001604   0x00000084   Code   RO         2580    i.Get_Temperture    adc_temp.o
    0x08001688   0x08001688   0x00000004   Code   RO          178    i.HardFault_Handler  stm32f10x_it.o
    0x0800168c   0x0800168c   0x00000004   Code   RO         3193    i.INTX_DISABLE      system.o
    0x08001690   0x08001690   0x00000004   Code   RO         3194    i.INTX_ENABLE       system.o
    0x08001694   0x08001694   0x00000048   Code   RO         2620    i.LCD_Clear         tftlcd.o
    0x080016dc   0x080016dc   0x00000048   Code   RO         2622    i.LCD_Display_Dir   tftlcd.o
    0x08001724   0x08001724   0x0000001c   Code   RO         2623    i.LCD_DrawFRONT_COLOR  tftlcd.o
    0x08001740   0x08001740   0x000000ac   Code   RO         2625    i.LCD_DrawLine_Color  tftlcd.o
    0x080017ec   0x080017ec   0x0000005c   Code   RO         2630    i.LCD_Fill          tftlcd.o
    0x08001848   0x08001848   0x0000000c   Code   RO         2633    i.LCD_ReadData      tftlcd.o
    0x08001854   0x08001854   0x0000004a   Code   RO         2636    i.LCD_Set_Window    tftlcd.o
    0x0800189e   0x0800189e   0x00000002   PAD
    0x080018a0   0x080018a0   0x00000128   Code   RO         2637    i.LCD_ShowChar      tftlcd.o
    0x080019c8   0x080019c8   0x00000066   Code   RO         2641    i.LCD_ShowString    tftlcd.o
    0x08001a2e   0x08001a2e   0x00000002   PAD
    0x08001a30   0x08001a30   0x0000004c   Code   RO         2823    i.LCD_Status_Init   lcd_status.o
    0x08001a7c   0x08001a7c   0x0000003c   Code   RO         2824    i.LCD_Status_Process  lcd_status.o
    0x08001ab8   0x08001ab8   0x00000104   Code   RO         2825    i.LCD_Status_RefreshNow  lcd_status.o
    0x08001bbc   0x08001bbc   0x00000048   Code   RO         2826    i.LCD_Status_SetLastCommand  lcd_status.o
    0x08001c04   0x08001c04   0x0000000c   Code   RO         2643    i.LCD_WriteCmd      tftlcd.o
    0x08001c10   0x08001c10   0x0000000c   Code   RO         2645    i.LCD_WriteData     tftlcd.o
    0x08001c1c   0x08001c1c   0x00000010   Code   RO         2646    i.LCD_WriteData_Color  tftlcd.o
    0x08001c2c   0x08001c2c   0x0000004c   Code   RO         2560    i.LED_Init          led.o
    0x08001c78   0x08001c78   0x00000004   Code   RO          179    i.MemManage_Handler  stm32f10x_it.o
    0x08001c7c   0x08001c7c   0x00000002   Code   RO          180    i.NMI_Handler       stm32f10x_it.o
    0x08001c7e   0x08001c7e   0x00000002   PAD
    0x08001c80   0x08001c80   0x00000070   Code   RO          583    i.NVIC_Init         misc.o
    0x08001cf0   0x08001cf0   0x00000014   Code   RO          584    i.NVIC_PriorityGroupConfig  misc.o
    0x08001d04   0x08001d04   0x00000002   Code   RO          181    i.PendSV_Handler    stm32f10x_it.o
    0x08001d06   0x08001d06   0x00000002   PAD
    0x08001d08   0x08001d08   0x00000018   Code   RO          383    i.RCC_ADCCLKConfig  stm32f10x_rcc.o
    0x08001d20   0x08001d20   0x00000020   Code   RO          384    i.RCC_AHBPeriphClockCmd  stm32f10x_rcc.o
    0x08001d40   0x08001d40   0x00000020   Code   RO          385    i.RCC_APB1PeriphClockCmd  stm32f10x_rcc.o
    0x08001d60   0x08001d60   0x00000020   Code   RO          387    i.RCC_APB2PeriphClockCmd  stm32f10x_rcc.o
    0x08001d80   0x08001d80   0x000000d4   Code   RO          395    i.RCC_GetClocksFreq  stm32f10x_rcc.o
    0x08001e54   0x08001e54   0x00000002   Code   RO          182    i.SVC_Handler       stm32f10x_it.o
    0x08001e56   0x08001e56   0x00000008   Code   RO         2516    i.SetSysClock       system_stm32f10x.o
    0x08001e5e   0x08001e5e   0x00000002   PAD
    0x08001e60   0x08001e60   0x000000e0   Code   RO         2517    i.SetSysClockTo72   system_stm32f10x.o
    0x08001f40   0x08001f40   0x00000028   Code   RO          587    i.SysTick_CLKSourceConfig  misc.o
    0x08001f68   0x08001f68   0x0000000c   Code   RO         3214    i.SysTick_GetMs     systick.o
    0x08001f74   0x08001f74   0x00000002   Code   RO          183    i.SysTick_Handler   stm32f10x_it.o
    0x08001f76   0x08001f76   0x00000002   PAD
    0x08001f78   0x08001f78   0x00000040   Code   RO         3216    i.SysTick_Init      systick.o
    0x08001fb8   0x08001fb8   0x00000060   Code   RO         2519    i.SystemInit        system_stm32f10x.o
    0x08002018   0x08002018   0x0000007e   Code   RO         2647    i.TFTLCD_FSMC_Init  tftlcd.o
    0x08002096   0x08002096   0x00000002   PAD
    0x08002098   0x08002098   0x00000098   Code   RO         2648    i.TFTLCD_GPIO_Init  tftlcd.o
    0x08002130   0x08002130   0x00000254   Code   RO         2649    i.TFTLCD_Init       tftlcd.o
    0x08002384   0x08002384   0x0000000c   Code   RO         3266    i.USART1_GetRxDebugCount  usart.o
    0x08002390   0x08002390   0x0000000c   Code   RO         3267    i.USART1_GetRxDebugLastByte  usart.o
    0x0800239c   0x0800239c   0x0000002c   Code   RO         3268    i.USART1_IRQHandler  usart.o
    0x080023c8   0x080023c8   0x000000b0   Code   RO         3269    i.USART1_Init       usart.o
    0x08002478   0x08002478   0x00000024   Code   RO         3270    i.USART1_PollReceive  usart.o
    0x0800249c   0x0800249c   0x00000064   Code   RO         3271    i.USART1_ReceiveByte  usart.o
    0x08002500   0x08002500   0x0000002c   Code   RO         2898    i.USART3_IRQHandler  gateway_uart.o
    0x0800252c   0x0800252c   0x00000012   Code   RO         1221    i.USART_ClearFlag   stm32f10x_usart.o
    0x0800253e   0x0800253e   0x0000001e   Code   RO         1222    i.USART_ClearITPendingBit  stm32f10x_usart.o
    0x0800255c   0x0800255c   0x00000018   Code   RO         1225    i.USART_Cmd         stm32f10x_usart.o
    0x08002574   0x08002574   0x0000001a   Code   RO         1228    i.USART_GetFlagStatus  stm32f10x_usart.o
    0x0800258e   0x0800258e   0x00000054   Code   RO         1229    i.USART_GetITStatus  stm32f10x_usart.o
    0x080025e2   0x080025e2   0x0000004a   Code   RO         1231    i.USART_ITConfig    stm32f10x_usart.o
    0x0800262c   0x0800262c   0x000000d8   Code   RO         1232    i.USART_Init        stm32f10x_usart.o
    0x08002704   0x08002704   0x0000000a   Code   RO         1239    i.USART_ReceiveData  stm32f10x_usart.o
    0x0800270e   0x0800270e   0x00000008   Code   RO         1242    i.USART_SendData    stm32f10x_usart.o
    0x08002716   0x08002716   0x00000004   Code   RO          184    i.UsageFault_Handler  stm32f10x_it.o
    0x0800271a   0x0800271a   0x00000002   PAD
    0x0800271c   0x0800271c   0x00000020   Code   RO         3885    i.__0printf         mc_w.l(printfa.o)
    0x0800273c   0x0800273c   0x00000028   Code   RO         3887    i.__0sprintf        mc_w.l(printfa.o)
    0x08002764   0x08002764   0x0000000e   Code   RO         3983    i.__scatterload_copy  mc_w.l(handlers.o)
    0x08002772   0x08002772   0x00000002   Code   RO         3984    i.__scatterload_null  mc_w.l(handlers.o)
    0x08002774   0x08002774   0x0000000e   Code   RO         3985    i.__scatterload_zeroinit  mc_w.l(handlers.o)
    0x08002782   0x08002782   0x00000002   PAD
    0x08002784   0x08002784   0x00000184   Code   RO         3892    i._fp_digits        mc_w.l(printfa.o)
    0x08002908   0x08002908   0x000006b4   Code   RO         3893    i._printf_core      mc_w.l(printfa.o)
    0x08002fbc   0x08002fbc   0x00000024   Code   RO         3894    i._printf_post_padding  mc_w.l(printfa.o)
    0x08002fe0   0x08002fe0   0x0000002e   Code   RO         3895    i._printf_pre_padding  mc_w.l(printfa.o)
    0x0800300e   0x0800300e   0x0000000a   Code   RO         3897    i._sputc            mc_w.l(printfa.o)
    0x08003018   0x08003018   0x00000024   Code   RO         2954    i.board_apply_buzzer  board_adapter.o
    0x0800303c   0x0800303c   0x00000018   Code   RO         2955    i.board_apply_led   board_adapter.o
    0x08003054   0x08003054   0x0000002c   Code   RO         2956    i.board_buzzer_gpio_init  board_adapter.o
    0x08003080   0x08003080   0x000000b8   Code   RO         2957    i.board_generate_mock_humidity  board_adapter.o
    0x08003138   0x08003138   0x000000d4   Code   RO         2958    i.board_sample_sensor  board_adapter.o
    0x0800320c   0x0800320c   0x00000036   Code   RO         3218    i.delay_ms          systick.o
    0x08003242   0x08003242   0x00000002   PAD
    0x08003244   0x08003244   0x0000005c   Code   RO         3219    i.delay_nms         systick.o
    0x080032a0   0x080032a0   0x00000024   Code   RO         3273    i.fputc             usart.o
    0x080032c4   0x080032c4   0x00000048   Code   RO         2827    i.lcd_status_clear_value_line  lcd_status.o
    0x0800330c   0x0800330c   0x0000012c   Code   RO         2828    i.lcd_status_draw_static  lcd_status.o
    0x08003438   0x08003438   0x00000044   Code   RO         2829    i.lcd_status_format_light  lcd_status.o
    0x0800347c   0x0800347c   0x000000a0   Code   RO         2830    i.lcd_status_format_temperature  lcd_status.o
    0x0800351c   0x0800351c   0x0000005c   Code   RO         2831    i.lcd_status_show_text  lcd_status.o
    0x08003578   0x08003578   0x0000001c   Code   RO         2832    i.lcd_status_show_value  lcd_status.o
    0x08003594   0x08003594   0x000001b8   Code   RO            6    i.main              main.o
    0x0800374c   0x0800374c   0x00004918   Data   RO         2650    .constdata          tftlcd.o
    0x08008064   0x08008064   0x00000044   Data   RO            7    .conststring        main.o
    0x080080a8   0x080080a8   0x00000020   Data   RO         3981    Region$$Table       anon$$obj.o


    Execution Region RW_IRAM1 (Exec base: 0x20000000, Load base: 0x080080c8, Size: 0x00000598, Max: 0x00010000, ABSOLUTE)

    Exec Addr    Load Addr    Size         Type   Attr      Idx    E Section Name        Object

    0x20000000   0x080080c8   0x00000008   Data   RW            8    .data               main.o
    0x20000008   0x080080d0   0x00000014   Data   RW          415    .data               stm32f10x_rcc.o
    0x2000001c   0x080080e4   0x0000000c   Data   RW         2651    .data               tftlcd.o
    0x20000028   0x080080f0   0x00000028   Data   RW         2833    .data               lcd_status.o
    0x20000050   0x08008118   0x00000009   Data   RW         2900    .data               gateway_uart.o
    0x20000059   0x08008121   0x00000003   PAD
    0x2000005c   0x08008124   0x00000009   Data   RW         2960    .data               board_adapter.o
    0x20000065   0x0800812d   0x00000003   PAD
    0x20000068   0x08008130   0x00000008   Data   RW         3221    .data               systick.o
    0x20000070   0x08008138   0x00000009   Data   RW         3275    .data               usart.o
    0x20000079   0x08008141   0x00000003   PAD
    0x2000007c   0x08008144   0x00000004   Data   RW         3959    .data               mc_w.l(stdout.o)
    0x20000080        -       0x00000040   Zero   RW         2899    .bss                gateway_uart.o
    0x200000c0        -       0x00000010   Zero   RW         2959    .bss                board_adapter.o
    0x200000d0        -       0x000000c8   Zero   RW         3274    .bss                usart.o
    0x20000198        -       0x00000400   Zero   RW          261    STACK               startup_stm32f10x_hd.o


==============================================================================

Image component sizes


      Code (inc. data)   RO Data    RW Data    ZI Data      Debug   Object Name

       604         50          0          0          0       3389   adc_temp.o
      1040        306          0          9         16       8306   board_adapter.o
       484         56          0          9         64       4721   gateway_uart.o
      1188        252          0         40          0       6511   lcd_status.o
        76          8          0          0          0        443   led.o
      1056        560         68          8          0     254351   main.o
       172         22          0          0          0       2057   misc.o
        36          8        304          0       1024        804   startup_stm32f10x_hd.o
       430         16          0          0          0       8516   stm32f10x_adc.o
       282          6          0          0          0       1817   stm32f10x_fsmc.o
       304          0          0          0          0       3641   stm32f10x_gpio.o
        26          0          0          0          0       3422   stm32f10x_it.o
       332         44          0         20          0       5513   stm32f10x_rcc.o
       490          6          0          0          0       7325   stm32f10x_usart.o
         8          0          0          0          0        733   system.o
       328         28          0          0          0       1769   system_stm32f10x.o
       222         30          0          8          0       2274   systick.o
      1834        100      18712         12          0      11526   tftlcd.o
       416         52          0          9        200       4026   usart.o

    ----------------------------------------------------------------------
      9352       1544      19116        124       1304     331144   Object Totals
         0          0         32          0          0          0   (incl. Generated)
        24          0          0          9          0          0   (incl. Padding)

    ----------------------------------------------------------------------

      Code (inc. data)   RO Data    RW Data    ZI Data      Debug   Library Member Name

         0          0          0          0          0          0   entry.o
         0          0          0          0          0          0   entry10a.o
         0          0          0          0          0          0   entry11a.o
         4          0          0          0          0          0   entry12b.o
         8          4          0          0          0          0   entry2.o
         4          0          0          0          0          0   entry5.o
         0          0          0          0          0          0   entry7b.o
         0          0          0          0          0          0   entry8b.o
         8          4          0          0          0          0   entry9a.o
        30          0          0          0          0          0   handlers.o
        36          8          0          0          0         68   init.o
         0          0          0          0          0          0   iusefp.o
        30          0          0          0          0         68   llshl.o
        36          0          0          0          0         68   llsshr.o
        32          0          0          0          0         68   llushr.o
        36          0          0          0          0         68   memcpya.o
      2268         96          0          0          0        616   printfa.o
         0          0          0          4          0          0   stdout.o
        28          0          0          0          0         76   strcmp.o
        18          0          0          0          0         68   strcpy.o
        24          0          0          0          0         76   strncpy.o
        44          0          0          0          0         80   uidiv.o
        98          0          0          0          0         92   uldiv.o
        48          0          0          0          0         68   cdrcmple.o
        20          0          0          0          0         68   cfcmple.o
        20          0          0          0          0         68   cfrcmple.o
       334          0          0          0          0        148   dadd.o
       222          0          0          0          0        100   ddiv.o
       186          0          0          0          0        176   depilogue.o
        62          0          0          0          0         80   dfixi.o
        48          0          0          0          0         68   dfixul.o
       228          0          0          0          0         96   dmul.o
        38          0          0          0          0         68   f2d.o
       176          0          0          0          0        140   fadd.o
       124          0          0          0          0         88   fdiv.o
       110          0          0          0          0        168   fepilogue.o
        50          0          0          0          0         68   ffixi.o
        18          0          0          0          0         68   fflti.o
        10          0          0          0          0         68   ffltui.o
       100          0          0          0          0         76   fmul.o

    ----------------------------------------------------------------------
      4500        112          0          4          0       2964   Library Totals
         2          0          0          0          0          0   (incl. Padding)

    ----------------------------------------------------------------------

      Code (inc. data)   RO Data    RW Data    ZI Data      Debug   Library Name

      2704        112          0          4          0       1348   mc_w.l
      1794          0          0          0          0       1616   mf_w.l

    ----------------------------------------------------------------------
      4500        112          0          4          0       2964   Library Totals

    ----------------------------------------------------------------------

==============================================================================


      Code (inc. data)   RO Data    RW Data    ZI Data      Debug   

     13852       1656      19116        128       1304     326720   Grand Totals
     13852       1656      19116        128       1304     326720   ELF Image Totals
     13852       1656      19116        128          0          0   ROM Totals

==============================================================================

    Total RO  Size (Code + RO Data)                32968 (  32.20kB)
    Total RW  Size (RW Data + ZI Data)              1432 (   1.40kB)
    Total ROM Size (Code + RO Data + RW Data)      33096 (  32.32kB)

==============================================================================

